../mysource/measuring.c:16:6:led_off	8	static
../mysource/measuring.c:35:6:led_all_on	8	static
../mysource/measuring.c:57:6:led_measuring_results_reflection	16	static
../mysource/measuring.c:96:6:led_accumulation	8	static
../mysource/measuring.c:240:5:conduct_acidity_loading_bar_calculation	32	static
../mysource/measuring.c:276:5:display_loading_status	32	static
../mysource/measuring.c:300:6:display_measuring_product	32	static
../mysource/measuring.c:306:6:display_product_norm	40	static
../mysource/measuring.c:328:6:display_measuring_text	48	static
../mysource/measuring.c:361:5:adc_poling	4	static
