../mysource/measuring.c:15:6:display_norm_action	8	static
../mysource/measuring.c:26:6:measuring_process	8	static
../mysource/measuring.c:38:6:display_all_measuring_process_and_led	40	static
../mysource/measuring.c:82:6:led_off	8	static
../mysource/measuring.c:101:6:led_all_on	8	static
../mysource/measuring.c:123:6:led_measuring_results_reflection	16	static
../mysource/measuring.c:162:6:led_accumulation	8	static
../mysource/measuring.c:308:5:conduct_acidity_loading_bar_calculation	32	static
../mysource/measuring.c:344:5:display_loading_status	32	static
../mysource/measuring.c:368:6:display_measuring_product	32	static
../mysource/measuring.c:374:6:display_product_norm	40	static
../mysource/measuring.c:395:6:display_measuring_text	48	static
../mysource/measuring.c:428:6:ADC_Select_Channel	32	static
../mysource/measuring.c:449:5:adc_product_detect	16	static
../mysource/measuring.c:469:5:adc_probe_polling	16	static
../mysource/measuring.c:511:6:probe_contact_group_select	16	static
