../Core/Src/main.c:179:6:HAL_GPIO_EXTI_Callback	16	static
../Core/Src/main.c:189:6:ADC_Select_Channel	32	static
../Core/Src/main.c:199:6:SPI_Flash_to_LCD	72	dynamic
../Core/Src/main.c:208:6:button_state_determ	16	static
../Core/Src/main.c:269:6:but_state_reset	4	static
../Core/Src/main.c:276:6:touch_init	8	static
../Core/Src/main.c:337:5:main	16	static
../Core/Src/main.c:476:6:SystemClock_Config	88	static
../Core/Src/main.c:523:13:MX_ADC1_Init	24	static
../Core/Src/main.c:575:13:MX_I2C1_Init	8	static
../Core/Src/main.c:609:13:MX_RTC_Init	72	static
../Core/Src/main.c:691:13:MX_SPI1_Init	8	static
../Core/Src/main.c:729:13:MX_TIM1_Init	96	static
../Core/Src/main.c:804:13:MX_TIM2_Init	64	static
../Core/Src/main.c:863:13:MX_TIM3_Init	32	static
../Core/Src/main.c:908:13:MX_TIM4_Init	32	static
../Core/Src/main.c:951:13:MX_DMA_Init	16	static
../Core/Src/main.c:972:13:MX_GPIO_Init	48	static
../Core/Src/main.c:1068:6:display_all_measuring_process_and_led	40	static
../Core/Src/main.c:1113:6:Error_Handler	4	static,ignoring_inline_asm
