../Core/Src/stm32f4xx_it.c:95:6:NMI_Handler	4	static
../Core/Src/stm32f4xx_it.c:110:6:HardFault_Handler	4	static
../Core/Src/stm32f4xx_it.c:125:6:MemManage_Handler	4	static
../Core/Src/stm32f4xx_it.c:140:6:BusFault_Handler	4	static
../Core/Src/stm32f4xx_it.c:155:6:UsageFault_Handler	4	static
../Core/Src/stm32f4xx_it.c:170:6:SVC_Handler	4	static
../Core/Src/stm32f4xx_it.c:183:6:DebugMon_Handler	4	static
../Core/Src/stm32f4xx_it.c:196:6:PendSV_Handler	4	static
../Core/Src/stm32f4xx_it.c:209:6:SysTick_Handler	8	static
../Core/Src/stm32f4xx_it.c:230:6:EXTI2_IRQHandler	8	static
../Core/Src/stm32f4xx_it.c:248:6:TIM1_UP_TIM10_IRQHandler	8	static
../Core/Src/stm32f4xx_it.c:262:6:TIM2_IRQHandler	8	static
../Core/Src/stm32f4xx_it.c:329:6:TIM3_IRQHandler	8	static
../Core/Src/stm32f4xx_it.c:343:6:TIM4_IRQHandler	8	static
../Core/Src/stm32f4xx_it.c:359:6:EXTI15_10_IRQHandler	8	static
../Core/Src/stm32f4xx_it.c:373:6:RTC_Alarm_IRQHandler	8	static
../Core/Src/stm32f4xx_it.c:394:6:DMA2_Stream0_IRQHandler	8	static
../Core/Src/stm32f4xx_it.c:408:6:DMA2_Stream3_IRQHandler	8	static
../Core/Src/stm32f4xx_it.c:422:6:OTG_FS_IRQHandler	8	static
