Archive member included to satisfy reference by file (symbol)

C:/ST/STM32CubeIDE_1.14.1/STM32CubeIDE/plugins/com.st.stm32cube.ide.mcu.externaltools.gnu-tools-for-stm32.12.3.rel1.win32_1.0.100.202403111256/tools/bin/../lib/gcc/arm-none-eabi/12.3.1/../../../../arm-none-eabi/lib/thumb/v7e-m+fp/hard\libc_nano.a(libc_a-exit.o)
                              C:/ST/STM32CubeIDE_1.14.1/STM32CubeIDE/plugins/com.st.stm32cube.ide.mcu.externaltools.gnu-tools-for-stm32.12.3.rel1.win32_1.0.100.202403111256/tools/bin/../lib/gcc/arm-none-eabi/12.3.1/../../../../arm-none-eabi/lib/thumb/v7e-m+fp/hard/crt0.o (exit)
C:/ST/STM32CubeIDE_1.14.1/STM32CubeIDE/plugins/com.st.stm32cube.ide.mcu.externaltools.gnu-tools-for-stm32.12.3.rel1.win32_1.0.100.202403111256/tools/bin/../lib/gcc/arm-none-eabi/12.3.1/../../../../arm-none-eabi/lib/thumb/v7e-m+fp/hard\libc_nano.a(libc_a-findfp.o)
                              C:/ST/STM32CubeIDE_1.14.1/STM32CubeIDE/plugins/com.st.stm32cube.ide.mcu.externaltools.gnu-tools-for-stm32.12.3.rel1.win32_1.0.100.202403111256/tools/bin/../lib/gcc/arm-none-eabi/12.3.1/../../../../arm-none-eabi/lib/thumb/v7e-m+fp/hard\libc_nano.a(libc_a-exit.o) (__stdio_exit_handler)
C:/ST/STM32CubeIDE_1.14.1/STM32CubeIDE/plugins/com.st.stm32cube.ide.mcu.externaltools.gnu-tools-for-stm32.12.3.rel1.win32_1.0.100.202403111256/tools/bin/../lib/gcc/arm-none-eabi/12.3.1/../../../../arm-none-eabi/lib/thumb/v7e-m+fp/hard\libc_nano.a(libc_a-fwalk.o)
                              C:/ST/STM32CubeIDE_1.14.1/STM32CubeIDE/plugins/com.st.stm32cube.ide.mcu.externaltools.gnu-tools-for-stm32.12.3.rel1.win32_1.0.100.202403111256/tools/bin/../lib/gcc/arm-none-eabi/12.3.1/../../../../arm-none-eabi/lib/thumb/v7e-m+fp/hard\libc_nano.a(libc_a-findfp.o) (_fwalk_sglue)
C:/ST/STM32CubeIDE_1.14.1/STM32CubeIDE/plugins/com.st.stm32cube.ide.mcu.externaltools.gnu-tools-for-stm32.12.3.rel1.win32_1.0.100.202403111256/tools/bin/../lib/gcc/arm-none-eabi/12.3.1/../../../../arm-none-eabi/lib/thumb/v7e-m+fp/hard\libc_nano.a(libc_a-sprintf.o)
                              ./mysource/measuring.o (sprintf)
C:/ST/STM32CubeIDE_1.14.1/STM32CubeIDE/plugins/com.st.stm32cube.ide.mcu.externaltools.gnu-tools-for-stm32.12.3.rel1.win32_1.0.100.202403111256/tools/bin/../lib/gcc/arm-none-eabi/12.3.1/../../../../arm-none-eabi/lib/thumb/v7e-m+fp/hard\libc_nano.a(libc_a-stdio.o)
                              C:/ST/STM32CubeIDE_1.14.1/STM32CubeIDE/plugins/com.st.stm32cube.ide.mcu.externaltools.gnu-tools-for-stm32.12.3.rel1.win32_1.0.100.202403111256/tools/bin/../lib/gcc/arm-none-eabi/12.3.1/../../../../arm-none-eabi/lib/thumb/v7e-m+fp/hard\libc_nano.a(libc_a-findfp.o) (__sread)
C:/ST/STM32CubeIDE_1.14.1/STM32CubeIDE/plugins/com.st.stm32cube.ide.mcu.externaltools.gnu-tools-for-stm32.12.3.rel1.win32_1.0.100.202403111256/tools/bin/../lib/gcc/arm-none-eabi/12.3.1/../../../../arm-none-eabi/lib/thumb/v7e-m+fp/hard\libc_nano.a(libc_a-memset.o)
                              C:/ST/STM32CubeIDE_1.14.1/STM32CubeIDE/plugins/com.st.stm32cube.ide.mcu.externaltools.gnu-tools-for-stm32.12.3.rel1.win32_1.0.100.202403111256/tools/bin/../lib/gcc/arm-none-eabi/12.3.1/../../../../arm-none-eabi/lib/thumb/v7e-m+fp/hard/crt0.o (memset)
C:/ST/STM32CubeIDE_1.14.1/STM32CubeIDE/plugins/com.st.stm32cube.ide.mcu.externaltools.gnu-tools-for-stm32.12.3.rel1.win32_1.0.100.202403111256/tools/bin/../lib/gcc/arm-none-eabi/12.3.1/../../../../arm-none-eabi/lib/thumb/v7e-m+fp/hard\libc_nano.a(libc_a-closer.o)
                              C:/ST/STM32CubeIDE_1.14.1/STM32CubeIDE/plugins/com.st.stm32cube.ide.mcu.externaltools.gnu-tools-for-stm32.12.3.rel1.win32_1.0.100.202403111256/tools/bin/../lib/gcc/arm-none-eabi/12.3.1/../../../../arm-none-eabi/lib/thumb/v7e-m+fp/hard\libc_nano.a(libc_a-stdio.o) (_close_r)
C:/ST/STM32CubeIDE_1.14.1/STM32CubeIDE/plugins/com.st.stm32cube.ide.mcu.externaltools.gnu-tools-for-stm32.12.3.rel1.win32_1.0.100.202403111256/tools/bin/../lib/gcc/arm-none-eabi/12.3.1/../../../../arm-none-eabi/lib/thumb/v7e-m+fp/hard\libc_nano.a(libc_a-reent.o)
                              C:/ST/STM32CubeIDE_1.14.1/STM32CubeIDE/plugins/com.st.stm32cube.ide.mcu.externaltools.gnu-tools-for-stm32.12.3.rel1.win32_1.0.100.202403111256/tools/bin/../lib/gcc/arm-none-eabi/12.3.1/../../../../arm-none-eabi/lib/thumb/v7e-m+fp/hard\libc_nano.a(libc_a-closer.o) (errno)
C:/ST/STM32CubeIDE_1.14.1/STM32CubeIDE/plugins/com.st.stm32cube.ide.mcu.externaltools.gnu-tools-for-stm32.12.3.rel1.win32_1.0.100.202403111256/tools/bin/../lib/gcc/arm-none-eabi/12.3.1/../../../../arm-none-eabi/lib/thumb/v7e-m+fp/hard\libc_nano.a(libc_a-impure.o)
                              C:/ST/STM32CubeIDE_1.14.1/STM32CubeIDE/plugins/com.st.stm32cube.ide.mcu.externaltools.gnu-tools-for-stm32.12.3.rel1.win32_1.0.100.202403111256/tools/bin/../lib/gcc/arm-none-eabi/12.3.1/../../../../arm-none-eabi/lib/thumb/v7e-m+fp/hard\libc_nano.a(libc_a-sprintf.o) (_impure_ptr)
[...]
Memory Configuration

Name             Origin             Length             Attributes
RAM              0x20000000         0x00010000         xrw
FLASH            0x08000000         0x00040000         xr
*default*        0x00000000         0xffffffff

Linker script and memory map

LOAD C:/ST/STM32CubeIDE_1.14.1/STM32CubeIDE/plugins/com.st.stm32cube.ide.mcu.externaltools.gnu-tools-for-stm32.12.3.rel1.win32_1.0.100.202403111256/tools/bin/../lib/gcc/arm-none-eabi/12.3.1/thumb/v7e-m+fp/hard/crti.o
LOAD C:/ST/STM32CubeIDE_1.14.1/STM32CubeIDE/plugins/com.st.stm32cube.ide.mcu.externaltools.gnu-tools-for-stm32.12.3.rel1.win32_1.0.100.202403111256/tools/bin/../lib/gcc/arm-none-eabi/12.3.1/thumb/v7e-m+fp/hard/crtbegin.o
LOAD C:/ST/STM32CubeIDE_1.14.1/STM32CubeIDE/plugins/com.st.stm32cube.ide.mcu.externaltools.gnu-tools-for-stm32.12.3.rel1.win32_1.0.100.202403111256/tools/bin/../lib/gcc/arm-none-eabi/12.3.1/../../../../arm-none-eabi/lib/thumb/v7e-m+fp/hard/crt0.o
LOAD ./Core/Src/main.o
LOAD ./Core/Src/stm32f4xx_hal_msp.o
LOAD ./Core/Src/stm32f4xx_it.o
LOAD ./Core/Src/syscalls.o
LOAD ./Core/Src/sysmem.o
LOAD ./Core/Src/system_stm32f4xx.o
LOAD ./Core/Startup/startup_stm32f401rctx.o
LOAD ./Drivers/STM32F4xx_HAL_Driver/Src/stm32f4xx_hal.o
LOAD ./Drivers/STM32F4xx_HAL_Driver/Src/stm32f4xx_hal_adc.o
LOAD ./Drivers/STM32F4xx_HAL_Driver/Src/stm32f4xx_hal_adc_ex.o
LOAD ./Drivers/STM32F4xx_HAL_Driver/Src/stm32f4xx_hal_cortex.o
LOAD ./Drivers/STM32F4xx_HAL_Driver/Src/stm32f4xx_hal_dma.o
LOAD ./Drivers/STM32F4xx_HAL_Driver/Src/stm32f4xx_hal_dma_ex.o
LOAD ./Drivers/STM32F4xx_HAL_Driver/Src/stm32f4xx_hal_exti.o
LOAD ./Drivers/STM32F4xx_HAL_Driver/Src/stm32f4xx_hal_flash.o
LOAD ./Drivers/STM32F4xx_HAL_Driver/Src/stm32f4xx_hal_flash_ex.o
LOAD ./Drivers/STM32F4xx_HAL_Driver/Src/stm32f4xx_hal_flash_ramfunc.o
LOAD ./Drivers/STM32F4xx_HAL_Driver/Src/stm32f4xx_hal_gpio.o
LOAD ./Drivers/STM32F4xx_HAL_Driver/Src/stm32f4xx_hal_i2c.o
LOAD ./Drivers/STM32F4xx_HAL_Driver/Src/stm32f4xx_hal_i2c_ex.o
LOAD ./Drivers/STM32F4xx_HAL_Driver/Src/stm32f4xx_hal_pcd.o
LOAD ./Drivers/STM32F4xx_HAL_Driver/Src/stm32f4xx_hal_pcd_ex.o
LOAD ./Drivers/STM32F4xx_HAL_Driver/Src/stm32f4xx_hal_pwr.o
LOAD ./Drivers/STM32F4xx_HAL_Driver/Src/stm32f4xx_hal_pwr_ex.o
LOAD ./Drivers/STM32F4xx_HAL_Driver/Src/stm32f4xx_hal_rcc.o
LOAD ./Drivers/STM32F4xx_HAL_Driver/Src/stm32f4xx_hal_rcc_ex.o
LOAD ./Drivers/STM32F4xx_HAL_Driver/Src/stm32f4xx_hal_rtc.o
LOAD ./Drivers/STM32F4xx_HAL_Driver/Src/stm32f4xx_hal_rtc_ex.o
LOAD ./Drivers/STM32F4xx_HAL_Driver/Src/stm32f4xx_hal_spi.o
LOAD ./Drivers/STM32F4xx_HAL_Driver/Src/stm32f4xx_hal_tim.o
LOAD ./Drivers/STM32F4xx_HAL_Driver/Src/stm32f4xx_hal_tim_ex.o
LOAD ./Drivers/STM32F4xx_HAL_Driver/Src/stm32f4xx_ll_adc.o
LOAD ./Drivers/STM32F4xx_HAL_Driver/Src/stm32f4xx_ll_usb.o
LOAD ./Middlewares/ST/STM32_USB_Device_Library/Class/CDC/Src/usbd_cdc.o
LOAD ./Middlewares/ST/STM32_USB_Device_Library/Core/Src/usbd_core.o
LOAD ./Middlewares/ST/STM32_USB_Device_Library/Core/Src/usbd_ctlreq.o
LOAD ./Middlewares/ST/STM32_USB_Device_Library/Core/Src/usbd_ioreq.o
LOAD ./ST7735_src/fonts.o
LOAD ./ST7735_src/images.o
LOAD ./ST7735_src/st7735.o
LOAD ./USB_DEVICE/App/usb_device.o
LOAD ./USB_DEVICE/App/usbd_cdc_if.o
LOAD ./USB_DEVICE/App/usbd_desc.o
LOAD ./USB_DEVICE/Target/usbd_conf.o
LOAD ./mysource/button.o
LOAD ./mysource/measuring.o
LOAD ./mysource/page_select.o
LOAD ./mysource/product_selection.o
LOAD ./mysource/product_struct.o
LOAD ./mysource/touch.o
LOAD ./w25qxx/w25qxx.o
START GROUP
LOAD C:/ST/STM32CubeIDE_1.14.1/STM32CubeIDE/plugins/com.st.stm32cube.ide.mcu.externaltools.gnu-tools-for-stm32.12.3.rel1.win32_1.0.100.202403111256/tools/bin/../lib/gcc/arm-none-eabi/12.3.1/../../../../arm-none-eabi/lib/thumb/v7e-m+fp/hard\libc_nano.a
LOAD C:/ST/STM32CubeIDE_1.14.1/STM32CubeIDE/plugins/com.st.stm32cube.ide.mcu.externaltools.gnu-tools-for-stm32.12.3.rel1.win32_1.0.100.202403111256/tools/bin/../lib/gcc/arm-none-eabi/12.3.1/../../../../arm-none-eabi/lib/thumb/v7e-m+fp/hard\libm.a
END GROUP
START GROUP
LOAD C:/ST/STM32CubeIDE_1.14.1/STM32CubeIDE/plugins/com.st.stm32cube.ide.mcu.externaltools.gnu-tools-for-stm32.12.3.rel1.win32_1.0.100.202403111256/tools/bin/../lib/gcc/arm-none-eabi/12.3.1/thumb/v7e-m+fp/hard\libgcc.a
LOAD C:/ST/STM32CubeIDE_1.14.1/STM32CubeIDE/plugins/com.st.stm32cube.ide.mcu.externaltools.gnu-tools-for-stm32.12.3.rel1.win32_1.0.100.202403111256/tools/bin/../lib/gcc/arm-none-eabi/12.3.1/../../../../arm-none-eabi/lib/thumb/v7e-m+fp/hard\libc_nano.a
END GROUP
START GROUP
LOAD C:/ST/STM32CubeIDE_1.14.1/STM32CubeIDE/plugins/com.st.stm32cube.ide.mcu.externaltools.gnu-tools-for-stm32.12.3.rel1.win32_1.0.100.202403111256/tools/bin/../lib/gcc/arm-none-eabi/12.3.1/thumb/v7e-m+fp/hard\libgcc.a
LOAD C:/ST/STM32CubeIDE_1.14.1/STM32CubeIDE/plugins/com.st.stm32cube.ide.mcu.externaltools.gnu-tools-for-stm32.12.3.rel1.win32_1.0.100.202403111256/tools/bin/../lib/gcc/arm-none-eabi/12.3.1/../../../../arm-none-eabi/lib/thumb/v7e-m+fp/hard\libc_nano.a
LOAD C:/ST/STM32CubeIDE_1.14.1/STM32CubeIDE/plugins/com.st.stm32cube.ide.mcu.externaltools.gnu-tools-for-stm32.12.3.rel1.win32_1.0.100.202403111256/tools/bin/../lib/gcc/arm-none-eabi/12.3.1/../../../../arm-none-eabi/lib/thumb/v7e-m+fp/hard\libnosys.a
END GROUP
START GROUP
LOAD C:/ST/STM32CubeIDE_1.14.1/STM32CubeIDE/plugins/com.st.stm32cube.ide.mcu.externaltools.gnu-tools-for-stm32.12.3.rel1.win32_1.0.100.202403111256/tools/bin/../lib/gcc/arm-none-eabi/12.3.1/thumb/v7e-m+fp/hard\libgcc.a
LOAD C:/ST/STM32CubeIDE_1.14.1/STM32CubeIDE/plugins/com.st.stm32cube.ide.mcu.externaltools.gnu-tools-for-stm32.12.3.rel1.win32_1.0.100.202403111256/tools/bin/../lib/gcc/arm-none-eabi/12.3.1/../../../../arm-none-eabi/lib/thumb/v7e-m+fp/hard\libc_nano.a
LOAD C:/ST/STM32CubeIDE_1.14.1/STM32CubeIDE/plugins/com.st.stm32cube.ide.mcu.externaltools.gnu-tools-for-stm32.12.3.rel1.win32_1.0.100.202403111256/tools/bin/../lib/gcc/arm-none-eabi/12.3.1/../../../../arm-none-eabi/lib/thumb/v7e-m+fp/hard\libnosys.a
END GROUP
LOAD C:/ST/STM32CubeIDE_1.14.1/STM32CubeIDE/plugins/com.st.stm32cube.ide.mcu.externaltools.gnu-tools-for-stm32.12.3.rel1.win32_1.0.100.202403111256/tools/bin/../lib/gcc/arm-none-eabi/12.3.1/thumb/v7e-m+fp/hard/crtend.o
LOAD C:/ST/STM32CubeIDE_1.14.1/STM32CubeIDE/plugins/com.st.stm32cube.ide.mcu.externaltools.gnu-tools-for-stm32.12.3.rel1.win32_1.0.100.202403111256/tools/bin/../lib/gcc/arm-none-eabi/12.3.1/thumb/v7e-m+fp/hard/crtn.o
                0x20010000                        _estack = (ORIGIN (RAM) + LENGTH (RAM))
                0x00000200                        _Min_Heap_Size = 0x200
                0x00000400                        _Min_Stack_Size = 0x400

.isr_vector     0x08000000      0x194
                0x08000000                        . = ALIGN (0x4)
 *(.isr_vector)
 .isr_vector    0x08000000      0x194 ./Core/Startup/startup_stm32f401rctx.o
                0x08000000                g_pfnVectors
                0x08000194                        . = ALIGN (0x4)

.text           0x080001a0     0xdc84
                0x080001a0                        . = ALIGN (0x4)
 *(.text)
 .text          0x080001a0       0x40 C:/ST/STM32CubeIDE_1.14.1/STM32CubeIDE/plugins/com.st.stm32cube.ide.mcu.externaltools.gnu-tools-for-stm32.12.3.rel1.win32_1.0.100.202403111256/tools/bin/../lib/gcc/arm-none-eabi/12.3.1/thumb/v7e-m+fp/hard/crtbegin.o
 .text          0x080001e0       0xa0 C:/ST/STM32CubeIDE_1.14.1/STM32CubeIDE/plugins/com.st.stm32cube.ide.mcu.externaltools.gnu-tools-for-stm32.12.3.rel1.win32_1.0.100.202403111256/tools/bin/../lib/gcc/arm-none-eabi/12.3.1/../../../../arm-none-eabi/lib/thumb/v7e-m+fp/hard\libc_nano.a(libc_a-memchr.o)
                0x080001e0                memchr
 .text          0x08000280       0x30 C:/ST/STM32CubeIDE_1.14.1/STM32CubeIDE/plugins/com.st.stm32cube.ide.mcu.externaltools.gnu-tools-for-stm32.12.3.rel1.win32_1.0.100.202403111256/tools/bin/../lib/gcc/arm-none-eabi/12.3.1/thumb/v7e-m+fp/hard\libgcc.a(_aeabi_uldivmod.o)
                0x08000280                __aeabi_uldivmod
 .text          0x080002b0      0x2bc C:/ST/STM32CubeIDE_1.14.1/STM32CubeIDE/plugins/com.st.stm32cube.ide.mcu.externaltools.gnu-tools-for-stm32.12.3.rel1.win32_1.0.100.202403111256/tools/bin/../lib/gcc/arm-none-eabi/12.3.1/thumb/v7e-m+fp/hard\libgcc.a(_udivmoddi4.o)
                0x080002b0                __udivmoddi4
 .text          0x0800056c        0x4 C:/ST/STM32CubeIDE_1.14.1/STM32CubeIDE/plugins/com.st.stm32cube.ide.mcu.externaltools.gnu-tools-for-stm32.12.3.rel1.win32_1.0.100.202403111256/tools/bin/../lib/gcc/arm-none-eabi/12.3.1/thumb/v7e-m+fp/hard\libgcc.a(_dvmd_tls.o)
                0x0800056c                __aeabi_idiv0
                0x0800056c                __aeabi_ldiv0
 *(.text*)
 .text.HAL_GPIO_EXTI_Callback
                0x08000570       0x28 ./Core/Src/main.o
                0x08000570                HAL_GPIO_EXTI_Callback
 .text.main     0x08000598       0xfc ./Core/Src/main.o
                0x08000598                main
 .text.SystemClock_Config
                0x08000694       0xd8 ./Core/Src/main.o
                0x08000694                SystemClock_Config
 .text.MX_ADC1_Init
                0x0800076c       0xa4 ./Core/Src/main.o
 .text.MX_I2C1_Init
                0x08000810       0x5c ./Core/Src/main.o
 .text.MX_RTC_Init
                0x0800086c      0x11c ./Core/Src/main.o
 .text.MX_SPI1_Init
                0x08000988       0x6c ./Core/Src/main.o
 .text.MX_TIM1_Init
                0x080009f4      0x140 ./Core/Src/main.o
 .text.MX_TIM2_Init
                0x08000b34       0xec ./Core/Src/main.o
 .text.MX_TIM3_Init
                0x08000c20       0xac ./Core/Src/main.o
 .text.MX_TIM4_Init
                0x08000ccc       0x9c ./Core/Src/main.o
 .text.MX_DMA_Init
                0x08000d68       0x50 ./Core/Src/main.o
 .text.MX_GPIO_Init
                0x08000db8      0x1dc ./Core/Src/main.o
 .text.Error_Handler
                0x08000f94        0xc ./Core/Src/main.o
                0x08000f94                Error_Handler
 .text.HAL_MspInit
                0x08000fa0       0x50 ./Core/Src/stm32f4xx_hal_msp.o
                0x08000fa0                HAL_MspInit
 .text.HAL_ADC_MspInit
                0x08000ff0       0x88 ./Core/Src/stm32f4xx_hal_msp.o
                0x08000ff0                HAL_ADC_MspInit
 .text.HAL_I2C_MspInit
                0x08001078       0x90 ./Core/Src/stm32f4xx_hal_msp.o
                0x08001078                HAL_I2C_MspInit
 .text.HAL_RTC_MspInit
                0x08001108       0x68 ./Core/Src/stm32f4xx_hal_msp.o
                0x08001108                HAL_RTC_MspInit
 .text.HAL_SPI_MspInit
                0x08001170      0x158 ./Core/Src/stm32f4xx_hal_msp.o
                0x08001170                HAL_SPI_MspInit
 .text.HAL_TIM_Base_MspInit
                0x080012c8      0x100 ./Core/Src/stm32f4xx_hal_msp.o
                0x080012c8                HAL_TIM_Base_MspInit
 .text.HAL_TIM_MspPostInit
                0x080013c8       0xc4 ./Core/Src/stm32f4xx_hal_msp.o
                0x080013c8                HAL_TIM_MspPostInit
 .text.NMI_Handler
                0x0800148c        0x8 ./Core/Src/stm32f4xx_it.o
                0x0800148c                NMI_Handler
 .text.HardFault_Handler
                0x08001494        0x8 ./Core/Src/stm32f4xx_it.o
                0x08001494                HardFault_Handler
 .text.MemManage_Handler
                0x0800149c        0x8 ./Core/Src/stm32f4xx_it.o
                0x0800149c                MemManage_Handler
 .text.BusFault_Handler
                0x080014a4        0x8 ./Core/Src/stm32f4xx_it.o
                0x080014a4                BusFault_Handler
 .text.UsageFault_Handler
                0x080014ac        0x8 ./Core/Src/stm32f4xx_it.o
                0x080014ac                UsageFault_Handler
 .text.SVC_Handler
                0x080014b4        0xe ./Core/Src/stm32f4xx_it.o
                0x080014b4                SVC_Handler
 .text.DebugMon_Handler
                0x080014c2        0xe ./Core/Src/stm32f4xx_it.o
                0x080014c2                DebugMon_Handler
 .text.PendSV_Handler
                0x080014d0        0xe ./Core/Src/stm32f4xx_it.o
                0x080014d0                PendSV_Handler
 .text.SysTick_Handler
                0x080014de        0xc ./Core/Src/stm32f4xx_it.o
                0x080014de                SysTick_Handler
 .text.EXTI2_IRQHandler
                0x080014ea        0xe ./Core/Src/stm32f4xx_it.o
                0x080014ea                EXTI2_IRQHandler
 .text.TIM1_UP_TIM10_IRQHandler
                0x080014f8       0x14 ./Core/Src/stm32f4xx_it.o
                0x080014f8                TIM1_UP_TIM10_IRQHandler
 .text.TIM2_IRQHandler
                0x0800150c      0x194 ./Core/Src/stm32f4xx_it.o
                0x0800150c                TIM2_IRQHandler
 .text.TIM3_IRQHandler
                0x080016a0       0x14 ./Core/Src/stm32f4xx_it.o
                0x080016a0                TIM3_IRQHandler
 .text.TIM4_IRQHandler
                0x080016b4       0x14 ./Core/Src/stm32f4xx_it.o
                0x080016b4                TIM4_IRQHandler
 .text.EXTI15_10_IRQHandler
                0x080016c8       0x10 ./Core/Src/stm32f4xx_it.o
                0x080016c8                EXTI15_10_IRQHandler
 .text.RTC_Alarm_IRQHandler
                0x080016d8       0x48 ./Core/Src/stm32f4xx_it.o
                0x080016d8                RTC_Alarm_IRQHandler
 .text.DMA2_Stream0_IRQHandler
                0x08001720       0x14 ./Core/Src/stm32f4xx_it.o
                0x08001720                DMA2_Stream0_IRQHandler
 .text.DMA2_Stream3_IRQHandler
                0x08001734       0x14 ./Core/Src/stm32f4xx_it.o
                0x08001734                DMA2_Stream3_IRQHandler
 .text.OTG_FS_IRQHandler
                0x08001748       0x14 ./Core/Src/stm32f4xx_it.o
                0x08001748                OTG_FS_IRQHandler
 .text._sbrk    0x0800175c       0x6c ./Core/Src/sysmem.o
                0x0800175c                _sbrk
 .text.SystemInit
                0x080017c8       0x24 ./Core/Src/system_stm32f4xx.o
                0x080017c8                SystemInit
 .text.Reset_Handler
                0x080017ec       0x50 ./Core/Startup/startup_stm32f401rctx.o
                0x080017ec                Reset_Handler
 .text.Default_Handler
                0x0800183c        0x2 ./Core/Startup/startup_stm32f401rctx.o
                0x0800183c                SPI4_IRQHandler
                0x0800183c                TIM1_CC_IRQHandler
                0x0800183c                DMA2_Stream5_IRQHandler
                0x0800183c                DMA1_Stream5_IRQHandler
                0x0800183c                PVD_IRQHandler
                0x0800183c                SDIO_IRQHandler
                0x0800183c                TAMP_STAMP_IRQHandler
                0x0800183c                EXTI3_IRQHandler
                0x0800183c                I2C3_ER_IRQHandler
                0x0800183c                EXTI0_IRQHandler
                0x0800183c                I2C2_EV_IRQHandler
                0x0800183c                DMA1_Stream2_IRQHandler
                0x0800183c                FPU_IRQHandler
                0x0800183c                DMA2_Stream2_IRQHandler
                0x0800183c                SPI1_IRQHandler
                0x0800183c                TIM1_BRK_TIM9_IRQHandler
                0x0800183c                USART6_IRQHandler
                0x0800183c                I2C1_EV_IRQHandler
                0x0800183c                DMA1_Stream6_IRQHandler
                0x0800183c                DMA1_Stream1_IRQHandler
                0x0800183c                RCC_IRQHandler
                0x0800183c                Default_Handler
                0x0800183c                ADC_IRQHandler
                0x0800183c                DMA1_Stream7_IRQHandler
                0x0800183c                TIM5_IRQHandler
                0x0800183c                DMA2_Stream7_IRQHandler
                0x0800183c                I2C3_EV_IRQHandler
                0x0800183c                EXTI9_5_IRQHandler
                0x0800183c                RTC_WKUP_IRQHandler
                0x0800183c                SPI2_IRQHandler
                0x0800183c                DMA1_Stream0_IRQHandler
                0x0800183c                EXTI4_IRQHandler
                0x0800183c                WWDG_IRQHandler
                0x0800183c                OTG_FS_WKUP_IRQHandler
                0x0800183c                TIM1_TRG_COM_TIM11_IRQHandler
                0x0800183c                EXTI1_IRQHandler
                0x0800183c                USART2_IRQHandler
                0x0800183c                I2C2_ER_IRQHandler
                0x0800183c                DMA2_Stream1_IRQHandler
                0x0800183c                FLASH_IRQHandler
                0x0800183c                DMA2_Stream4_IRQHandler
                0x0800183c                USART1_IRQHandler
                0x0800183c                SPI3_IRQHandler
                0x0800183c                DMA1_Stream4_IRQHandler
                0x0800183c                I2C1_ER_IRQHandler
                0x0800183c                DMA2_Stream6_IRQHandler
                0x0800183c                DMA1_Stream3_IRQHandler
 *fill*         0x0800183e        0x2 
 .text.HAL_Init
                0x08001840       0x44 ./Drivers/STM32F4xx_HAL_Driver/Src/stm32f4xx_hal.o
                0x08001840                HAL_Init
 .text.HAL_InitTick
                0x08001884       0x60 ./Drivers/STM32F4xx_HAL_Driver/Src/stm32f4xx_hal.o
                0x08001884                HAL_InitTick
 .text.HAL_IncTick
                0x080018e4       0x28 ./Drivers/STM32F4xx_HAL_Driver/Src/stm32f4xx_hal.o
                0x080018e4                HAL_IncTick
 .text.HAL_GetTick
                0x0800190c       0x18 ./Drivers/STM32F4xx_HAL_Driver/Src/stm32f4xx_hal.o
                0x0800190c                HAL_GetTick
 .text.HAL_Delay
                0x08001924       0x48 ./Drivers/STM32F4xx_HAL_Driver/Src/stm32f4xx_hal.o
                0x08001924                HAL_Delay
 .text.HAL_ADC_Init
                0x0800196c       0x86 ./Drivers/STM32F4xx_HAL_Driver/Src/stm32f4xx_hal_adc.o
                0x0800196c                HAL_ADC_Init
 *fill*         0x080019f2        0x2 
 .text.HAL_ADC_ConfigChannel
                0x080019f4      0x244 ./Drivers/STM32F4xx_HAL_Driver/Src/stm32f4xx_hal_adc.o
                0x080019f4                HAL_ADC_ConfigChannel
 .text.ADC_Init
                0x08001c38      0x1f8 ./Drivers/STM32F4xx_HAL_Driver/Src/stm32f4xx_hal_adc.o
 .text.__NVIC_SetPriorityGrouping
                0x08001e30       0x48 ./Drivers/STM32F4xx_HAL_Driver/Src/stm32f4xx_hal_cortex.o
 .text.__NVIC_GetPriorityGrouping
                0x08001e78       0x1c ./Drivers/STM32F4xx_HAL_Driver/Src/stm32f4xx_hal_cortex.o
 .text.__NVIC_EnableIRQ
                0x08001e94       0x3c ./Drivers/STM32F4xx_HAL_Driver/Src/stm32f4xx_hal_cortex.o
 .text.__NVIC_SetPriority
                0x08001ed0       0x54 ./Drivers/STM32F4xx_HAL_Driver/Src/stm32f4xx_hal_cortex.o
 .text.NVIC_EncodePriority
                0x08001f24       0x66 ./Drivers/STM32F4xx_HAL_Driver/Src/stm32f4xx_hal_cortex.o
 *fill*         0x08001f8a        0x2 
 .text.SysTick_Config
                0x08001f8c       0x44 ./Drivers/STM32F4xx_HAL_Driver/Src/stm32f4xx_hal_cortex.o
 .text.HAL_NVIC_SetPriorityGrouping
                0x08001fd0       0x16 ./Drivers/STM32F4xx_HAL_Driver/Src/stm32f4xx_hal_cortex.o
                0x08001fd0                HAL_NVIC_SetPriorityGrouping
 .text.HAL_NVIC_SetPriority
                0x08001fe6       0x38 ./Drivers/STM32F4xx_HAL_Driver/Src/stm32f4xx_hal_cortex.o
                0x08001fe6                HAL_NVIC_SetPriority
 .text.HAL_NVIC_EnableIRQ
                0x0800201e       0x1c ./Drivers/STM32F4xx_HAL_Driver/Src/stm32f4xx_hal_cortex.o
                0x0800201e                HAL_NVIC_EnableIRQ
 .text.HAL_SYSTICK_Config
                0x0800203a       0x18 ./Drivers/STM32F4xx_HAL_Driver/Src/stm32f4xx_hal_cortex.o
                0x0800203a                HAL_SYSTICK_Config
 *fill*         0x08002052        0x2 
 .text.HAL_DMA_Init
                0x08002054      0x15c ./Drivers/STM32F4xx_HAL_Driver/Src/stm32f4xx_hal_dma.o
                0x08002054                HAL_DMA_Init
 .text.HAL_DMA_IRQHandler
                0x080021b0      0x314 ./Drivers/STM32F4xx_HAL_Driver/Src/stm32f4xx_hal_dma.o
                0x080021b0                HAL_DMA_IRQHandler
 .text.DMA_CalcBaseAndBitshift
                0x080024c4       0x6c ./Drivers/STM32F4xx_HAL_Driver/Src/stm32f4xx_hal_dma.o
 .text.DMA_CheckFifoParam
                0x08002530       0xf8 ./Drivers/STM32F4xx_HAL_Driver/Src/stm32f4xx_hal_dma.o
 .text.HAL_GPIO_Init
                0x08002628      0x308 ./Drivers/STM32F4xx_HAL_Driver/Src/stm32f4xx_hal_gpio.o
                0x08002628                HAL_GPIO_Init
 .text.HAL_GPIO_ReadPin
                0x08002930       0x30 ./Drivers/STM32F4xx_HAL_Driver/Src/stm32f4xx_hal_gpio.o
                0x08002930                HAL_GPIO_ReadPin
 .text.HAL_GPIO_WritePin
                0x08002960       0x32 ./Drivers/STM32F4xx_HAL_Driver/Src/stm32f4xx_hal_gpio.o
                0x08002960                HAL_GPIO_WritePin
 *fill*         0x08002992        0x2 
 .text.HAL_GPIO_EXTI_IRQHandler
                0x08002994       0x30 ./Drivers/STM32F4xx_HAL_Driver/Src/stm32f4xx_hal_gpio.o
                0x08002994                HAL_GPIO_EXTI_IRQHandler
 .text.HAL_I2C_Init
                0x080029c4      0x288 ./Drivers/STM32F4xx_HAL_Driver/Src/stm32f4xx_hal_i2c.o
                0x080029c4                HAL_I2C_Init
 .text.HAL_I2C_Mem_Write
                0x08002c4c      0x1f4 ./Drivers/STM32F4xx_HAL_Driver/Src/stm32f4xx_hal_i2c.o
                0x08002c4c                HAL_I2C_Mem_Write
 .text.HAL_I2C_Mem_Read
                0x08002e40      0x44c ./Drivers/STM32F4xx_HAL_Driver/Src/stm32f4xx_hal_i2c.o
                0x08002e40                HAL_I2C_Mem_Read
 .text.I2C_RequestMemoryWrite
                0x0800328c      0x12c ./Drivers/STM32F4xx_HAL_Driver/Src/stm32f4xx_hal_i2c.o
 .text.I2C_RequestMemoryRead
                0x080033b8      0x1d0 ./Drivers/STM32F4xx_HAL_Driver/Src/stm32f4xx_hal_i2c.o
 .text.I2C_WaitOnFlagUntilTimeout
                0x08003588       0xae ./Drivers/STM32F4xx_HAL_Driver/Src/stm32f4xx_hal_i2c.o
 .text.I2C_WaitOnMasterAddressFlagUntilTimeout
                0x08003636       0xfe ./Drivers/STM32F4xx_HAL_Driver/Src/stm32f4xx_hal_i2c.o
 .text.I2C_WaitOnTXEFlagUntilTimeout
                0x08003734       0x82 ./Drivers/STM32F4xx_HAL_Driver/Src/stm32f4xx_hal_i2c.o
 .text.I2C_WaitOnBTFFlagUntilTimeout
                0x080037b6       0x82 ./Drivers/STM32F4xx_HAL_Driver/Src/stm32f4xx_hal_i2c.o
 .text.I2C_WaitOnRXNEFlagUntilTimeout
                0x08003838       0xac ./Drivers/STM32F4xx_HAL_Driver/Src/stm32f4xx_hal_i2c.o
 .text.I2C_IsAcknowledgeFailed
                0x080038e4       0x5e ./Drivers/STM32F4xx_HAL_Driver/Src/stm32f4xx_hal_i2c.o
 .text.HAL_PCD_Init
                0x08003942      0x23a ./Drivers/STM32F4xx_HAL_Driver/Src/stm32f4xx_hal_pcd.o
                0x08003942                HAL_PCD_Init
 .text.HAL_PCD_Start
                0x08003b7c       0x66 ./Drivers/STM32F4xx_HAL_Driver/Src/stm32f4xx_hal_pcd.o
                0x08003b7c                HAL_PCD_Start
 .text.HAL_PCD_IRQHandler
                0x08003be2      0x93e ./Drivers/STM32F4xx_HAL_Driver/Src/stm32f4xx_hal_pcd.o
                0x08003be2                HAL_PCD_IRQHandler
 .text.HAL_PCD_SetAddress
                0x08004520       0x4a ./Drivers/STM32F4xx_HAL_Driver/Src/stm32f4xx_hal_pcd.o
                0x08004520                HAL_PCD_SetAddress
 .text.HAL_PCD_EP_Open
                0x0800456a       0xd0 ./Drivers/STM32F4xx_HAL_Driver/Src/stm32f4xx_hal_pcd.o
                0x0800456a                HAL_PCD_EP_Open
 .text.HAL_PCD_EP_Close
                0x0800463a       0x94 ./Drivers/STM32F4xx_HAL_Driver/Src/stm32f4xx_hal_pcd.o
                0x0800463a                HAL_PCD_EP_Close
 .text.HAL_PCD_EP_Receive
                0x080046ce       0x96 ./Drivers/STM32F4xx_HAL_Driver/Src/stm32f4xx_hal_pcd.o
                0x080046ce                HAL_PCD_EP_Receive
 .text.HAL_PCD_EP_GetRxCount
                0x08004764       0x30 ./Drivers/STM32F4xx_HAL_Driver/Src/stm32f4xx_hal_pcd.o
                0x08004764                HAL_PCD_EP_GetRxCount
 .text.HAL_PCD_EP_Transmit
                0x08004794       0x94 ./Drivers/STM32F4xx_HAL_Driver/Src/stm32f4xx_hal_pcd.o
                0x08004794                HAL_PCD_EP_Transmit
 .text.HAL_PCD_EP_SetStall
                0x08004828       0xc8 ./Drivers/STM32F4xx_HAL_Driver/Src/stm32f4xx_hal_pcd.o
                0x08004828                HAL_PCD_EP_SetStall
 .text.HAL_PCD_EP_ClrStall
                0x080048f0       0xac ./Drivers/STM32F4xx_HAL_Driver/Src/stm32f4xx_hal_pcd.o
                0x080048f0                HAL_PCD_EP_ClrStall
 .text.HAL_PCD_EP_Abort
                0x0800499c       0x62 ./Drivers/STM32F4xx_HAL_Driver/Src/stm32f4xx_hal_pcd.o
                0x0800499c                HAL_PCD_EP_Abort
 .text.PCD_WriteEmptyTxFifo
                0x080049fe      0x11a ./Drivers/STM32F4xx_HAL_Driver/Src/stm32f4xx_hal_pcd.o
 .text.PCD_EP_OutXfrComplete_int
                0x08004b18      0x1d0 ./Drivers/STM32F4xx_HAL_Driver/Src/stm32f4xx_hal_pcd.o
 .text.PCD_EP_OutSetupPacket_int
                0x08004ce8       0x8c ./Drivers/STM32F4xx_HAL_Driver/Src/stm32f4xx_hal_pcd.o
 .text.HAL_PCDEx_SetTxFiFo
                0x08004d74       0x8e ./Drivers/STM32F4xx_HAL_Driver/Src/stm32f4xx_hal_pcd_ex.o
                0x08004d74                HAL_PCDEx_SetTxFiFo
 .text.HAL_PCDEx_SetRxFiFo
                0x08004e02       0x22 ./Drivers/STM32F4xx_HAL_Driver/Src/stm32f4xx_hal_pcd_ex.o
                0x08004e02                HAL_PCDEx_SetRxFiFo
 .text.HAL_PCDEx_LPM_Callback
                0x08004e24       0x18 ./Drivers/STM32F4xx_HAL_Driver/Src/stm32f4xx_hal_pcd_ex.o
                0x08004e24                HAL_PCDEx_LPM_Callback
 .text.HAL_RCC_OscConfig
                0x08004e3c      0x4f0 ./Drivers/STM32F4xx_HAL_Driver/Src/stm32f4xx_hal_rcc.o
                0x08004e3c                HAL_RCC_OscConfig
 .text.HAL_RCC_ClockConfig
                0x0800532c      0x1cc ./Drivers/STM32F4xx_HAL_Driver/Src/stm32f4xx_hal_rcc.o
                0x0800532c                HAL_RCC_ClockConfig
 .text.HAL_RCC_GetSysClockFreq
                0x080054f8      0x20c ./Drivers/STM32F4xx_HAL_Driver/Src/stm32f4xx_hal_rcc.o
                0x080054f8                HAL_RCC_GetSysClockFreq
 .text.HAL_RCC_GetHCLKFreq
                0x08005704       0x18 ./Drivers/STM32F4xx_HAL_Driver/Src/stm32f4xx_hal_rcc.o
                0x08005704                HAL_RCC_GetHCLKFreq
 .text.HAL_RCC_GetPCLK1Freq
                0x0800571c       0x28 ./Drivers/STM32F4xx_HAL_Driver/Src/stm32f4xx_hal_rcc.o
                0x0800571c                HAL_RCC_GetPCLK1Freq
 .text.HAL_RCCEx_PeriphCLKConfig
                0x08005744      0x1dc ./Drivers/STM32F4xx_HAL_Driver/Src/stm32f4xx_hal_rcc_ex.o
                0x08005744                HAL_RCCEx_PeriphCLKConfig
 .text.HAL_RTC_Init
                0x08005920       0xec ./Drivers/STM32F4xx_HAL_Driver/Src/stm32f4xx_hal_rtc.o
                0x08005920                HAL_RTC_Init
 .text.HAL_RTC_SetTime
                0x08005a0c      0x134 ./Drivers/STM32F4xx_HAL_Driver/Src/stm32f4xx_hal_rtc.o
                0x08005a0c                HAL_RTC_SetTime
 .text.HAL_RTC_SetDate
                0x08005b40      0x108 ./Drivers/STM32F4xx_HAL_Driver/Src/stm32f4xx_hal_rtc.o
                0x08005b40                HAL_RTC_SetDate
 .text.HAL_RTC_SetAlarm_IT
                0x08005c48      0x284 ./Drivers/STM32F4xx_HAL_Driver/Src/stm32f4xx_hal_rtc.o
                0x08005c48                HAL_RTC_SetAlarm_IT
 .text.HAL_RTC_AlarmIRQHandler
                0x08005ecc       0x8c ./Drivers/STM32F4xx_HAL_Driver/Src/stm32f4xx_hal_rtc.o
                0x08005ecc                HAL_RTC_AlarmIRQHandler
 .text.HAL_RTC_AlarmAEventCallback
                0x08005f58       0x14 ./Drivers/STM32F4xx_HAL_Driver/Src/stm32f4xx_hal_rtc.o
                0x08005f58                HAL_RTC_AlarmAEventCallback
 .text.HAL_RTC_WaitForSynchro
                0x08005f6c       0x50 ./Drivers/STM32F4xx_HAL_Driver/Src/stm32f4xx_hal_rtc.o
                0x08005f6c                HAL_RTC_WaitForSynchro
 .text.RTC_EnterInitMode
                0x08005fbc       0x6e ./Drivers/STM32F4xx_HAL_Driver/Src/stm32f4xx_hal_rtc.o
                0x08005fbc                RTC_EnterInitMode
 .text.RTC_ExitInitMode
                0x0800602a       0x4a ./Drivers/STM32F4xx_HAL_Driver/Src/stm32f4xx_hal_rtc.o
                0x0800602a                RTC_ExitInitMode
 .text.RTC_ByteToBcd2
                0x08006074       0x3a ./Drivers/STM32F4xx_HAL_Driver/Src/stm32f4xx_hal_rtc.o
                0x08006074                RTC_ByteToBcd2
 .text.HAL_RTCEx_AlarmBEventCallback
                0x080060ae       0x14 ./Drivers/STM32F4xx_HAL_Driver/Src/stm32f4xx_hal_rtc_ex.o
                0x080060ae                HAL_RTCEx_AlarmBEventCallback
 .text.HAL_SPI_Init
                0x080060c2      0x112 ./Drivers/STM32F4xx_HAL_Driver/Src/stm32f4xx_hal_spi.o
                0x080060c2                HAL_SPI_Init
 .text.HAL_SPI_Transmit
                0x080061d4      0x278 ./Drivers/STM32F4xx_HAL_Driver/Src/stm32f4xx_hal_spi.o
                0x080061d4                HAL_SPI_Transmit
 .text.HAL_SPI_Receive
                0x0800644c      0x222 ./Drivers/STM32F4xx_HAL_Driver/Src/stm32f4xx_hal_spi.o
                0x0800644c                HAL_SPI_Receive
 .text.HAL_SPI_TransmitReceive
                0x0800666e      0x344 ./Drivers/STM32F4xx_HAL_Driver/Src/stm32f4xx_hal_spi.o
                0x0800666e                HAL_SPI_TransmitReceive
 *fill*         0x080069b2        0x2 
 .text.SPI_WaitFlagStateUntilTimeout
                0x080069b4      0x110 ./Drivers/STM32F4xx_HAL_Driver/Src/stm32f4xx_hal_spi.o
 .text.SPI_EndRxTransaction
                0x08006ac4       0xca ./Drivers/STM32F4xx_HAL_Driver/Src/stm32f4xx_hal_spi.o
 *fill*         0x08006b8e        0x2 
 .text.SPI_EndRxTxTransaction
                0x08006b90       0x84 ./Drivers/STM32F4xx_HAL_Driver/Src/stm32f4xx_hal_spi.o
 .text.HAL_TIM_Base_Init
                0x08006c14       0x9e ./Drivers/STM32F4xx_HAL_Driver/Src/stm32f4xx_hal_tim.o
                0x08006c14                HAL_TIM_Base_Init
 *fill*         0x08006cb2        0x2 
 .text.HAL_TIM_Base_Start_IT
                0x08006cb4       0xc4 ./Drivers/STM32F4xx_HAL_Driver/Src/stm32f4xx_hal_tim.o
                0x08006cb4                HAL_TIM_Base_Start_IT
 .text.HAL_TIM_PWM_Init
                0x08006d78       0x9e ./Drivers/STM32F4xx_HAL_Driver/Src/stm32f4xx_hal_tim.o
                0x08006d78                HAL_TIM_PWM_Init
 .text.HAL_TIM_PWM_MspInit
                0x08006e16       0x14 ./Drivers/STM32F4xx_HAL_Driver/Src/stm32f4xx_hal_tim.o
                0x08006e16                HAL_TIM_PWM_MspInit
 *fill*         0x08006e2a        0x2 
 .text.HAL_TIM_PWM_Start
                0x08006e2c      0x160 ./Drivers/STM32F4xx_HAL_Driver/Src/stm32f4xx_hal_tim.o
                0x08006e2c                HAL_TIM_PWM_Start
 .text.HAL_TIM_OnePulse_Init
                0x08006f8c       0xa0 ./Drivers/STM32F4xx_HAL_Driver/Src/stm32f4xx_hal_tim.o
                0x08006f8c                HAL_TIM_OnePulse_Init
 .text.HAL_TIM_OnePulse_MspInit
                0x0800702c       0x14 ./Drivers/STM32F4xx_HAL_Driver/Src/stm32f4xx_hal_tim.o
                0x0800702c                HAL_TIM_OnePulse_MspInit
 .text.HAL_TIM_IRQHandler
                0x08007040      0x210 ./Drivers/STM32F4xx_HAL_Driver/Src/stm32f4xx_hal_tim.o
                0x08007040                HAL_TIM_IRQHandler
 .text.HAL_TIM_PWM_ConfigChannel
                0x08007250      0x184 ./Drivers/STM32F4xx_HAL_Driver/Src/stm32f4xx_hal_tim.o
                0x08007250                HAL_TIM_PWM_ConfigChannel
 .text.HAL_TIM_ConfigClockSource
                0x080073d4      0x18e ./Drivers/STM32F4xx_HAL_Driver/Src/stm32f4xx_hal_tim.o
                0x080073d4                HAL_TIM_ConfigClockSource
 .text.HAL_TIM_PeriodElapsedCallback
                0x08007562       0x14 ./Drivers/STM32F4xx_HAL_Driver/Src/stm32f4xx_hal_tim.o
                0x08007562                HAL_TIM_PeriodElapsedCallback
 .text.HAL_TIM_OC_DelayElapsedCallback
                0x08007576       0x14 ./Drivers/STM32F4xx_HAL_Driver/Src/stm32f4xx_hal_tim.o
                0x08007576                HAL_TIM_OC_DelayElapsedCallback
 .text.HAL_TIM_IC_CaptureCallback
                0x0800758a       0x14 ./Drivers/STM32F4xx_HAL_Driver/Src/stm32f4xx_hal_tim.o
                0x0800758a                HAL_TIM_IC_CaptureCallback
 .text.HAL_TIM_PWM_PulseFinishedCallback
                0x0800759e       0x14 ./Drivers/STM32F4xx_HAL_Driver/Src/stm32f4xx_hal_tim.o
                0x0800759e                HAL_TIM_PWM_PulseFinishedCallback
 .text.HAL_TIM_TriggerCallback
                0x080075b2       0x14 ./Drivers/STM32F4xx_HAL_Driver/Src/stm32f4xx_hal_tim.o
                0x080075b2                HAL_TIM_TriggerCallback
 *fill*         0x080075c6        0x2 
 .text.TIM_Base_SetConfig
                0x080075c8      0x100 ./Drivers/STM32F4xx_HAL_Driver/Src/stm32f4xx_hal_tim.o
                0x080075c8                TIM_Base_SetConfig
 .text.TIM_OC1_SetConfig
                0x080076c8       0xcc ./Drivers/STM32F4xx_HAL_Driver/Src/stm32f4xx_hal_tim.o
 .text.TIM_OC2_SetConfig
                0x08007794       0xd8 ./Drivers/STM32F4xx_HAL_Driver/Src/stm32f4xx_hal_tim.o
                0x08007794                TIM_OC2_SetConfig
 .text.TIM_OC3_SetConfig
                0x0800786c       0xd4 ./Drivers/STM32F4xx_HAL_Driver/Src/stm32f4xx_hal_tim.o
 .text.TIM_OC4_SetConfig
                0x08007940       0xa0 ./Drivers/STM32F4xx_HAL_Driver/Src/stm32f4xx_hal_tim.o
 .text.TIM_TI1_ConfigInputStage
                0x080079e0       0x5e ./Drivers/STM32F4xx_HAL_Driver/Src/stm32f4xx_hal_tim.o
 .text.TIM_TI2_ConfigInputStage
                0x08007a3e       0x60 ./Drivers/STM32F4xx_HAL_Driver/Src/stm32f4xx_hal_tim.o
 .text.TIM_ITRx_SetConfig
                0x08007a9e       0x36 ./Drivers/STM32F4xx_HAL_Driver/Src/stm32f4xx_hal_tim.o
 .text.TIM_ETR_SetConfig
                0x08007ad4       0x40 ./Drivers/STM32F4xx_HAL_Driver/Src/stm32f4xx_hal_tim.o
                0x08007ad4                TIM_ETR_SetConfig
 .text.TIM_CCxChannelCmd
                0x08007b14       0x4a ./Drivers/STM32F4xx_HAL_Driver/Src/stm32f4xx_hal_tim.o
                0x08007b14                TIM_CCxChannelCmd
 *fill*         0x08007b5e        0x2 
 .text.HAL_TIMEx_MasterConfigSynchronization
                0x08007b60       0xdc ./Drivers/STM32F4xx_HAL_Driver/Src/stm32f4xx_hal_tim_ex.o
                0x08007b60                HAL_TIMEx_MasterConfigSynchronization
 .text.HAL_TIMEx_ConfigBreakDeadTime
                0x08007c3c       0xa4 ./Drivers/STM32F4xx_HAL_Driver/Src/stm32f4xx_hal_tim_ex.o
                0x08007c3c                HAL_TIMEx_ConfigBreakDeadTime
 .text.HAL_TIMEx_CommutCallback
                0x08007ce0       0x14 ./Drivers/STM32F4xx_HAL_Driver/Src/stm32f4xx_hal_tim_ex.o
                0x08007ce0                HAL_TIMEx_CommutCallback
 .text.HAL_TIMEx_BreakCallback
                0x08007cf4       0x14 ./Drivers/STM32F4xx_HAL_Driver/Src/stm32f4xx_hal_tim_ex.o
                0x08007cf4                HAL_TIMEx_BreakCallback
 .text.USB_CoreInit
                0x08007d08       0xc2 ./Drivers/STM32F4xx_HAL_Driver/Src/stm32f4xx_ll_usb.o
                0x08007d08                USB_CoreInit
 *fill*         0x08007dca        0x2 
 .text.USB_SetTurnaroundTime
                0x08007dcc      0x144 ./Drivers/STM32F4xx_HAL_Driver/Src/stm32f4xx_ll_usb.o
                0x08007dcc                USB_SetTurnaroundTime
 .text.USB_EnableGlobalInt
                0x08007f10       0x22 ./Drivers/STM32F4xx_HAL_Driver/Src/stm32f4xx_ll_usb.o
                0x08007f10                USB_EnableGlobalInt
 .text.USB_DisableGlobalInt
                0x08007f32       0x22 ./Drivers/STM32F4xx_HAL_Driver/Src/stm32f4xx_ll_usb.o
                0x08007f32                USB_DisableGlobalInt
 .text.USB_SetCurrentMode
                0x08007f54       0x98 ./Drivers/STM32F4xx_HAL_Driver/Src/stm32f4xx_ll_usb.o
                0x08007f54                USB_SetCurrentMode
 .text.USB_DevInit
                0x08007fec      0x2c8 ./Drivers/STM32F4xx_HAL_Driver/Src/stm32f4xx_ll_usb.o
                0x08007fec                USB_DevInit
 .text.USB_FlushTxFifo
                0x080082b4       0x68 ./Drivers/STM32F4xx_HAL_Driver/Src/stm32f4xx_ll_usb.o
                0x080082b4                USB_FlushTxFifo
 .text.USB_FlushRxFifo
                0x0800831c       0x60 ./Drivers/STM32F4xx_HAL_Driver/Src/stm32f4xx_ll_usb.o
                0x0800831c                USB_FlushRxFifo
 .text.USB_SetDevSpeed
                0x0800837c       0x32 ./Drivers/STM32F4xx_HAL_Driver/Src/stm32f4xx_ll_usb.o
                0x0800837c                USB_SetDevSpeed
 .text.USB_GetDevSpeed
                0x080083ae       0x4a ./Drivers/STM32F4xx_HAL_Driver/Src/stm32f4xx_ll_usb.o
                0x080083ae                USB_GetDevSpeed
 .text.USB_ActivateEndpoint
                0x080083f8      0x10e ./Drivers/STM32F4xx_HAL_Driver/Src/stm32f4xx_ll_usb.o
                0x080083f8                USB_ActivateEndpoint
 *fill*         0x08008506        0x2 
 .text.USB_DeactivateEndpoint
                0x08008508      0x1b8 ./Drivers/STM32F4xx_HAL_Driver/Src/stm32f4xx_ll_usb.o
                0x08008508                USB_DeactivateEndpoint
 .text.USB_EPStartXfer
                0x080086c0      0x490 ./Drivers/STM32F4xx_HAL_Driver/Src/stm32f4xx_ll_usb.o
                0x080086c0                USB_EPStartXfer
 .text.USB_EP0StartXfer
                0x08008b50      0x2b0 ./Drivers/STM32F4xx_HAL_Driver/Src/stm32f4xx_ll_usb.o
                0x08008b50                USB_EP0StartXfer
 .text.USB_EPStopXfer
                0x08008e00      0x154 ./Drivers/STM32F4xx_HAL_Driver/Src/stm32f4xx_ll_usb.o
                0x08008e00                USB_EPStopXfer
 .text.USB_WritePacket
                0x08008f54       0x7c ./Drivers/STM32F4xx_HAL_Driver/Src/stm32f4xx_ll_usb.o
                0x08008f54                USB_WritePacket
 .text.USB_ReadPacket
                0x08008fd0       0xb0 ./Drivers/STM32F4xx_HAL_Driver/Src/stm32f4xx_ll_usb.o
                0x08008fd0                USB_ReadPacket
 .text.USB_EPSetStall
                0x08009080       0xdc ./Drivers/STM32F4xx_HAL_Driver/Src/stm32f4xx_ll_usb.o
                0x08009080                USB_EPSetStall
 .text.USB_EPClearStall
                0x0800915c       0xcc ./Drivers/STM32F4xx_HAL_Driver/Src/stm32f4xx_ll_usb.o
                0x0800915c                USB_EPClearStall
 .text.USB_SetDevAddress
                0x08009228       0x4c ./Drivers/STM32F4xx_HAL_Driver/Src/stm32f4xx_ll_usb.o
                0x08009228                USB_SetDevAddress
 .text.USB_DevConnect
                0x08009274       0x42 ./Drivers/STM32F4xx_HAL_Driver/Src/stm32f4xx_ll_usb.o
                0x08009274                USB_DevConnect
 .text.USB_DevDisconnect
                0x080092b6       0x42 ./Drivers/STM32F4xx_HAL_Driver/Src/stm32f4xx_ll_usb.o
                0x080092b6                USB_DevDisconnect
 .text.USB_ReadInterrupts
                0x080092f8       0x26 ./Drivers/STM32F4xx_HAL_Driver/Src/stm32f4xx_ll_usb.o
                0x080092f8                USB_ReadInterrupts
 .text.USB_ReadDevAllOutEpInterrupt
                0x0800931e       0x34 ./Drivers/STM32F4xx_HAL_Driver/Src/stm32f4xx_ll_usb.o
                0x0800931e                USB_ReadDevAllOutEpInterrupt
 .text.USB_ReadDevAllInEpInterrupt
                0x08009352       0x34 ./Drivers/STM32F4xx_HAL_Driver/Src/stm32f4xx_ll_usb.o
                0x08009352                USB_ReadDevAllInEpInterrupt
 .text.USB_ReadDevOutEPInterrupt
                0x08009386       0x3c ./Drivers/STM32F4xx_HAL_Driver/Src/stm32f4xx_ll_usb.o
                0x08009386                USB_ReadDevOutEPInterrupt
 .text.USB_ReadDevInEPInterrupt
                0x080093c2       0x5c ./Drivers/STM32F4xx_HAL_Driver/Src/stm32f4xx_ll_usb.o
                0x080093c2                USB_ReadDevInEPInterrupt
 .text.USB_GetMode
                0x0800941e       0x1c ./Drivers/STM32F4xx_HAL_Driver/Src/stm32f4xx_ll_usb.o
                0x0800941e                USB_GetMode
 .text.USB_ActivateSetup
                0x0800943a       0x46 ./Drivers/STM32F4xx_HAL_Driver/Src/stm32f4xx_ll_usb.o
                0x0800943a                USB_ActivateSetup
 .text.USB_EP0_OutStart
                0x08009480       0xbc ./Drivers/STM32F4xx_HAL_Driver/Src/stm32f4xx_ll_usb.o
                0x08009480                USB_EP0_OutStart
 .text.USB_CoreReset
                0x0800953c       0x68 ./Drivers/STM32F4xx_HAL_Driver/Src/stm32f4xx_ll_usb.o
 .text.USBD_CDC_Init
                0x080095a4      0x1f0 ./Middlewares/ST/STM32_USB_Device_Library/Class/CDC/Src/usbd_cdc.o
 .text.USBD_CDC_DeInit
                0x08009794      0x104 ./Middlewares/ST/STM32_USB_Device_Library/Class/CDC/Src/usbd_cdc.o
 .text.USBD_CDC_Setup
                0x08009898      0x1b8 ./Middlewares/ST/STM32_USB_Device_Library/Class/CDC/Src/usbd_cdc.o
 .text.USBD_CDC_DataIn
                0x08009a50       0xfe ./Middlewares/ST/STM32_USB_Device_Library/Class/CDC/Src/usbd_cdc.o
 .text.USBD_CDC_DataOut
                0x08009b4e       0x70 ./Middlewares/ST/STM32_USB_Device_Library/Class/CDC/Src/usbd_cdc.o
 .text.USBD_CDC_EP0_RxReady
                0x08009bbe       0x74 ./Middlewares/ST/STM32_USB_Device_Library/Class/CDC/Src/usbd_cdc.o
 *fill*         0x08009c32        0x2 
 .text.USBD_CDC_GetFSCfgDesc
                0x08009c34       0x70 ./Middlewares/ST/STM32_USB_Device_Library/Class/CDC/Src/usbd_cdc.o
 .text.USBD_CDC_GetHSCfgDesc
                0x08009ca4       0x70 ./Middlewares/ST/STM32_USB_Device_Library/Class/CDC/Src/usbd_cdc.o
 .text.USBD_CDC_GetOtherSpeedCfgDesc
                0x08009d14       0x70 ./Middlewares/ST/STM32_USB_Device_Library/Class/CDC/Src/usbd_cdc.o
 .text.USBD_CDC_GetDeviceQualifierDescriptor
                0x08009d84       0x20 ./Middlewares/ST/STM32_USB_Device_Library/Class/CDC/Src/usbd_cdc.o
                0x08009d84                USBD_CDC_GetDeviceQualifierDescriptor
 .text.USBD_CDC_RegisterInterface
                0x08009da4       0x34 ./Middlewares/ST/STM32_USB_Device_Library/Class/CDC/Src/usbd_cdc.o
                0x08009da4                USBD_CDC_RegisterInterface
 .text.USBD_CDC_SetTxBuffer
                0x08009dd8       0x44 ./Middlewares/ST/STM32_USB_Device_Library/Class/CDC/Src/usbd_cdc.o
                0x08009dd8                USBD_CDC_SetTxBuffer
 .text.USBD_CDC_SetRxBuffer
                0x08009e1c       0x3a ./Middlewares/ST/STM32_USB_Device_Library/Class/CDC/Src/usbd_cdc.o
                0x08009e1c                USBD_CDC_SetRxBuffer
 *fill*         0x08009e56        0x2 
 .text.USBD_CDC_ReceivePacket
                0x08009e58       0x6c ./Middlewares/ST/STM32_USB_Device_Library/Class/CDC/Src/usbd_cdc.o
                0x08009e58                USBD_CDC_ReceivePacket
 .text.USBD_Init
                0x08009ec4       0x60 ./Middlewares/ST/STM32_USB_Device_Library/Core/Src/usbd_core.o
                0x08009ec4                USBD_Init
 .text.USBD_RegisterClass
                0x08009f24       0x6c ./Middlewares/ST/STM32_USB_Device_Library/Core/Src/usbd_core.o
                0x08009f24                USBD_RegisterClass
 .text.USBD_Start
                0x08009f90       0x18 ./Middlewares/ST/STM32_USB_Device_Library/Core/Src/usbd_core.o
                0x08009f90                USBD_Start
 .text.USBD_RunTestMode
                0x08009fa8       0x16 ./Middlewares/ST/STM32_USB_Device_Library/Core/Src/usbd_core.o
                0x08009fa8                USBD_RunTestMode
 .text.USBD_SetClassConfig
                0x08009fbe       0x38 ./Middlewares/ST/STM32_USB_Device_Library/Core/Src/usbd_core.o
                0x08009fbe                USBD_SetClassConfig
 .text.USBD_ClrClassConfig
                0x08009ff6       0x34 ./Middlewares/ST/STM32_USB_Device_Library/Core/Src/usbd_core.o
                0x08009ff6                USBD_ClrClassConfig
 .text.USBD_LL_SetupStage
                0x0800a02a       0xaa ./Middlewares/ST/STM32_USB_Device_Library/Core/Src/usbd_core.o
                0x0800a02a                USBD_LL_SetupStage
 .text.USBD_LL_DataOutStage
                0x0800a0d4      0x166 ./Middlewares/ST/STM32_USB_Device_Library/Core/Src/usbd_core.o
                0x0800a0d4                USBD_LL_DataOutStage
 .text.USBD_LL_DataInStage
                0x0800a23a      0x164 ./Middlewares/ST/STM32_USB_Device_Library/Core/Src/usbd_core.o
                0x0800a23a                USBD_LL_DataInStage
 .text.USBD_LL_Reset
                0x0800a39e       0xa4 ./Middlewares/ST/STM32_USB_Device_Library/Core/Src/usbd_core.o
                0x0800a39e                USBD_LL_Reset
 .text.USBD_LL_SetSpeed
                0x0800a442       0x20 ./Middlewares/ST/STM32_USB_Device_Library/Core/Src/usbd_core.o
                0x0800a442                USBD_LL_SetSpeed
 .text.USBD_LL_Suspend
                0x0800a462       0x2c ./Middlewares/ST/STM32_USB_Device_Library/Core/Src/usbd_core.o
                0x0800a462                USBD_LL_Suspend
 .text.USBD_LL_Resume
                0x0800a48e       0x30 ./Middlewares/ST/STM32_USB_Device_Library/Core/Src/usbd_core.o
                0x0800a48e                USBD_LL_Resume
 .text.USBD_LL_SOF
                0x0800a4be       0x40 ./Middlewares/ST/STM32_USB_Device_Library/Core/Src/usbd_core.o
                0x0800a4be                USBD_LL_SOF
 .text.USBD_LL_IsoINIncomplete
                0x0800a4fe       0x64 ./Middlewares/ST/STM32_USB_Device_Library/Core/Src/usbd_core.o
                0x0800a4fe                USBD_LL_IsoINIncomplete
 .text.USBD_LL_IsoOUTIncomplete
                0x0800a562       0x64 ./Middlewares/ST/STM32_USB_Device_Library/Core/Src/usbd_core.o
                0x0800a562                USBD_LL_IsoOUTIncomplete
 .text.USBD_LL_DevConnected
                0x0800a5c6       0x16 ./Middlewares/ST/STM32_USB_Device_Library/Core/Src/usbd_core.o
                0x0800a5c6                USBD_LL_DevConnected
 .text.USBD_LL_DevDisconnected
                0x0800a5dc       0x46 ./Middlewares/ST/STM32_USB_Device_Library/Core/Src/usbd_core.o
                0x0800a5dc                USBD_LL_DevDisconnected
 .text.USBD_CoreFindIF
                0x0800a622       0x1a ./Middlewares/ST/STM32_USB_Device_Library/Core/Src/usbd_core.o
                0x0800a622                USBD_CoreFindIF
 .text.USBD_CoreFindEP
                0x0800a63c       0x1a ./Middlewares/ST/STM32_USB_Device_Library/Core/Src/usbd_core.o
                0x0800a63c                USBD_CoreFindEP
 .text.USBD_GetEpDesc
                0x0800a656       0x70 ./Middlewares/ST/STM32_USB_Device_Library/Core/Src/usbd_core.o
                0x0800a656                USBD_GetEpDesc
 .text.USBD_GetNextDesc
                0x0800a6c6       0x38 ./Middlewares/ST/STM32_USB_Device_Library/Core/Src/usbd_core.o
                0x0800a6c6                USBD_GetNextDesc
 .text.SWAPBYTE
                0x0800a6fe       0x3c ./Middlewares/ST/STM32_USB_Device_Library/Core/Src/usbd_ctlreq.o
 *fill*         0x0800a73a        0x2 
 .text.USBD_StdDevReq
                0x0800a73c       0xe4 ./Middlewares/ST/STM32_USB_Device_Library/Core/Src/usbd_ctlreq.o
                0x0800a73c                USBD_StdDevReq
 .text.USBD_StdItfReq
                0x0800a820       0xd8 ./Middlewares/ST/STM32_USB_Device_Library/Core/Src/usbd_ctlreq.o
                0x0800a820                USBD_StdItfReq
 .text.USBD_StdEPReq
                0x0800a8f8      0x33a ./Middlewares/ST/STM32_USB_Device_Library/Core/Src/usbd_ctlreq.o
                0x0800a8f8                USBD_StdEPReq
 *fill*         0x0800ac32        0x2 
 .text.USBD_GetDescriptor
                0x0800ac34      0x2d4 ./Middlewares/ST/STM32_USB_Device_Library/Core/Src/usbd_ctlreq.o
 .text.USBD_SetAddress
                0x0800af08       0x88 ./Middlewares/ST/STM32_USB_Device_Library/Core/Src/usbd_ctlreq.o
 .text.USBD_SetConfig
                0x0800af90      0x154 ./Middlewares/ST/STM32_USB_Device_Library/Core/Src/usbd_ctlreq.o
 .text.USBD_GetConfig
                0x0800b0e4       0x6c ./Middlewares/ST/STM32_USB_Device_Library/Core/Src/usbd_ctlreq.o
 .text.USBD_GetStatus
                0x0800b150       0x68 ./Middlewares/ST/STM32_USB_Device_Library/Core/Src/usbd_ctlreq.o
 .text.USBD_SetFeature
                0x0800b1b8       0x52 ./Middlewares/ST/STM32_USB_Device_Library/Core/Src/usbd_ctlreq.o
 .text.USBD_ClrFeature
                0x0800b20a       0x44 ./Middlewares/ST/STM32_USB_Device_Library/Core/Src/usbd_ctlreq.o
 .text.USBD_ParseSetupRequest
                0x0800b24e       0x74 ./Middlewares/ST/STM32_USB_Device_Library/Core/Src/usbd_ctlreq.o
                0x0800b24e                USBD_ParseSetupRequest
 .text.USBD_CtlError
                0x0800b2c2       0x22 ./Middlewares/ST/STM32_USB_Device_Library/Core/Src/usbd_ctlreq.o
                0x0800b2c2                USBD_CtlError
 .text.USBD_GetString
                0x0800b2e4       0x8c ./Middlewares/ST/STM32_USB_Device_Library/Core/Src/usbd_ctlreq.o
                0x0800b2e4                USBD_GetString
 .text.USBD_GetLen
                0x0800b370       0x34 ./Middlewares/ST/STM32_USB_Device_Library/Core/Src/usbd_ctlreq.o
 .text.USBD_CtlSendData
                0x0800b3a4       0x36 ./Middlewares/ST/STM32_USB_Device_Library/Core/Src/usbd_ioreq.o
                0x0800b3a4                USBD_CtlSendData
 .text.USBD_CtlContinueSendData
                0x0800b3da       0x22 ./Middlewares/ST/STM32_USB_Device_Library/Core/Src/usbd_ioreq.o
                0x0800b3da                USBD_CtlContinueSendData
 .text.USBD_CtlPrepareRx
                0x0800b3fc       0x3a ./Middlewares/ST/STM32_USB_Device_Library/Core/Src/usbd_ioreq.o
                0x0800b3fc                USBD_CtlPrepareRx
 .text.USBD_CtlContinueRx
                0x0800b436       0x22 ./Middlewares/ST/STM32_USB_Device_Library/Core/Src/usbd_ioreq.o
                0x0800b436                USBD_CtlContinueRx
 .text.USBD_CtlSendStatus
                0x0800b458       0x26 ./Middlewares/ST/STM32_USB_Device_Library/Core/Src/usbd_ioreq.o
                0x0800b458                USBD_CtlSendStatus
 .text.USBD_CtlReceiveStatus
                0x0800b47e       0x26 ./Middlewares/ST/STM32_USB_Device_Library/Core/Src/usbd_ioreq.o
                0x0800b47e                USBD_CtlReceiveStatus
 .text.ST7735_Select
                0x0800b4a4       0x18 ./ST7735_src/st7735.o
                0x0800b4a4                ST7735_Select
 .text.ST7735_Unselect
                0x0800b4bc       0x18 ./ST7735_src/st7735.o
                0x0800b4bc                ST7735_Unselect
 .text.ST7735_Reset
                0x0800b4d4       0x2c ./ST7735_src/st7735.o
                0x0800b4d4                ST7735_Reset
 .text.ST7735_WriteCommand
                0x0800b500       0x34 ./ST7735_src/st7735.o
                0x0800b500                ST7735_WriteCommand
 .text.ST7735_WriteData
                0x0800b534       0x34 ./ST7735_src/st7735.o
 .text.ST7735_ExecuteCommandList
                0x0800b568       0x92 ./ST7735_src/st7735.o
 .text.ST7735_SetAddressWindow
                0x0800b5fa       0x70 ./ST7735_src/st7735.o
 *fill*         0x0800b66a        0x2 
 .text.ST7735_Init
                0x0800b66c       0x34 ./ST7735_src/st7735.o
                0x0800b66c                ST7735_Init
 .text.ST7735_WriteChar
                0x0800b6a0      0x10a ./ST7735_src/st7735.o
                0x0800b6a0                ST7735_WriteChar
 .text.ST7735_WriteString
                0x0800b7aa       0x94 ./ST7735_src/st7735.o
                0x0800b7aa                ST7735_WriteString
 *fill*         0x0800b83e        0x2 
 .text.ST7735_FillRectangle
                0x0800b840       0xe4 ./ST7735_src/st7735.o
                0x0800b840                ST7735_FillRectangle
 .text.ST7735_FillScreen
                0x0800b924       0x22 ./ST7735_src/st7735.o
                0x0800b924                ST7735_FillScreen
 .text.ST7735_DrawImage
                0x0800b946       0x98 ./ST7735_src/st7735.o
                0x0800b946                ST7735_DrawImage
 .text.ST7735_InvertColors
                0x0800b9de       0x2c ./ST7735_src/st7735.o
                0x0800b9de                ST7735_InvertColors
 *fill*         0x0800ba0a        0x2 
 .text.MX_USB_DEVICE_Init
                0x0800ba0c       0x60 ./USB_DEVICE/App/usb_device.o
                0x0800ba0c                MX_USB_DEVICE_Init
 .text.CDC_Init_FS
                0x0800ba6c       0x28 ./USB_DEVICE/App/usbd_cdc_if.o
 .text.CDC_DeInit_FS
                0x0800ba94       0x10 ./USB_DEVICE/App/usbd_cdc_if.o
 .text.CDC_Control_FS
                0x0800baa4       0xbc ./USB_DEVICE/App/usbd_cdc_if.o
 .text.CDC_Receive_FS
                0x0800bb60       0x28 ./USB_DEVICE/App/usbd_cdc_if.o
 .text.CDC_TransmitCplt_FS
                0x0800bb88       0x22 ./USB_DEVICE/App/usbd_cdc_if.o
 *fill*         0x0800bbaa        0x2 
 .text.USBD_FS_DeviceDescriptor
                0x0800bbac       0x24 ./USB_DEVICE/App/usbd_desc.o
                0x0800bbac                USBD_FS_DeviceDescriptor
 .text.USBD_FS_LangIDStrDescriptor
                0x0800bbd0       0x24 ./USB_DEVICE/App/usbd_desc.o
                0x0800bbd0                USBD_FS_LangIDStrDescriptor
 .text.USBD_FS_ProductStrDescriptor
                0x0800bbf4       0x3c ./USB_DEVICE/App/usbd_desc.o
                0x0800bbf4                USBD_FS_ProductStrDescriptor
 .text.USBD_FS_ManufacturerStrDescriptor
                0x0800bc30       0x28 ./USB_DEVICE/App/usbd_desc.o
                0x0800bc30                USBD_FS_ManufacturerStrDescriptor
 .text.USBD_FS_SerialStrDescriptor
                0x0800bc58       0x24 ./USB_DEVICE/App/usbd_desc.o
                0x0800bc58                USBD_FS_SerialStrDescriptor
 .text.USBD_FS_ConfigStrDescriptor
                0x0800bc7c       0x3c ./USB_DEVICE/App/usbd_desc.o
                0x0800bc7c                USBD_FS_ConfigStrDescriptor
 .text.USBD_FS_InterfaceStrDescriptor
                0x0800bcb8       0x3c ./USB_DEVICE/App/usbd_desc.o
                0x0800bcb8                USBD_FS_InterfaceStrDescriptor
 .text.Get_SerialNum
                0x0800bcf4       0x58 ./USB_DEVICE/App/usbd_desc.o
 .text.IntToUnicode
                0x0800bd4c       0x7e ./USB_DEVICE/App/usbd_desc.o
 *fill*         0x0800bdca        0x2 
 .text.HAL_PCD_MspInit
                0x0800bdcc       0xa8 ./USB_DEVICE/Target/usbd_conf.o
                0x0800bdcc                HAL_PCD_MspInit
 .text.HAL_PCD_SetupStageCallback
                0x0800be74       0x24 ./USB_DEVICE/Target/usbd_conf.o
                0x0800be74                HAL_PCD_SetupStageCallback
 .text.HAL_PCD_DataOutStageCallback
                0x0800be98       0x36 ./USB_DEVICE/Target/usbd_conf.o
                0x0800be98                HAL_PCD_DataOutStageCallback
 .text.HAL_PCD_DataInStageCallback
                0x0800bece       0x34 ./USB_DEVICE/Target/usbd_conf.o
                0x0800bece                HAL_PCD_DataInStageCallback
 .text.HAL_PCD_SOFCallback
                0x0800bf02       0x1c ./USB_DEVICE/Target/usbd_conf.o
                0x0800bf02                HAL_PCD_SOFCallback
 .text.HAL_PCD_ResetCallback
                0x0800bf1e       0x3c ./USB_DEVICE/Target/usbd_conf.o
                0x0800bf1e                HAL_PCD_ResetCallback
 *fill*         0x0800bf5a        0x2 
 .text.HAL_PCD_SuspendCallback
                0x0800bf5c       0x4c ./USB_DEVICE/Target/usbd_conf.o
                0x0800bf5c                HAL_PCD_SuspendCallback
 .text.HAL_PCD_ResumeCallback
                0x0800bfa8       0x1c ./USB_DEVICE/Target/usbd_conf.o
                0x0800bfa8                HAL_PCD_ResumeCallback
 .text.HAL_PCD_ISOOUTIncompleteCallback
                0x0800bfc4       0x24 ./USB_DEVICE/Target/usbd_conf.o
                0x0800bfc4                HAL_PCD_ISOOUTIncompleteCallback
 .text.HAL_PCD_ISOINIncompleteCallback
                0x0800bfe8       0x24 ./USB_DEVICE/Target/usbd_conf.o
                0x0800bfe8                HAL_PCD_ISOINIncompleteCallback
 .text.HAL_PCD_ConnectCallback
                0x0800c00c       0x1c ./USB_DEVICE/Target/usbd_conf.o
                0x0800c00c                HAL_PCD_ConnectCallback
 .text.HAL_PCD_DisconnectCallback
                0x0800c028       0x1c ./USB_DEVICE/Target/usbd_conf.o
                0x0800c028                HAL_PCD_DisconnectCallback
 .text.USBD_LL_Init
                0x0800c044       0x98 ./USB_DEVICE/Target/usbd_conf.o
                0x0800c044                USBD_LL_Init
 .text.USBD_LL_Start
                0x0800c0dc       0x36 ./USB_DEVICE/Target/usbd_conf.o
                0x0800c0dc                USBD_LL_Start
 .text.USBD_LL_OpenEP
                0x0800c112       0x4c ./USB_DEVICE/Target/usbd_conf.o
                0x0800c112                USBD_LL_OpenEP
 .text.USBD_LL_CloseEP
                0x0800c15e       0x3e ./USB_DEVICE/Target/usbd_conf.o
                0x0800c15e                USBD_LL_CloseEP
 .text.USBD_LL_StallEP
                0x0800c19c       0x3e ./USB_DEVICE/Target/usbd_conf.o
                0x0800c19c                USBD_LL_StallEP
 .text.USBD_LL_ClearStallEP
                0x0800c1da       0x3e ./USB_DEVICE/Target/usbd_conf.o
                0x0800c1da                USBD_LL_ClearStallEP
 .text.USBD_LL_IsStallEP
                0x0800c218       0x58 ./USB_DEVICE/Target/usbd_conf.o
                0x0800c218                USBD_LL_IsStallEP
 .text.USBD_LL_SetUSBAddress
                0x0800c270       0x3e ./USB_DEVICE/Target/usbd_conf.o
                0x0800c270                USBD_LL_SetUSBAddress
 .text.USBD_LL_Transmit
                0x0800c2ae       0x42 ./USB_DEVICE/Target/usbd_conf.o
                0x0800c2ae                USBD_LL_Transmit
 .text.USBD_LL_PrepareReceive
                0x0800c2f0       0x42 ./USB_DEVICE/Target/usbd_conf.o
                0x0800c2f0                USBD_LL_PrepareReceive
 .text.USBD_LL_GetRxDataSize
                0x0800c332       0x26 ./USB_DEVICE/Target/usbd_conf.o
                0x0800c332                USBD_LL_GetRxDataSize
 .text.USBD_static_malloc
                0x0800c358       0x1c ./USB_DEVICE/Target/usbd_conf.o
                0x0800c358                USBD_static_malloc
 .text.USBD_static_free
                0x0800c374       0x14 ./USB_DEVICE/Target/usbd_conf.o
                0x0800c374                USBD_static_free
 .text.USBD_Get_USB_Status
                0x0800c388       0x58 ./USB_DEVICE/Target/usbd_conf.o
                0x0800c388                USBD_Get_USB_Status
 .text.button_state_determ
                0x0800c3e0      0x178 ./mysource/button.o
                0x0800c3e0                button_state_determ
 .text.but_state_reset
                0x0800c558       0x24 ./mysource/button.o
                0x0800c558                but_state_reset
 .text.display_product_norm
                0x0800c57c      0x134 ./mysource/measuring.o
                0x0800c57c                display_product_norm
 .text.page_select
                0x0800c6b0       0x1e ./mysource/page_select.o
                0x0800c6b0                page_select
 *fill*         0x0800c6ce        0x2 
 .text.page_select_by_button
                0x0800c6d0       0x54 ./mysource/page_select.o
                0x0800c6d0                page_select_by_button
 .text.page_action
                0x0800c724       0x48 ./mysource/page_select.o
                0x0800c724                page_action
 .text.SPI_Flash_to_LCD
                0x0800c76c       0xa8 ./mysource/page_select.o
                0x0800c76c                SPI_Flash_to_LCD
 .text.select_product_list_action
                0x0800c814       0x38 ./mysource/product_selection.o
                0x0800c814                select_product_list_action
 .text.select_product_id
                0x0800c84c       0x5c ./mysource/product_selection.o
                0x0800c84c                select_product_id
 .text.display_selected_product
                0x0800c8a8      0x2e8 ./mysource/product_selection.o
                0x0800c8a8                display_selected_product
 .text.MPR121_setregister
                0x0800cb90       0x34 ./mysource/touch.o
                0x0800cb90                MPR121_setregister
 .text.MPR121_readregister
                0x0800cbc4       0x38 ./mysource/touch.o
                0x0800cbc4                MPR121_readregister
 .text.touch_slider
                0x0800cbfc      0x268 ./mysource/touch.o
                0x0800cbfc                touch_slider
 .text.touch_init
                0x0800ce64      0x138 ./mysource/touch.o
                0x0800ce64                touch_init
 .text.W25qxx_Spi
                0x0800cf9c       0x2c ./w25qxx/w25qxx.o
                0x0800cf9c                W25qxx_Spi
 .text.W25qxx_ReadID
                0x0800cfc8       0x70 ./w25qxx/w25qxx.o
                0x0800cfc8                W25qxx_ReadID
 .text.W25qxx_ReadUniqID
                0x0800d038       0x70 ./w25qxx/w25qxx.o
                0x0800d038                W25qxx_ReadUniqID
 .text.W25qxx_ReadStatusRegister
                0x0800d0a8       0x90 ./w25qxx/w25qxx.o
                0x0800d0a8                W25qxx_ReadStatusRegister
 .text.W25qxx_Init
                0x0800d138      0x1a4 ./w25qxx/w25qxx.o
                0x0800d138                W25qxx_Init
 .text.W25qxx_BlockToPage
                0x0800d2dc       0x2c ./w25qxx/w25qxx.o
                0x0800d2dc                W25qxx_BlockToPage
 .text.W25qxx_ReadPage
                0x0800d308      0x100 ./w25qxx/w25qxx.o
                0x0800d308                W25qxx_ReadPage
 .text.W25qxx_ReadBlock
                0x0800d408       0xc4 ./w25qxx/w25qxx.o
                0x0800d408                W25qxx_ReadBlock
 .text.sprintf  0x0800d4cc       0x40 C:/ST/STM32CubeIDE_1.14.1/STM32CubeIDE/plugins/com.st.stm32cube.ide.mcu.externaltools.gnu-tools-for-stm32.12.3.rel1.win32_1.0.100.202403111256/tools/bin/../lib/gcc/arm-none-eabi/12.3.1/../../../../arm-none-eabi/lib/thumb/v7e-m+fp/hard\libc_nano.a(libc_a-sprintf.o)
                0x0800d4cc                siprintf
                0x0800d4cc                sprintf
 .text.memset   0x0800d50c       0x10 C:/ST/STM32CubeIDE_1.14.1/STM32CubeIDE/plugins/com.st.stm32cube.ide.mcu.externaltools.gnu-tools-for-stm32.12.3.rel1.win32_1.0.100.202403111256/tools/bin/../lib/gcc/arm-none-eabi/12.3.1/../../../../arm-none-eabi/lib/thumb/v7e-m+fp/hard\libc_nano.a(libc_a-memset.o)
                0x0800d50c                memset
 .text.__errno  0x0800d51c        0xc C:/ST/STM32CubeIDE_1.14.1/STM32CubeIDE/plugins/com.st.stm32cube.ide.mcu.externaltools.gnu-tools-for-stm32.12.3.rel1.win32_1.0.100.202403111256/tools/bin/../lib/gcc/arm-none-eabi/12.3.1/../../../../arm-none-eabi/lib/thumb/v7e-m+fp/hard\libc_nano.a(libc_a-errno.o)
                0x0800d51c                __errno
 .text.__libc_init_array
                0x0800d528       0x48 C:/ST/STM32CubeIDE_1.14.1/STM32CubeIDE/plugins/com.st.stm32cube.ide.mcu.externaltools.gnu-tools-for-stm32.12.3.rel1.win32_1.0.100.202403111256/tools/bin/../lib/gcc/arm-none-eabi/12.3.1/../../../../arm-none-eabi/lib/thumb/v7e-m+fp/hard\libc_nano.a(libc_a-init.o)
                0x0800d528                __libc_init_array
 .text.__retarget_lock_acquire_recursive
                0x0800d570        0x2 C:/ST/STM32CubeIDE_1.14.1/STM32CubeIDE/plugins/com.st.stm32cube.ide.mcu.externaltools.gnu-tools-for-stm32.12.3.rel1.win32_1.0.100.202403111256/tools/bin/../lib/gcc/arm-none-eabi/12.3.1/../../../../arm-none-eabi/lib/thumb/v7e-m+fp/hard\libc_nano.a(libc_a-lock.o)
                0x0800d570                __retarget_lock_acquire_recursive
 .text.__retarget_lock_release_recursive
                0x0800d572        0x2 C:/ST/STM32CubeIDE_1.14.1/STM32CubeIDE/plugins/com.st.stm32cube.ide.mcu.externaltools.gnu-tools-for-stm32.12.3.rel1.win32_1.0.100.202403111256/tools/bin/../lib/gcc/arm-none-eabi/12.3.1/../../../../arm-none-eabi/lib/thumb/v7e-m+fp/hard\libc_nano.a(libc_a-lock.o)
                0x0800d572                __retarget_lock_release_recursive
 .text._free_r  0x0800d574       0x94 C:/ST/STM32CubeIDE_1.14.1/STM32CubeIDE/plugins/com.st.stm32cube.ide.mcu.externaltools.gnu-tools-for-stm32.12.3.rel1.win32_1.0.100.202403111256/tools/bin/../lib/gcc/arm-none-eabi/12.3.1/../../../../arm-none-eabi/lib/thumb/v7e-m+fp/hard\libc_nano.a(libc_a-freer.o)
                0x0800d574                _free_r
 .text.sbrk_aligned
                0x0800d608       0x44 C:/ST/STM32CubeIDE_1.14.1/STM32CubeIDE/plugins/com.st.stm32cube.ide.mcu.externaltools.gnu-tools-for-stm32.12.3.rel1.win32_1.0.100.202403111256/tools/bin/../lib/gcc/arm-none-eabi/12.3.1/../../../../arm-none-eabi/lib/thumb/v7e-m+fp/hard\libc_nano.a(libc_a-mallocr.o)
 .text._malloc_r
                0x0800d64c      0x100 C:/ST/STM32CubeIDE_1.14.1/STM32CubeIDE/plugins/com.st.stm32cube.ide.mcu.externaltools.gnu-tools-for-stm32.12.3.rel1.win32_1.0.100.202403111256/tools/bin/../lib/gcc/arm-none-eabi/12.3.1/../../../../arm-none-eabi/lib/thumb/v7e-m+fp/hard\libc_nano.a(libc_a-mallocr.o)
                0x0800d64c                _malloc_r
 .text.__malloc_lock
                0x0800d74c        0xc C:/ST/STM32CubeIDE_1.14.1/STM32CubeIDE/plugins/com.st.stm32cube.ide.mcu.externaltools.gnu-tools-for-stm32.12.3.rel1.win32_1.0.100.202403111256/tools/bin/../lib/gcc/arm-none-eabi/12.3.1/../../../../arm-none-eabi/lib/thumb/v7e-m+fp/hard\libc_nano.a(libc_a-mlock.o)
                0x0800d74c                __malloc_lock
 .text.__malloc_unlock
                0x0800d758        0xc C:/ST/STM32CubeIDE_1.14.1/STM32CubeIDE/plugins/com.st.stm32cube.ide.mcu.externaltools.gnu-tools-for-stm32.12.3.rel1.win32_1.0.100.202403111256/tools/bin/../lib/gcc/arm-none-eabi/12.3.1/../../../../arm-none-eabi/lib/thumb/v7e-m+fp/hard\libc_nano.a(libc_a-mlock.o)
                0x0800d758                __malloc_unlock
 .text.__ssputs_r
                0x0800d764       0xb6 C:/ST/STM32CubeIDE_1.14.1/STM32CubeIDE/plugins/com.st.stm32cube.ide.mcu.externaltools.gnu-tools-for-stm32.12.3.rel1.win32_1.0.100.202403111256/tools/bin/../lib/gcc/arm-none-eabi/12.3.1/../../../../arm-none-eabi/lib/thumb/v7e-m+fp/hard\libc_nano.a(libc_a-nano-svfprintf.o)
                0x0800d764                __ssputs_r
 *fill*         0x0800d81a        0x2 
 .text._svfprintf_r
                0x0800d81c      0x1f8 C:/ST/STM32CubeIDE_1.14.1/STM32CubeIDE/plugins/com.st.stm32cube.ide.mcu.externaltools.gnu-tools-for-stm32.12.3.rel1.win32_1.0.100.202403111256/tools/bin/../lib/gcc/arm-none-eabi/12.3.1/../../../../arm-none-eabi/lib/thumb/v7e-m+fp/hard\libc_nano.a(libc_a-nano-svfprintf.o)
                0x0800d81c                _svfiprintf_r
                0x0800d81c                _svfprintf_r
 .text._printf_common
                0x0800da14       0xda C:/ST/STM32CubeIDE_1.14.1/STM32CubeIDE/plugins/com.st.stm32cube.ide.mcu.externaltools.gnu-tools-for-stm32.12.3.rel1.win32_1.0.100.202403111256/tools/bin/../lib/gcc/arm-none-eabi/12.3.1/../../../../arm-none-eabi/lib/thumb/v7e-m+fp/hard\libc_nano.a(libc_a-nano-vfprintf_i.o)
                0x0800da14                _printf_common
 *fill*         0x0800daee        0x2 
 .text._printf_i
                0x0800daf0      0x240 C:/ST/STM32CubeIDE_1.14.1/STM32CubeIDE/plugins/com.st.stm32cube.ide.mcu.externaltools.gnu-tools-for-stm32.12.3.rel1.win32_1.0.100.202403111256/tools/bin/../lib/gcc/arm-none-eabi/12.3.1/../../../../arm-none-eabi/lib/thumb/v7e-m+fp/hard\libc_nano.a(libc_a-nano-vfprintf_i.o)
                0x0800daf0                _printf_i
 .text.memmove  0x0800dd30       0x34 C:/ST/STM32CubeIDE_1.14.1/STM32CubeIDE/plugins/com.st.stm32cube.ide.mcu.externaltools.gnu-tools-for-stm32.12.3.rel1.win32_1.0.100.202403111256/tools/bin/../lib/gcc/arm-none-eabi/12.3.1/../../../../arm-none-eabi/lib/thumb/v7e-m+fp/hard\libc_nano.a(libc_a-memmove.o)
                0x0800dd30                memmove
 .text._sbrk_r  0x0800dd64       0x20 C:/ST/STM32CubeIDE_1.14.1/STM32CubeIDE/plugins/com.st.stm32cube.ide.mcu.externaltools.gnu-tools-for-stm32.12.3.rel1.win32_1.0.100.202403111256/tools/bin/../lib/gcc/arm-none-eabi/12.3.1/../../../../arm-none-eabi/lib/thumb/v7e-m+fp/hard\libc_nano.a(libc_a-sbrkr.o)
                0x0800dd64                _sbrk_r
 .text.memcpy   0x0800dd84       0x1c C:/ST/STM32CubeIDE_1.14.1/STM32CubeIDE/plugins/com.st.stm32cube.ide.mcu.externaltools.gnu-tools-for-stm32.12.3.rel1.win32_1.0.100.202403111256/tools/bin/../lib/gcc/arm-none-eabi/12.3.1/../../../../arm-none-eabi/lib/thumb/v7e-m+fp/hard\libc_nano.a(libc_a-memcpy-stub.o)
                0x0800dd84                memcpy
 .text._realloc_r
                0x0800dda0       0x5c C:/ST/STM32CubeIDE_1.14.1/STM32CubeIDE/plugins/com.st.stm32cube.ide.mcu.externaltools.gnu-tools-for-stm32.12.3.rel1.win32_1.0.100.202403111256/tools/bin/../lib/gcc/arm-none-eabi/12.3.1/../../../../arm-none-eabi/lib/thumb/v7e-m+fp/hard\libc_nano.a(libc_a-reallocr.o)
                0x0800dda0                _realloc_r
 .text._malloc_usable_size_r
                0x0800ddfc       0x10 C:/ST/STM32CubeIDE_1.14.1/STM32CubeIDE/plugins/com.st.stm32cube.ide.mcu.externaltools.gnu-tools-for-stm32.12.3.rel1.win32_1.0.100.202403111256/tools/bin/../lib/gcc/arm-none-eabi/12.3.1/../../../../arm-none-eabi/lib/thumb/v7e-m+fp/hard\libc_nano.a(libc_a-msizer.o)
                0x0800ddfc                _malloc_usable_size_r
 *(.glue_7)
 .glue_7        0x0800de0c        0x0 linker stubs
 *(.glue_7t)
 .glue_7t       0x0800de0c        0x0 linker stubs
 *(.eh_frame)
 .eh_frame      0x0800de0c        0x0 C:/ST/STM32CubeIDE_1.14.1/STM32CubeIDE/plugins/com.st.stm32cube.ide.mcu.externaltools.gnu-tools-for-stm32.12.3.rel1.win32_1.0.100.202403111256/tools/bin/../lib/gcc/arm-none-eabi/12.3.1/thumb/v7e-m+fp/hard/crtbegin.o
 *(.init)
 .init          0x0800de0c        0x4 C:/ST/STM32CubeIDE_1.14.1/STM32CubeIDE/plugins/com.st.stm32cube.ide.mcu.externaltools.gnu-tools-for-stm32.12.3.rel1.win32_1.0.100.202403111256/tools/bin/../lib/gcc/arm-none-eabi/12.3.1/thumb/v7e-m+fp/hard/crti.o
                0x0800de0c                _init
 .init          0x0800de10        0x8 C:/ST/STM32CubeIDE_1.14.1/STM32CubeIDE/plugins/com.st.stm32cube.ide.mcu.externaltools.gnu-tools-for-stm32.12.3.rel1.win32_1.0.100.202403111256/tools/bin/../lib/gcc/arm-none-eabi/12.3.1/thumb/v7e-m+fp/hard/crtn.o
 *(.fini)
 .fini          0x0800de18        0x4 C:/ST/STM32CubeIDE_1.14.1/STM32CubeIDE/plugins/com.st.stm32cube.ide.mcu.externaltools.gnu-tools-for-stm32.12.3.rel1.win32_1.0.100.202403111256/tools/bin/../lib/gcc/arm-none-eabi/12.3.1/thumb/v7e-m+fp/hard/crti.o
                0x0800de18                _fini
 .fini          0x0800de1c        0x8 C:/ST/STM32CubeIDE_1.14.1/STM32CubeIDE/plugins/com.st.stm32cube.ide.mcu.externaltools.gnu-tools-for-stm32.12.3.rel1.win32_1.0.100.202403111256/tools/bin/../lib/gcc/arm-none-eabi/12.3.1/thumb/v7e-m+fp/hard/crtn.o
                0x0800de24                        . = ALIGN (0x4)
                0x0800de24                        _etext = .

.vfp11_veneer   0x0800de24        0x0
 .vfp11_veneer  0x0800de24        0x0 linker stubs

.v4_bx          0x0800de24        0x0
 .v4_bx         0x0800de24        0x0 linker stubs

.iplt           0x0800de24        0x0
 .iplt          0x0800de24        0x0 C:/ST/STM32CubeIDE_1.14.1/STM32CubeIDE/plugins/com.st.stm32cube.ide.mcu.externaltools.gnu-tools-for-stm32.12.3.rel1.win32_1.0.100.202403111256/tools/bin/../lib/gcc/arm-none-eabi/12.3.1/thumb/v7e-m+fp/hard/crtbegin.o

.rodata         0x0800de24     0x1048
                0x0800de24                        . = ALIGN (0x4)
 *(.rodata)
 .rodata        0x0800de24       0x46 ./USB_DEVICE/App/usbd_desc.o
 *fill*         0x0800de6a        0x2 
 .rodata        0x0800de6c       0x10 ./mysource/measuring.o
 .rodata        0x0800de7c      0x1c8 ./mysource/product_struct.o
 *(.rodata*)
 .rodata.AHBPrescTable
                0x0800e044       0x10 ./Core/Src/system_stm32f4xx.o
                0x0800e044                AHBPrescTable
 .rodata.APBPrescTable
                0x0800e054        0x8 ./Core/Src/system_stm32f4xx.o
                0x0800e054                APBPrescTable
 .rodata.flagBitshiftOffset.0
                0x0800e05c        0x8 ./Drivers/STM32F4xx_HAL_Driver/Src/stm32f4xx_hal_dma.o
 .rodata.Font11x18
                0x0800e064      0xd5c ./ST7735_src/fonts.o
 .rodata.init_cmds1
                0x0800edc0       0x3b ./ST7735_src/st7735.o
 *fill*         0x0800edfb        0x1 
 .rodata.init_cmds2
                0x0800edfc        0xf ./ST7735_src/st7735.o
 *fill*         0x0800ee0b        0x1 
 .rodata.init_cmds3
                0x0800ee0c       0x2b ./ST7735_src/st7735.o
 .rodata._svfprintf_r.str1.1
                0x0800ee37       0x11 C:/ST/STM32CubeIDE_1.14.1/STM32CubeIDE/plugins/com.st.stm32cube.ide.mcu.externaltools.gnu-tools-for-stm32.12.3.rel1.win32_1.0.100.202403111256/tools/bin/../lib/gcc/arm-none-eabi/12.3.1/../../../../arm-none-eabi/lib/thumb/v7e-m+fp/hard\libc_nano.a(libc_a-nano-svfprintf.o)
 .rodata._printf_i.str1.1
                0x0800ee48       0x22 C:/ST/STM32CubeIDE_1.14.1/STM32CubeIDE/plugins/com.st.stm32cube.ide.mcu.externaltools.gnu-tools-for-stm32.12.3.rel1.win32_1.0.100.202403111256/tools/bin/../lib/gcc/arm-none-eabi/12.3.1/../../../../arm-none-eabi/lib/thumb/v7e-m+fp/hard\libc_nano.a(libc_a-nano-vfprintf_i.o)
                0x0800ee6c                        . = ALIGN (0x4)
 *fill*         0x0800ee6a        0x2 

.ARM.extab      0x0800ee6c        0x0
                0x0800ee6c                        . = ALIGN (0x4)
 *(.ARM.extab* .gnu.linkonce.armextab.*)
                0x0800ee6c                        . = ALIGN (0x4)

.ARM            0x0800ee6c        0x8
                0x0800ee6c                        . = ALIGN (0x4)
                0x0800ee6c                        __exidx_start = .
 *(.ARM.exidx*)
 .ARM.exidx     0x0800ee6c        0x8 C:/ST/STM32CubeIDE_1.14.1/STM32CubeIDE/plugins/com.st.stm32cube.ide.mcu.externaltools.gnu-tools-for-stm32.12.3.rel1.win32_1.0.100.202403111256/tools/bin/../lib/gcc/arm-none-eabi/12.3.1/../../../../arm-none-eabi/lib/thumb/v7e-m+fp/hard\libc_nano.a(libc_a-memchr.o)
 .ARM.exidx     0x0800ee74        0x0 C:/ST/STM32CubeIDE_1.14.1/STM32CubeIDE/plugins/com.st.stm32cube.ide.mcu.externaltools.gnu-tools-for-stm32.12.3.rel1.win32_1.0.100.202403111256/tools/bin/../lib/gcc/arm-none-eabi/12.3.1/thumb/v7e-m+fp/hard\libgcc.a(_udivmoddi4.o)
                                  0x8 (size before relaxing)
                0x0800ee74                        __exidx_end = .
                0x0800ee74                        . = ALIGN (0x4)

.rel.dyn        0x0800ee74        0x0
 .rel.iplt      0x0800ee74        0x0 C:/ST/STM32CubeIDE_1.14.1/STM32CubeIDE/plugins/com.st.stm32cube.ide.mcu.externaltools.gnu-tools-for-stm32.12.3.rel1.win32_1.0.100.202403111256/tools/bin/../lib/gcc/arm-none-eabi/12.3.1/thumb/v7e-m+fp/hard/crtbegin.o

.preinit_array  0x0800ee74        0x0
                0x0800ee74                        . = ALIGN (0x4)
                0x0800ee74                        PROVIDE (__preinit_array_start = .)
 *(.preinit_array*)
                0x0800ee74                        PROVIDE (__preinit_array_end = .)
                0x0800ee74                        . = ALIGN (0x4)

.init_array     0x0800ee74        0x4
                0x0800ee74                        . = ALIGN (0x4)
                0x0800ee74                        PROVIDE (__init_array_start = .)
 *(SORT_BY_NAME(.init_array.*))
 *(.init_array*)
 .init_array    0x0800ee74        0x4 C:/ST/STM32CubeIDE_1.14.1/STM32CubeIDE/plugins/com.st.stm32cube.ide.mcu.externaltools.gnu-tools-for-stm32.12.3.rel1.win32_1.0.100.202403111256/tools/bin/../lib/gcc/arm-none-eabi/12.3.1/thumb/v7e-m+fp/hard/crtbegin.o
                0x0800ee78                        PROVIDE (__init_array_end = .)
                0x0800ee78                        . = ALIGN (0x4)

.fini_array     0x0800ee78        0x4
                0x0800ee78                        . = ALIGN (0x4)
                [!provide]                        PROVIDE (__fini_array_start = .)
 *(SORT_BY_NAME(.fini_array.*))
 *(.fini_array*)
 .fini_array    0x0800ee78        0x4 C:/ST/STM32CubeIDE_1.14.1/STM32CubeIDE/plugins/com.st.stm32cube.ide.mcu.externaltools.gnu-tools-for-stm32.12.3.rel1.win32_1.0.100.202403111256/tools/bin/../lib/gcc/arm-none-eabi/12.3.1/thumb/v7e-m+fp/hard/crtbegin.o
                [!provide]                        PROVIDE (__fini_array_end = .)
                0x0800ee7c                        . = ALIGN (0x4)
                0x0800ee7c                        _sidata = LOADADDR (.data)

.data           0x20000000      0x624 load address 0x0800ee7c
                0x20000000                        . = ALIGN (0x4)
                0x20000000                        _sdata = .
 *(.data)
 *(.data*)
 .data.SystemCoreClock
                0x20000000        0x4 ./Core/Src/system_stm32f4xx.o
                0x20000000                SystemCoreClock
 .data.uwTickPrio
                0x20000004        0x4 ./Drivers/STM32F4xx_HAL_Driver/Src/stm32f4xx_hal.o
                0x20000004                uwTickPrio
 .data.uwTickFreq
                0x20000008        0x1 ./Drivers/STM32F4xx_HAL_Driver/Src/stm32f4xx_hal.o
                0x20000008                uwTickFreq
 *fill*         0x20000009        0x3 
 .data.USBD_CDC_DeviceQualifierDesc
                0x2000000c        0xa ./Middlewares/ST/STM32_USB_Device_Library/Class/CDC/Src/usbd_cdc.o
 *fill*         0x20000016        0x2 
 .data.USBD_CDC
                0x20000018       0x38 ./Middlewares/ST/STM32_USB_Device_Library/Class/CDC/Src/usbd_cdc.o
                0x20000018                USBD_CDC
 .data.USBD_CDC_CfgDesc
                0x20000050       0x43 ./Middlewares/ST/STM32_USB_Device_Library/Class/CDC/Src/usbd_cdc.o
 .data.CDCInEpAdd
                0x20000093        0x1 ./Middlewares/ST/STM32_USB_Device_Library/Class/CDC/Src/usbd_cdc.o
 .data.CDCOutEpAdd
                0x20000094        0x1 ./Middlewares/ST/STM32_USB_Device_Library/Class/CDC/Src/usbd_cdc.o
 .data.CDCCmdEpAdd
                0x20000095        0x1 ./Middlewares/ST/STM32_USB_Device_Library/Class/CDC/Src/usbd_cdc.o
 *fill*         0x20000096        0x2 
 .data.Font_11x18
                0x20000098        0x8 ./ST7735_src/fonts.o
                0x20000098                Font_11x18
 .data.USBD_Interface_fops_FS
                0x200000a0       0x14 ./USB_DEVICE/App/usbd_cdc_if.o
                0x200000a0                USBD_Interface_fops_FS
 .data.FS_Desc  0x200000b4       0x1c ./USB_DEVICE/App/usbd_desc.o
                0x200000b4                FS_Desc
 .data.USBD_FS_DeviceDesc
                0x200000d0       0x12 ./USB_DEVICE/App/usbd_desc.o
                0x200000d0                USBD_FS_DeviceDesc
 *fill*         0x200000e2        0x2 
 .data.USBD_LangIDDesc
                0x200000e4        0x4 ./USB_DEVICE/App/usbd_desc.o
                0x200000e4                USBD_LangIDDesc
 .data.USBD_StringSerial
                0x200000e8       0x1a ./USB_DEVICE/App/usbd_desc.o
                0x200000e8                USBD_StringSerial
 .data.gl_led_pwm_state
                0x20000102        0x1 ./mysource/measuring.o
                0x20000102                gl_led_pwm_state
 .data.current_page
                0x20000103        0x1 ./mysource/page_select.o
                0x20000103                current_page
 .data.gl_selected_flag
                0x20000104        0x1 ./mysource/product_selection.o
                0x20000104                gl_selected_flag
 *fill*         0x20000105        0x3 
 .data.product_array
                0x20000108      0x4c4 ./mysource/product_struct.o
                0x20000108                product_array
 .data.touch_thrsh
                0x200005cc        0x5 ./mysource/touch.o
                0x200005cc                touch_thrsh
 .data.first_touch
                0x200005d1        0x1 ./mysource/touch.o
                0x200005d1                first_touch
 .data.second_touch
                0x200005d2        0x1 ./mysource/touch.o
                0x200005d2                second_touch
 *fill*         0x200005d3        0x1 
 .data._impure_ptr
                0x200005d4        0x4 C:/ST/STM32CubeIDE_1.14.1/STM32CubeIDE/plugins/com.st.stm32cube.ide.mcu.externaltools.gnu-tools-for-stm32.12.3.rel1.win32_1.0.100.202403111256/tools/bin/../lib/gcc/arm-none-eabi/12.3.1/../../../../arm-none-eabi/lib/thumb/v7e-m+fp/hard\libc_nano.a(libc_a-impure.o)
                0x200005d4                _impure_ptr
 .data._impure_data
                0x200005d8       0x4c C:/ST/STM32CubeIDE_1.14.1/STM32CubeIDE/plugins/com.st.stm32cube.ide.mcu.externaltools.gnu-tools-for-stm32.12.3.rel1.win32_1.0.100.202403111256/tools/bin/../lib/gcc/arm-none-eabi/12.3.1/../../../../arm-none-eabi/lib/thumb/v7e-m+fp/hard\libc_nano.a(libc_a-impure.o)
                0x200005d8                _impure_data
 *(.RamFunc)
 *(.RamFunc*)
                0x20000624                        . = ALIGN (0x4)
                0x20000624                        _edata = .

.igot.plt       0x20000624        0x0 load address 0x0800f4a0
 .igot.plt      0x20000624        0x0 C:/ST/STM32CubeIDE_1.14.1/STM32CubeIDE/plugins/com.st.stm32cube.ide.mcu.externaltools.gnu-tools-for-stm32.12.3.rel1.win32_1.0.100.202403111256/tools/bin/../lib/gcc/arm-none-eabi/12.3.1/thumb/v7e-m+fp/hard/crtbegin.o
                0x20000624                        . = ALIGN (0x4)

.bss            0x20000624     0x18d4 load address 0x0800f4a0
                0x20000624                        _sbss = .
                0x20000624                        __bss_start__ = _sbss
 *(.bss)
 .bss           0x20000624       0x1c C:/ST/STM32CubeIDE_1.14.1/STM32CubeIDE/plugins/com.st.stm32cube.ide.mcu.externaltools.gnu-tools-for-stm32.12.3.rel1.win32_1.0.100.202403111256/tools/bin/../lib/gcc/arm-none-eabi/12.3.1/thumb/v7e-m+fp/hard/crtbegin.o
 *(.bss*)
 .bss.hadc1     0x20000640       0x48 ./Core/Src/main.o
                0x20000640                hadc1
 .bss.hi2c1     0x20000688       0x54 ./Core/Src/main.o
                0x20000688                hi2c1
 .bss.hrtc      0x200006dc       0x20 ./Core/Src/main.o
                0x200006dc                hrtc
 .bss.hspi1     0x200006fc       0x58 ./Core/Src/main.o
                0x200006fc                hspi1
 .bss.hdma_spi1_rx
                0x20000754       0x60 ./Core/Src/main.o
                0x20000754                hdma_spi1_rx
 .bss.hdma_spi1_tx
                0x200007b4       0x60 ./Core/Src/main.o
                0x200007b4                hdma_spi1_tx
 .bss.htim1     0x20000814       0x48 ./Core/Src/main.o
                0x20000814                htim1
 .bss.htim2     0x2000085c       0x48 ./Core/Src/main.o
                0x2000085c                htim2
 .bss.htim3     0x200008a4       0x48 ./Core/Src/main.o
                0x200008a4                htim3
 .bss.htim4     0x200008ec       0x48 ./Core/Src/main.o
                0x200008ec                htim4
 .bss.touch_irq
                0x20000934        0x1 ./Core/Src/main.o
                0x20000934                touch_irq
 .bss.gl_id_to_display
                0x20000935        0x1 ./Core/Src/main.o
                0x20000935                gl_id_to_display
 .bss.CH3_DC    0x20000936        0x2 ./Core/Src/stm32f4xx_it.o
                0x20000936                CH3_DC
 .bss.ch3_counter
                0x20000938        0x2 ./Core/Src/stm32f4xx_it.o
                0x20000938                ch3_counter
 .bss.gl_counter_1000hz_tim2
                0x2000093a        0x2 ./Core/Src/stm32f4xx_it.o
                0x2000093a                gl_counter_1000hz_tim2
 .bss.gl_int_5hz_tim2
                0x2000093c        0x1 ./Core/Src/stm32f4xx_it.o
                0x2000093c                gl_int_5hz_tim2
 .bss.gl_int_5hz_tim2_for_pic
                0x2000093d        0x1 ./Core/Src/stm32f4xx_it.o
                0x2000093d                gl_int_5hz_tim2_for_pic
 .bss.led_1hz_counter
                0x2000093e        0x1 ./Core/Src/stm32f4xx_it.o
                0x2000093e                led_1hz_counter
 .bss.gl_led_color_result_blink_counter
                0x2000093f        0x1 ./Core/Src/stm32f4xx_it.o
                0x2000093f                gl_led_color_result_blink_counter
 .bss.gl_touch_change_id
                0x20000940        0x1 ./Core/Src/stm32f4xx_it.o
                0x20000940                gl_touch_change_id
 *fill*         0x20000941        0x1 
 .bss.gl_touch_accel
                0x20000942        0x2 ./Core/Src/stm32f4xx_it.o
                0x20000942                gl_touch_accel
 .bss.gl_touch_accel_inc
                0x20000944        0x2 ./Core/Src/stm32f4xx_it.o
                0x20000944                gl_touch_accel_inc
 *fill*         0x20000946        0x2 
 .bss.__sbrk_heap_end
                0x20000948        0x4 ./Core/Src/sysmem.o
 .bss.uwTick    0x2000094c        0x4 ./Drivers/STM32F4xx_HAL_Driver/Src/stm32f4xx_hal.o
                0x2000094c                uwTick
 .bss.cfgidx.0  0x20000950        0x1 ./Middlewares/ST/STM32_USB_Device_Library/Core/Src/usbd_ctlreq.o
 *fill*         0x20000951        0x3 
 .bss.hUsbDeviceFS
                0x20000954      0x2dc ./USB_DEVICE/App/usb_device.o
                0x20000954                hUsbDeviceFS
 .bss.UserRxBufferFS
                0x20000c30      0x400 ./USB_DEVICE/App/usbd_cdc_if.o
                0x20000c30                UserRxBufferFS
 .bss.UserTxBufferFS
                0x20001030      0x400 ./USB_DEVICE/App/usbd_cdc_if.o
                0x20001030                UserTxBufferFS
 .bss.USBD_StrDesc
                0x20001430      0x200 ./USB_DEVICE/App/usbd_desc.o
                0x20001430                USBD_StrDesc
 .bss.hpcd_USB_OTG_FS
                0x20001630      0x50c ./USB_DEVICE/Target/usbd_conf.o
                0x20001630                hpcd_USB_OTG_FS
 .bss.mem.0     0x20001b3c      0x220 ./USB_DEVICE/Target/usbd_conf.o
 .bss.but_state_left
                0x20001d5c        0x1 ./mysource/button.o
                0x20001d5c                but_state_left
 .bss.but_state_right
                0x20001d5d        0x1 ./mysource/button.o
                0x20001d5d                but_state_right
 .bss.short_state_l
                0x20001d5e        0x1 ./mysource/button.o
                0x20001d5e                short_state_l
 .bss.long_state_l
                0x20001d5f        0x1 ./mysource/button.o
                0x20001d5f                long_state_l
 .bss.time_key_l
                0x20001d60        0x4 ./mysource/button.o
                0x20001d60                time_key_l
 .bss.short_state_r
                0x20001d64        0x1 ./mysource/button.o
                0x20001d64                short_state_r
 .bss.long_state_r
                0x20001d65        0x1 ./mysource/button.o
                0x20001d65                long_state_r
 *fill*         0x20001d66        0x2 
 .bss.time_key_r
                0x20001d68        0x4 ./mysource/button.o
                0x20001d68                time_key_r
 .bss.but_flag_ext
                0x20001d6c        0x1 ./mysource/button.o
                0x20001d6c                but_flag_ext
 *fill*         0x20001d6d        0x1 
 .bss.gl_selected_pause
                0x20001d6e        0x2 ./mysource/product_selection.o
                0x20001d6e                gl_selected_pause
 .bss.prod_sel_flag
                0x20001d70        0x5 ./mysource/product_selection.o
                0x20001d70                prod_sel_flag
 *fill*         0x20001d75        0x3 
 .bss.capreadbuffer
                0x20001d78        0xa ./mysource/touch.o
                0x20001d78                capreadbuffer
 .bss.test1     0x20001d82        0x1 ./mysource/touch.o
                0x20001d82                test1
 .bss.left_treshold
                0x20001d83        0x1 ./mysource/touch.o
                0x20001d83                left_treshold
 .bss.right_treshold
                0x20001d84        0x1 ./mysource/touch.o
                0x20001d84                right_treshold
 .bss.touch_direction
                0x20001d85        0x1 ./mysource/touch.o
                0x20001d85                touch_direction
 *fill*         0x20001d86        0x2 
 .bss.w25qxx    0x20001d88       0x28 ./w25qxx/w25qxx.o
                0x20001d88                w25qxx
 .bss.__sf      0x20001db0      0x138 C:/ST/STM32CubeIDE_1.14.1/STM32CubeIDE/plugins/com.st.stm32cube.ide.mcu.externaltools.gnu-tools-for-stm32.12.3.rel1.win32_1.0.100.202403111256/tools/bin/../lib/gcc/arm-none-eabi/12.3.1/../../../../arm-none-eabi/lib/thumb/v7e-m+fp/hard\libc_nano.a(libc_a-findfp.o)
                0x20001db0                __sf
 .bss.errno     0x20001ee8        0x4 C:/ST/STM32CubeIDE_1.14.1/STM32CubeIDE/plugins/com.st.stm32cube.ide.mcu.externaltools.gnu-tools-for-stm32.12.3.rel1.win32_1.0.100.202403111256/tools/bin/../lib/gcc/arm-none-eabi/12.3.1/../../../../arm-none-eabi/lib/thumb/v7e-m+fp/hard\libc_nano.a(libc_a-reent.o)
                0x20001ee8                errno
 .bss.__lock___malloc_recursive_mutex
                0x20001eec        0x1 C:/ST/STM32CubeIDE_1.14.1/STM32CubeIDE/plugins/com.st.stm32cube.ide.mcu.externaltools.gnu-tools-for-stm32.12.3.rel1.win32_1.0.100.202403111256/tools/bin/../lib/gcc/arm-none-eabi/12.3.1/../../../../arm-none-eabi/lib/thumb/v7e-m+fp/hard\libc_nano.a(libc_a-lock.o)
                0x20001eec                __lock___malloc_recursive_mutex
 *fill*         0x20001eed        0x3 
 .bss.__malloc_sbrk_start
                0x20001ef0        0x4 C:/ST/STM32CubeIDE_1.14.1/STM32CubeIDE/plugins/com.st.stm32cube.ide.mcu.externaltools.gnu-tools-for-stm32.12.3.rel1.win32_1.0.100.202403111256/tools/bin/../lib/gcc/arm-none-eabi/12.3.1/../../../../arm-none-eabi/lib/thumb/v7e-m+fp/hard\libc_nano.a(libc_a-mallocr.o)
                0x20001ef0                __malloc_sbrk_start
 .bss.__malloc_free_list
                0x20001ef4        0x4 C:/ST/STM32CubeIDE_1.14.1/STM32CubeIDE/plugins/com.st.stm32cube.ide.mcu.externaltools.gnu-tools-for-stm32.12.3.rel1.win32_1.0.100.202403111256/tools/bin/../lib/gcc/arm-none-eabi/12.3.1/../../../../arm-none-eabi/lib/thumb/v7e-m+fp/hard\libc_nano.a(libc_a-mallocr.o)
                0x20001ef4                __malloc_free_list
 *(COMMON)
                0x20001ef8                        . = ALIGN (0x4)
                0x20001ef8                        _ebss = .
                0x20001ef8                        __bss_end__ = _ebss

._user_heap_stack
                0x20001ef8      0x600 load address 0x0800f4a0
                0x20001ef8                        . = ALIGN (0x8)
                [!provide]                        PROVIDE (end = .)
                0x20001ef8                        PROVIDE (_end = .)
                0x200020f8                        . = (. + _Min_Heap_Size)
 *fill*         0x20001ef8      0x200 
                0x200024f8                        . = (. + _Min_Stack_Size)
 *fill*         0x200020f8      0x400 
                0x200024f8                        . = ALIGN (0x8)

/DISCARD/
 libc.a(*)
 libm.a(*)
 libgcc.a(*)

.ARM.attributes
                0x00000000       0x30
 *(.ARM.attributes)
 .ARM.attributes
                0x00000000       0x22 C:/ST/STM32CubeIDE_1.14.1/STM32CubeIDE/plugins/com.st.stm32cube.ide.mcu.externaltools.gnu-tools-for-stm32.12.3.rel1.win32_1.0.100.202403111256/tools/bin/../lib/gcc/arm-none-eabi/12.3.1/thumb/v7e-m+fp/hard/crti.o
 .ARM.attributes
                0x00000022       0x34 C:/ST/STM32CubeIDE_1.14.1/STM32CubeIDE/plugins/com.st.stm32cube.ide.mcu.externaltools.gnu-tools-for-stm32.12.3.rel1.win32_1.0.100.202403111256/tools/bin/../lib/gcc/arm-none-eabi/12.3.1/thumb/v7e-m+fp/hard/crtbegin.o
 .ARM.attributes
                0x00000056       0x34 ./Core/Src/main.o
 .ARM.attributes
                0x0000008a       0x34 ./Core/Src/stm32f4xx_hal_msp.o
 .ARM.attributes
                0x000000be       0x34 ./Core/Src/stm32f4xx_it.o
 .ARM.attributes
                0x000000f2       0x34 ./Core/Src/sysmem.o
 .ARM.attributes
                0x00000126       0x34 ./Core/Src/system_stm32f4xx.o
 .ARM.attributes
                0x0000015a       0x21 ./Core/Startup/startup_stm32f401rctx.o
 .ARM.attributes
                0x0000017b       0x34 ./Drivers/STM32F4xx_HAL_Driver/Src/stm32f4xx_hal.o
 .ARM.attributes
                0x000001af       0x34 ./Drivers/STM32F4xx_HAL_Driver/Src/stm32f4xx_hal_adc.o
 .ARM.attributes
                0x000001e3       0x34 ./Drivers/STM32F4xx_HAL_Driver/Src/stm32f4xx_hal_cortex.o
 .ARM.attributes
                0x00000217       0x34 ./Drivers/STM32F4xx_HAL_Driver/Src/stm32f4xx_hal_dma.o
 .ARM.attributes
                0x0000024b       0x34 ./Drivers/STM32F4xx_HAL_Driver/Src/stm32f4xx_hal_gpio.o
 .ARM.attributes
                0x0000027f       0x34 ./Drivers/STM32F4xx_HAL_Driver/Src/stm32f4xx_hal_i2c.o
 .ARM.attributes
                0x000002b3       0x34 ./Drivers/STM32F4xx_HAL_Driver/Src/stm32f4xx_hal_pcd.o
 .ARM.attributes
                0x000002e7       0x34 ./Drivers/STM32F4xx_HAL_Driver/Src/stm32f4xx_hal_pcd_ex.o
 .ARM.attributes
                0x0000031b       0x34 ./Drivers/STM32F4xx_HAL_Driver/Src/stm32f4xx_hal_rcc.o
 .ARM.attributes
                0x0000034f       0x34 ./Drivers/STM32F4xx_HAL_Driver/Src/stm32f4xx_hal_rcc_ex.o
 .ARM.attributes
                0x00000383       0x34 ./Drivers/STM32F4xx_HAL_Driver/Src/stm32f4xx_hal_rtc.o
 .ARM.attributes
                0x000003b7       0x34 ./Drivers/STM32F4xx_HAL_Driver/Src/stm32f4xx_hal_rtc_ex.o
 .ARM.attributes
                0x000003eb       0x34 ./Drivers/STM32F4xx_HAL_Driver/Src/stm32f4xx_hal_spi.o
 .ARM.attributes
                0x0000041f       0x34 ./Drivers/STM32F4xx_HAL_Driver/Src/stm32f4xx_hal_tim.o
 .ARM.attributes
                0x00000453       0x34 ./Drivers/STM32F4xx_HAL_Driver/Src/stm32f4xx_hal_tim_ex.o
 .ARM.attributes
                0x00000487       0x34 ./Drivers/STM32F4xx_HAL_Driver/Src/stm32f4xx_ll_usb.o
 .ARM.attributes
                0x000004bb       0x34 ./Middlewares/ST/STM32_USB_Device_Library/Class/CDC/Src/usbd_cdc.o