Archive member included to satisfy reference by file (symbol)

C:/ST/STM32CubeIDE_1.14.1/STM32CubeIDE/plugins/com.st.stm32cube.ide.mcu.externaltools.gnu-tools-for-stm32.12.3.rel1.win32_1.0.100.202403111256/tools/bin/../lib/gcc/arm-none-eabi/12.3.1/../../../../arm-none-eabi/lib/thumb/v7e-m+fp/hard\libc_nano.a(libc_a-exit.o)
                              C:/ST/STM32CubeIDE_1.14.1/STM32CubeIDE/plugins/com.st.stm32cube.ide.mcu.externaltools.gnu-tools-for-stm32.12.3.rel1.win32_1.0.100.202403111256/tools/bin/../lib/gcc/arm-none-eabi/12.3.1/../../../../arm-none-eabi/lib/thumb/v7e-m+fp/hard/crt0.o (exit)
C:/ST/STM32CubeIDE_1.14.1/STM32CubeIDE/plugins/com.st.stm32cube.ide.mcu.externaltools.gnu-tools-for-stm32.12.3.rel1.win32_1.0.100.202403111256/tools/bin/../lib/gcc/arm-none-eabi/12.3.1/../../../../arm-none-eabi/lib/thumb/v7e-m+fp/hard\libc_nano.a(libc_a-findfp.o)
                              C:/ST/STM32CubeIDE_1.14.1/STM32CubeIDE/plugins/com.st.stm32cube.ide.mcu.externaltools.gnu-tools-for-stm32.12.3.rel1.win32_1.0.100.202403111256/tools/bin/../lib/gcc/arm-none-eabi/12.3.1/../../../../arm-none-eabi/lib/thumb/v7e-m+fp/hard\libc_nano.a(libc_a-exit.o) (__stdio_exit_handler)
C:/ST/STM32CubeIDE_1.14.1/STM32CubeIDE/plugins/com.st.stm32cube.ide.mcu.externaltools.gnu-tools-for-stm32.12.3.rel1.win32_1.0.100.202403111256/tools/bin/../lib/gcc/arm-none-eabi/12.3.1/../../../../arm-none-eabi/lib/thumb/v7e-m+fp/hard\libc_nano.a(libc_a-fwalk.o)
                              C:/ST/STM32CubeIDE_1.14.1/STM32CubeIDE/plugins/com.st.stm32cube.ide.mcu.externaltools.gnu-tools-for-stm32.12.3.rel1.win32_1.0.100.202403111256/tools/bin/../lib/gcc/arm-none-eabi/12.3.1/../../../../arm-none-eabi/lib/thumb/v7e-m+fp/hard\libc_nano.a(libc_a-findfp.o) (_fwalk_sglue)
C:/ST/STM32CubeIDE_1.14.1/STM32CubeIDE/plugins/com.st.stm32cube.ide.mcu.externaltools.gnu-tools-for-stm32.12.3.rel1.win32_1.0.100.202403111256/tools/bin/../lib/gcc/arm-none-eabi/12.3.1/../../../../arm-none-eabi/lib/thumb/v7e-m+fp/hard\libc_nano.a(libc_a-sprintf.o)
                              ./mysource/measuring.o (sprintf)
C:/ST/STM32CubeIDE_1.14.1/STM32CubeIDE/plugins/com.st.stm32cube.ide.mcu.externaltools.gnu-tools-for-stm32.12.3.rel1.win32_1.0.100.202403111256/tools/bin/../lib/gcc/arm-none-eabi/12.3.1/../../../../arm-none-eabi/lib/thumb/v7e-m+fp/hard\libc_nano.a(libc_a-stdio.o)
                              C:/ST/STM32CubeIDE_1.14.1/STM32CubeIDE/plugins/com.st.stm32cube.ide.mcu.externaltools.gnu-tools-for-stm32.12.3.rel1.win32_1.0.100.202403111256/tools/bin/../lib/gcc/arm-none-eabi/12.3.1/../../../../arm-none-eabi/lib/thumb/v7e-m+fp/hard\libc_nano.a(libc_a-findfp.o) (__sread)
C:/ST/STM32CubeIDE_1.14.1/STM32CubeIDE/plugins/com.st.stm32cube.ide.mcu.externaltools.gnu-tools-for-stm32.12.3.rel1.win32_1.0.100.202403111256/tools/bin/../lib/gcc/arm-none-eabi/12.3.1/../../../../arm-none-eabi/lib/thumb/v7e-m+fp/hard\libc_nano.a(libc_a-memset.o)
                              C:/ST/STM32CubeIDE_1.14.1/STM32CubeIDE/plugins/com.st.stm32cube.ide.mcu.externaltools.gnu-tools-for-stm32.12.3.rel1.win32_1.0.100.202403111256/tools/bin/../lib/gcc/arm-none-eabi/12.3.1/../../../../arm-none-eabi/lib/thumb/v7e-m+fp/hard/crt0.o (memset)
C:/ST/STM32CubeIDE_1.14.1/STM32CubeIDE/plugins/com.st.stm32cube.ide.mcu.externaltools.gnu-tools-for-stm32.12.3.rel1.win32_1.0.100.202403111256/tools/bin/../lib/gcc/arm-none-eabi/12.3.1/../../../../arm-none-eabi/lib/thumb/v7e-m+fp/hard\libc_nano.a(libc_a-closer.o)
                              C:/ST/STM32CubeIDE_1.14.1/STM32CubeIDE/plugins/com.st.stm32cube.ide.mcu.externaltools.gnu-tools-for-stm32.12.3.rel1.win32_1.0.100.202403111256/tools/bin/../lib/gcc/arm-none-eabi/12.3.1/../../../../arm-none-eabi/lib/thumb/v7e-m+fp/hard\libc_nano.a(libc_a-stdio.o) (_close_r)
C:/ST/STM32CubeIDE_1.14.1/STM32CubeIDE/plugins/com.st.stm32cube.ide.mcu.externaltools.gnu-tools-for-stm32.12.3.rel1.win32_1.0.100.202403111256/tools/bin/../lib/gcc/arm-none-eabi/12.3.1/../../../../arm-none-eabi/lib/thumb/v7e-m+fp/hard\libc_nano.a(libc_a-reent.o)
                              C:/ST/STM32CubeIDE_1.14.1/STM32CubeIDE/plugins/com.st.stm32cube.ide.mcu.externaltools.gnu-tools-for-stm32.12.3.rel1.win32_1.0.100.202403111256/tools/bin/../lib/gcc/arm-none-eabi/12.3.1/../../../../arm-none-eabi/lib/thumb/v7e-m+fp/hard\libc_nano.a(libc_a-closer.o) (errno)
C:/ST/STM32CubeIDE_1.14.1/STM32CubeIDE/plugins/com.st.stm32cube.ide.mcu.externaltools.gnu-tools-for-stm32.12.3.rel1.win32_1.0.100.202403111256/tools/bin/../lib/gcc/arm-none-eabi/12.3.1/../../../../arm-none-eabi/lib/thumb/v7e-m+fp/hard\libc_nano.a(libc_a-impure.o)
                              C:/ST/STM32CubeIDE_1.14.1/STM32CubeIDE/plugins/com.st.stm32cube.ide.mcu.externaltools.gnu-tools-for-stm32.12.3.rel1.win32_1.0.100.202403111256/tools/bin/../lib/gcc/arm-none-eabi/12.3.1/../../../../arm-none-eabi/lib/thumb/v7e-m+fp/hard\libc_nano.a(libc_a-sprintf.o) (_impure_ptr)
[...]
Memory Configuration

Name             Origin             Length             Attributes
RAM              0x20000000         0x00010000         xrw
FLASH            0x08000000         0x00040000         xr
*default*        0x00000000         0xffffffff

Linker script and memory map

LOAD C:/ST/STM32CubeIDE_1.14.1/STM32CubeIDE/plugins/com.st.stm32cube.ide.mcu.externaltools.gnu-tools-for-stm32.12.3.rel1.win32_1.0.100.202403111256/tools/bin/../lib/gcc/arm-none-eabi/12.3.1/thumb/v7e-m+fp/hard/crti.o
LOAD C:/ST/STM32CubeIDE_1.14.1/STM32CubeIDE/plugins/com.st.stm32cube.ide.mcu.externaltools.gnu-tools-for-stm32.12.3.rel1.win32_1.0.100.202403111256/tools/bin/../lib/gcc/arm-none-eabi/12.3.1/thumb/v7e-m+fp/hard/crtbegin.o
LOAD C:/ST/STM32CubeIDE_1.14.1/STM32CubeIDE/plugins/com.st.stm32cube.ide.mcu.externaltools.gnu-tools-for-stm32.12.3.rel1.win32_1.0.100.202403111256/tools/bin/../lib/gcc/arm-none-eabi/12.3.1/../../../../arm-none-eabi/lib/thumb/v7e-m+fp/hard/crt0.o
LOAD ./Core/Src/main.o
LOAD ./Core/Src/stm32f4xx_hal_msp.o
LOAD ./Core/Src/stm32f4xx_it.o
LOAD ./Core/Src/syscalls.o
LOAD ./Core/Src/sysmem.o
LOAD ./Core/Src/system_stm32f4xx.o
LOAD ./Core/Startup/startup_stm32f401rctx.o
LOAD ./Drivers/STM32F4xx_HAL_Driver/Src/stm32f4xx_hal.o
LOAD ./Drivers/STM32F4xx_HAL_Driver/Src/stm32f4xx_hal_adc.o
LOAD ./Drivers/STM32F4xx_HAL_Driver/Src/stm32f4xx_hal_adc_ex.o
LOAD ./Drivers/STM32F4xx_HAL_Driver/Src/stm32f4xx_hal_cortex.o
LOAD ./Drivers/STM32F4xx_HAL_Driver/Src/stm32f4xx_hal_dma.o
LOAD ./Drivers/STM32F4xx_HAL_Driver/Src/stm32f4xx_hal_dma_ex.o
LOAD ./Drivers/STM32F4xx_HAL_Driver/Src/stm32f4xx_hal_exti.o
LOAD ./Drivers/STM32F4xx_HAL_Driver/Src/stm32f4xx_hal_flash.o
LOAD ./Drivers/STM32F4xx_HAL_Driver/Src/stm32f4xx_hal_flash_ex.o
LOAD ./Drivers/STM32F4xx_HAL_Driver/Src/stm32f4xx_hal_flash_ramfunc.o
LOAD ./Drivers/STM32F4xx_HAL_Driver/Src/stm32f4xx_hal_gpio.o
LOAD ./Drivers/STM32F4xx_HAL_Driver/Src/stm32f4xx_hal_i2c.o
LOAD ./Drivers/STM32F4xx_HAL_Driver/Src/stm32f4xx_hal_i2c_ex.o
LOAD ./Drivers/STM32F4xx_HAL_Driver/Src/stm32f4xx_hal_pcd.o
LOAD ./Drivers/STM32F4xx_HAL_Driver/Src/stm32f4xx_hal_pcd_ex.o
LOAD ./Drivers/STM32F4xx_HAL_Driver/Src/stm32f4xx_hal_pwr.o
LOAD ./Drivers/STM32F4xx_HAL_Driver/Src/stm32f4xx_hal_pwr_ex.o
LOAD ./Drivers/STM32F4xx_HAL_Driver/Src/stm32f4xx_hal_rcc.o
LOAD ./Drivers/STM32F4xx_HAL_Driver/Src/stm32f4xx_hal_rcc_ex.o
LOAD ./Drivers/STM32F4xx_HAL_Driver/Src/stm32f4xx_hal_rtc.o
LOAD ./Drivers/STM32F4xx_HAL_Driver/Src/stm32f4xx_hal_rtc_ex.o
LOAD ./Drivers/STM32F4xx_HAL_Driver/Src/stm32f4xx_hal_spi.o
LOAD ./Drivers/STM32F4xx_HAL_Driver/Src/stm32f4xx_hal_tim.o
LOAD ./Drivers/STM32F4xx_HAL_Driver/Src/stm32f4xx_hal_tim_ex.o
LOAD ./Drivers/STM32F4xx_HAL_Driver/Src/stm32f4xx_ll_adc.o
LOAD ./Drivers/STM32F4xx_HAL_Driver/Src/stm32f4xx_ll_usb.o
LOAD ./Middlewares/ST/STM32_USB_Device_Library/Class/CDC/Src/usbd_cdc.o
LOAD ./Middlewares/ST/STM32_USB_Device_Library/Core/Src/usbd_core.o
LOAD ./Middlewares/ST/STM32_USB_Device_Library/Core/Src/usbd_ctlreq.o
LOAD ./Middlewares/ST/STM32_USB_Device_Library/Core/Src/usbd_ioreq.o
LOAD ./ST7735_src/fonts.o
LOAD ./ST7735_src/images.o
LOAD ./ST7735_src/st7735.o
LOAD ./USB_DEVICE/App/usb_device.o
LOAD ./USB_DEVICE/App/usbd_cdc_if.o
LOAD ./USB_DEVICE/App/usbd_desc.o
LOAD ./USB_DEVICE/Target/usbd_conf.o
LOAD ./mysource/button.o
LOAD ./mysource/main_menu.o
LOAD ./mysource/measuring.o
LOAD ./mysource/page_select.o
LOAD ./mysource/product_selection.o
LOAD ./mysource/product_struct.o
LOAD ./mysource/touch.o
LOAD ./w25qxx/w25qxx.o
START GROUP
LOAD C:/ST/STM32CubeIDE_1.14.1/STM32CubeIDE/plugins/com.st.stm32cube.ide.mcu.externaltools.gnu-tools-for-stm32.12.3.rel1.win32_1.0.100.202403111256/tools/bin/../lib/gcc/arm-none-eabi/12.3.1/../../../../arm-none-eabi/lib/thumb/v7e-m+fp/hard\libc_nano.a
LOAD C:/ST/STM32CubeIDE_1.14.1/STM32CubeIDE/plugins/com.st.stm32cube.ide.mcu.externaltools.gnu-tools-for-stm32.12.3.rel1.win32_1.0.100.202403111256/tools/bin/../lib/gcc/arm-none-eabi/12.3.1/../../../../arm-none-eabi/lib/thumb/v7e-m+fp/hard\libm.a
END GROUP
START GROUP
LOAD C:/ST/STM32CubeIDE_1.14.1/STM32CubeIDE/plugins/com.st.stm32cube.ide.mcu.externaltools.gnu-tools-for-stm32.12.3.rel1.win32_1.0.100.202403111256/tools/bin/../lib/gcc/arm-none-eabi/12.3.1/thumb/v7e-m+fp/hard\libgcc.a
LOAD C:/ST/STM32CubeIDE_1.14.1/STM32CubeIDE/plugins/com.st.stm32cube.ide.mcu.externaltools.gnu-tools-for-stm32.12.3.rel1.win32_1.0.100.202403111256/tools/bin/../lib/gcc/arm-none-eabi/12.3.1/../../../../arm-none-eabi/lib/thumb/v7e-m+fp/hard\libc_nano.a
END GROUP
START GROUP
LOAD C:/ST/STM32CubeIDE_1.14.1/STM32CubeIDE/plugins/com.st.stm32cube.ide.mcu.externaltools.gnu-tools-for-stm32.12.3.rel1.win32_1.0.100.202403111256/tools/bin/../lib/gcc/arm-none-eabi/12.3.1/thumb/v7e-m+fp/hard\libgcc.a
LOAD C:/ST/STM32CubeIDE_1.14.1/STM32CubeIDE/plugins/com.st.stm32cube.ide.mcu.externaltools.gnu-tools-for-stm32.12.3.rel1.win32_1.0.100.202403111256/tools/bin/../lib/gcc/arm-none-eabi/12.3.1/../../../../arm-none-eabi/lib/thumb/v7e-m+fp/hard\libc_nano.a
LOAD C:/ST/STM32CubeIDE_1.14.1/STM32CubeIDE/plugins/com.st.stm32cube.ide.mcu.externaltools.gnu-tools-for-stm32.12.3.rel1.win32_1.0.100.202403111256/tools/bin/../lib/gcc/arm-none-eabi/12.3.1/../../../../arm-none-eabi/lib/thumb/v7e-m+fp/hard\libnosys.a
END GROUP
START GROUP
LOAD C:/ST/STM32CubeIDE_1.14.1/STM32CubeIDE/plugins/com.st.stm32cube.ide.mcu.externaltools.gnu-tools-for-stm32.12.3.rel1.win32_1.0.100.202403111256/tools/bin/../lib/gcc/arm-none-eabi/12.3.1/thumb/v7e-m+fp/hard\libgcc.a
LOAD C:/ST/STM32CubeIDE_1.14.1/STM32CubeIDE/plugins/com.st.stm32cube.ide.mcu.externaltools.gnu-tools-for-stm32.12.3.rel1.win32_1.0.100.202403111256/tools/bin/../lib/gcc/arm-none-eabi/12.3.1/../../../../arm-none-eabi/lib/thumb/v7e-m+fp/hard\libc_nano.a
LOAD C:/ST/STM32CubeIDE_1.14.1/STM32CubeIDE/plugins/com.st.stm32cube.ide.mcu.externaltools.gnu-tools-for-stm32.12.3.rel1.win32_1.0.100.202403111256/tools/bin/../lib/gcc/arm-none-eabi/12.3.1/../../../../arm-none-eabi/lib/thumb/v7e-m+fp/hard\libnosys.a
END GROUP
LOAD C:/ST/STM32CubeIDE_1.14.1/STM32CubeIDE/plugins/com.st.stm32cube.ide.mcu.externaltools.gnu-tools-for-stm32.12.3.rel1.win32_1.0.100.202403111256/tools/bin/../lib/gcc/arm-none-eabi/12.3.1/thumb/v7e-m+fp/hard/crtend.o
LOAD C:/ST/STM32CubeIDE_1.14.1/STM32CubeIDE/plugins/com.st.stm32cube.ide.mcu.externaltools.gnu-tools-for-stm32.12.3.rel1.win32_1.0.100.202403111256/tools/bin/../lib/gcc/arm-none-eabi/12.3.1/thumb/v7e-m+fp/hard/crtn.o
                0x20010000                        _estack = (ORIGIN (RAM) + LENGTH (RAM))
                0x00000200                        _Min_Heap_Size = 0x200
                0x00000400                        _Min_Stack_Size = 0x400

.isr_vector     0x08000000      0x194
                0x08000000                        . = ALIGN (0x4)
 *(.isr_vector)
 .isr_vector    0x08000000      0x194 ./Core/Startup/startup_stm32f401rctx.o
                0x08000000                g_pfnVectors
                0x08000194                        . = ALIGN (0x4)

.text           0x080001a0     0xf050
                0x080001a0                        . = ALIGN (0x4)
 *(.text)
 .text          0x080001a0       0x40 C:/ST/STM32CubeIDE_1.14.1/STM32CubeIDE/plugins/com.st.stm32cube.ide.mcu.externaltools.gnu-tools-for-stm32.12.3.rel1.win32_1.0.100.202403111256/tools/bin/../lib/gcc/arm-none-eabi/12.3.1/thumb/v7e-m+fp/hard/crtbegin.o
 .text          0x080001e0       0xa0 C:/ST/STM32CubeIDE_1.14.1/STM32CubeIDE/plugins/com.st.stm32cube.ide.mcu.externaltools.gnu-tools-for-stm32.12.3.rel1.win32_1.0.100.202403111256/tools/bin/../lib/gcc/arm-none-eabi/12.3.1/../../../../arm-none-eabi/lib/thumb/v7e-m+fp/hard\libc_nano.a(libc_a-memchr.o)
                0x080001e0                memchr
 .text          0x08000280       0x30 C:/ST/STM32CubeIDE_1.14.1/STM32CubeIDE/plugins/com.st.stm32cube.ide.mcu.externaltools.gnu-tools-for-stm32.12.3.rel1.win32_1.0.100.202403111256/tools/bin/../lib/gcc/arm-none-eabi/12.3.1/thumb/v7e-m+fp/hard\libgcc.a(_aeabi_uldivmod.o)
                0x08000280                __aeabi_uldivmod
 .text          0x080002b0      0x2bc C:/ST/STM32CubeIDE_1.14.1/STM32CubeIDE/plugins/com.st.stm32cube.ide.mcu.externaltools.gnu-tools-for-stm32.12.3.rel1.win32_1.0.100.202403111256/tools/bin/../lib/gcc/arm-none-eabi/12.3.1/thumb/v7e-m+fp/hard\libgcc.a(_udivmoddi4.o)
                0x080002b0                __udivmoddi4
 .text          0x0800056c        0x4 C:/ST/STM32CubeIDE_1.14.1/STM32CubeIDE/plugins/com.st.stm32cube.ide.mcu.externaltools.gnu-tools-for-stm32.12.3.rel1.win32_1.0.100.202403111256/tools/bin/../lib/gcc/arm-none-eabi/12.3.1/thumb/v7e-m+fp/hard\libgcc.a(_dvmd_tls.o)
                0x0800056c                __aeabi_idiv0
                0x0800056c                __aeabi_ldiv0
 *(.text*)
 .text.HAL_GPIO_EXTI_Callback
                0x08000570       0x28 ./Core/Src/main.o
                0x08000570                HAL_GPIO_EXTI_Callback
 .text.main     0x08000598       0xe4 ./Core/Src/main.o
                0x08000598                main
 .text.SystemClock_Config
                0x0800067c       0xd8 ./Core/Src/main.o
                0x0800067c                SystemClock_Config
 .text.MX_ADC1_Init
                0x08000754       0xa4 ./Core/Src/main.o
 .text.MX_I2C1_Init
                0x080007f8       0x5c ./Core/Src/main.o
 .text.MX_RTC_Init
                0x08000854      0x11c ./Core/Src/main.o
 .text.MX_SPI1_Init
                0x08000970       0x6c ./Core/Src/main.o
 .text.MX_TIM1_Init
                0x080009dc      0x140 ./Core/Src/main.o
 .text.MX_TIM2_Init
                0x08000b1c       0xec ./Core/Src/main.o
 .text.MX_TIM3_Init
                0x08000c08       0xac ./Core/Src/main.o
 .text.MX_TIM4_Init
                0x08000cb4       0x9c ./Core/Src/main.o
 .text.MX_DMA_Init
                0x08000d50       0x50 ./Core/Src/main.o
 .text.MX_GPIO_Init
                0x08000da0      0x1dc ./Core/Src/main.o
 .text.Error_Handler
                0x08000f7c        0xc ./Core/Src/main.o
                0x08000f7c                Error_Handler
 .text.HAL_MspInit
                0x08000f88       0x50 ./Core/Src/stm32f4xx_hal_msp.o
                0x08000f88                HAL_MspInit
 .text.HAL_ADC_MspInit
                0x08000fd8       0x88 ./Core/Src/stm32f4xx_hal_msp.o
                0x08000fd8                HAL_ADC_MspInit
 .text.HAL_I2C_MspInit
                0x08001060       0x90 ./Core/Src/stm32f4xx_hal_msp.o
                0x08001060                HAL_I2C_MspInit
 .text.HAL_RTC_MspInit
                0x080010f0       0x68 ./Core/Src/stm32f4xx_hal_msp.o
                0x080010f0                HAL_RTC_MspInit
 .text.HAL_SPI_MspInit
                0x08001158      0x158 ./Core/Src/stm32f4xx_hal_msp.o
                0x08001158                HAL_SPI_MspInit
 .text.HAL_TIM_Base_MspInit
                0x080012b0      0x100 ./Core/Src/stm32f4xx_hal_msp.o
                0x080012b0                HAL_TIM_Base_MspInit
 .text.HAL_TIM_MspPostInit
                0x080013b0       0xc4 ./Core/Src/stm32f4xx_hal_msp.o
                0x080013b0                HAL_TIM_MspPostInit
 .text.NMI_Handler
                0x08001474        0x8 ./Core/Src/stm32f4xx_it.o
                0x08001474                NMI_Handler
 .text.HardFault_Handler
                0x0800147c        0x8 ./Core/Src/stm32f4xx_it.o
                0x0800147c                HardFault_Handler
 .text.MemManage_Handler
                0x08001484        0x8 ./Core/Src/stm32f4xx_it.o
                0x08001484                MemManage_Handler
 .text.BusFault_Handler
                0x0800148c        0x8 ./Core/Src/stm32f4xx_it.o
                0x0800148c                BusFault_Handler
 .text.UsageFault_Handler
                0x08001494        0x8 ./Core/Src/stm32f4xx_it.o
                0x08001494                UsageFault_Handler
 .text.SVC_Handler
                0x0800149c        0xe ./Core/Src/stm32f4xx_it.o
                0x0800149c                SVC_Handler
 .text.DebugMon_Handler
                0x080014aa        0xe ./Core/Src/stm32f4xx_it.o
                0x080014aa                DebugMon_Handler
 .text.PendSV_Handler
                0x080014b8        0xe ./Core/Src/stm32f4xx_it.o
                0x080014b8                PendSV_Handler
 .text.SysTick_Handler
                0x080014c6        0xc ./Core/Src/stm32f4xx_it.o
                0x080014c6                SysTick_Handler
 .text.EXTI2_IRQHandler
                0x080014d2        0xe ./Core/Src/stm32f4xx_it.o
                0x080014d2                EXTI2_IRQHandler
 .text.TIM1_UP_TIM10_IRQHandler
                0x080014e0       0x14 ./Core/Src/stm32f4xx_it.o
                0x080014e0                TIM1_UP_TIM10_IRQHandler
 .text.TIM2_IRQHandler
                0x080014f4      0x13c ./Core/Src/stm32f4xx_it.o
                0x080014f4                TIM2_IRQHandler
 .text.TIM3_IRQHandler
                0x08001630       0x14 ./Core/Src/stm32f4xx_it.o
                0x08001630                TIM3_IRQHandler
 .text.TIM4_IRQHandler
                0x08001644       0x14 ./Core/Src/stm32f4xx_it.o
                0x08001644                TIM4_IRQHandler
 .text.EXTI15_10_IRQHandler
                0x08001658       0x10 ./Core/Src/stm32f4xx_it.o
                0x08001658                EXTI15_10_IRQHandler
 .text.RTC_Alarm_IRQHandler
                0x08001668       0x48 ./Core/Src/stm32f4xx_it.o
                0x08001668                RTC_Alarm_IRQHandler
 .text.DMA2_Stream0_IRQHandler
                0x080016b0       0x14 ./Core/Src/stm32f4xx_it.o
                0x080016b0                DMA2_Stream0_IRQHandler
 .text.DMA2_Stream3_IRQHandler
                0x080016c4       0x14 ./Core/Src/stm32f4xx_it.o
                0x080016c4                DMA2_Stream3_IRQHandler
 .text.OTG_FS_IRQHandler
                0x080016d8       0x14 ./Core/Src/stm32f4xx_it.o
                0x080016d8                OTG_FS_IRQHandler
 .text._sbrk    0x080016ec       0x6c ./Core/Src/sysmem.o
                0x080016ec                _sbrk
 .text.SystemInit
                0x08001758       0x24 ./Core/Src/system_stm32f4xx.o
                0x08001758                SystemInit
 .text.Reset_Handler
                0x0800177c       0x50 ./Core/Startup/startup_stm32f401rctx.o
                0x0800177c                Reset_Handler
 .text.Default_Handler
                0x080017cc        0x2 ./Core/Startup/startup_stm32f401rctx.o
                0x080017cc                SPI4_IRQHandler
                0x080017cc                TIM1_CC_IRQHandler
                0x080017cc                DMA2_Stream5_IRQHandler
                0x080017cc                DMA1_Stream5_IRQHandler
                0x080017cc                PVD_IRQHandler
                0x080017cc                SDIO_IRQHandler
                0x080017cc                TAMP_STAMP_IRQHandler
                0x080017cc                EXTI3_IRQHandler
                0x080017cc                I2C3_ER_IRQHandler
                0x080017cc                EXTI0_IRQHandler
                0x080017cc                I2C2_EV_IRQHandler
                0x080017cc                DMA1_Stream2_IRQHandler
                0x080017cc                FPU_IRQHandler
                0x080017cc                DMA2_Stream2_IRQHandler
                0x080017cc                SPI1_IRQHandler
                0x080017cc                TIM1_BRK_TIM9_IRQHandler
                0x080017cc                USART6_IRQHandler
                0x080017cc                I2C1_EV_IRQHandler
                0x080017cc                DMA1_Stream6_IRQHandler
                0x080017cc                DMA1_Stream1_IRQHandler
                0x080017cc                RCC_IRQHandler
                0x080017cc                Default_Handler
                0x080017cc                ADC_IRQHandler
                0x080017cc                DMA1_Stream7_IRQHandler
                0x080017cc                TIM5_IRQHandler
                0x080017cc                DMA2_Stream7_IRQHandler
                0x080017cc                I2C3_EV_IRQHandler
                0x080017cc                EXTI9_5_IRQHandler
                0x080017cc                RTC_WKUP_IRQHandler
                0x080017cc                SPI2_IRQHandler
                0x080017cc                DMA1_Stream0_IRQHandler
                0x080017cc                EXTI4_IRQHandler
                0x080017cc                WWDG_IRQHandler
                0x080017cc                OTG_FS_WKUP_IRQHandler
                0x080017cc                TIM1_TRG_COM_TIM11_IRQHandler
                0x080017cc                EXTI1_IRQHandler
                0x080017cc                USART2_IRQHandler
                0x080017cc                I2C2_ER_IRQHandler
                0x080017cc                DMA2_Stream1_IRQHandler
                0x080017cc                FLASH_IRQHandler
                0x080017cc                DMA2_Stream4_IRQHandler
                0x080017cc                USART1_IRQHandler
                0x080017cc                SPI3_IRQHandler
                0x080017cc                DMA1_Stream4_IRQHandler
                0x080017cc                I2C1_ER_IRQHandler
                0x080017cc                DMA2_Stream6_IRQHandler
                0x080017cc                DMA1_Stream3_IRQHandler
 *fill*         0x080017ce        0x2 
 .text.HAL_Init
                0x080017d0       0x44 ./Drivers/STM32F4xx_HAL_Driver/Src/stm32f4xx_hal.o
                0x080017d0                HAL_Init
 .text.HAL_InitTick
                0x08001814       0x60 ./Drivers/STM32F4xx_HAL_Driver/Src/stm32f4xx_hal.o
                0x08001814                HAL_InitTick
 .text.HAL_IncTick
                0x08001874       0x28 ./Drivers/STM32F4xx_HAL_Driver/Src/stm32f4xx_hal.o
                0x08001874                HAL_IncTick
 .text.HAL_GetTick
                0x0800189c       0x18 ./Drivers/STM32F4xx_HAL_Driver/Src/stm32f4xx_hal.o
                0x0800189c                HAL_GetTick
 .text.HAL_Delay
                0x080018b4       0x48 ./Drivers/STM32F4xx_HAL_Driver/Src/stm32f4xx_hal.o
                0x080018b4                HAL_Delay
 .text.HAL_ADC_Init
                0x080018fc       0x86 ./Drivers/STM32F4xx_HAL_Driver/Src/stm32f4xx_hal_adc.o
                0x080018fc                HAL_ADC_Init
 *fill*         0x08001982        0x2 
 .text.HAL_ADC_Start
                0x08001984      0x168 ./Drivers/STM32F4xx_HAL_Driver/Src/stm32f4xx_hal_adc.o
                0x08001984                HAL_ADC_Start
 .text.HAL_ADC_Stop
                0x08001aec       0x66 ./Drivers/STM32F4xx_HAL_Driver/Src/stm32f4xx_hal_adc.o
                0x08001aec                HAL_ADC_Stop
 .text.HAL_ADC_PollForConversion
                0x08001b52      0x116 ./Drivers/STM32F4xx_HAL_Driver/Src/stm32f4xx_hal_adc.o
                0x08001b52                HAL_ADC_PollForConversion
 .text.HAL_ADC_GetValue
                0x08001c68       0x1a ./Drivers/STM32F4xx_HAL_Driver/Src/stm32f4xx_hal_adc.o
                0x08001c68                HAL_ADC_GetValue
 *fill*         0x08001c82        0x2 
 .text.HAL_ADC_ConfigChannel
                0x08001c84      0x244 ./Drivers/STM32F4xx_HAL_Driver/Src/stm32f4xx_hal_adc.o
                0x08001c84                HAL_ADC_ConfigChannel
 .text.ADC_Init
                0x08001ec8      0x1f8 ./Drivers/STM32F4xx_HAL_Driver/Src/stm32f4xx_hal_adc.o
 .text.__NVIC_SetPriorityGrouping
                0x080020c0       0x48 ./Drivers/STM32F4xx_HAL_Driver/Src/stm32f4xx_hal_cortex.o
 .text.__NVIC_GetPriorityGrouping
                0x08002108       0x1c ./Drivers/STM32F4xx_HAL_Driver/Src/stm32f4xx_hal_cortex.o
 .text.__NVIC_EnableIRQ
                0x08002124       0x3c ./Drivers/STM32F4xx_HAL_Driver/Src/stm32f4xx_hal_cortex.o
 .text.__NVIC_SetPriority
                0x08002160       0x54 ./Drivers/STM32F4xx_HAL_Driver/Src/stm32f4xx_hal_cortex.o
 .text.NVIC_EncodePriority
                0x080021b4       0x66 ./Drivers/STM32F4xx_HAL_Driver/Src/stm32f4xx_hal_cortex.o
 *fill*         0x0800221a        0x2 
 .text.SysTick_Config
                0x0800221c       0x44 ./Drivers/STM32F4xx_HAL_Driver/Src/stm32f4xx_hal_cortex.o
 .text.HAL_NVIC_SetPriorityGrouping
                0x08002260       0x16 ./Drivers/STM32F4xx_HAL_Driver/Src/stm32f4xx_hal_cortex.o
                0x08002260                HAL_NVIC_SetPriorityGrouping
 .text.HAL_NVIC_SetPriority
                0x08002276       0x38 ./Drivers/STM32F4xx_HAL_Driver/Src/stm32f4xx_hal_cortex.o
                0x08002276                HAL_NVIC_SetPriority
 .text.HAL_NVIC_EnableIRQ
                0x080022ae       0x1c ./Drivers/STM32F4xx_HAL_Driver/Src/stm32f4xx_hal_cortex.o
                0x080022ae                HAL_NVIC_EnableIRQ
 .text.HAL_SYSTICK_Config
                0x080022ca       0x18 ./Drivers/STM32F4xx_HAL_Driver/Src/stm32f4xx_hal_cortex.o
                0x080022ca                HAL_SYSTICK_Config
 *fill*         0x080022e2        0x2 
 .text.HAL_DMA_Init
                0x080022e4      0x15c ./Drivers/STM32F4xx_HAL_Driver/Src/stm32f4xx_hal_dma.o
                0x080022e4                HAL_DMA_Init
 .text.HAL_DMA_IRQHandler
                0x08002440      0x314 ./Drivers/STM32F4xx_HAL_Driver/Src/stm32f4xx_hal_dma.o
                0x08002440                HAL_DMA_IRQHandler
 .text.DMA_CalcBaseAndBitshift
                0x08002754       0x6c ./Drivers/STM32F4xx_HAL_Driver/Src/stm32f4xx_hal_dma.o
 .text.DMA_CheckFifoParam
                0x080027c0       0xf8 ./Drivers/STM32F4xx_HAL_Driver/Src/stm32f4xx_hal_dma.o
 .text.HAL_GPIO_Init
                0x080028b8      0x308 ./Drivers/STM32F4xx_HAL_Driver/Src/stm32f4xx_hal_gpio.o
                0x080028b8                HAL_GPIO_Init
 .text.HAL_GPIO_ReadPin
                0x08002bc0       0x30 ./Drivers/STM32F4xx_HAL_Driver/Src/stm32f4xx_hal_gpio.o
                0x08002bc0                HAL_GPIO_ReadPin
 .text.HAL_GPIO_WritePin
                0x08002bf0       0x32 ./Drivers/STM32F4xx_HAL_Driver/Src/stm32f4xx_hal_gpio.o
                0x08002bf0                HAL_GPIO_WritePin
 *fill*         0x08002c22        0x2 
 .text.HAL_GPIO_EXTI_IRQHandler
                0x08002c24       0x30 ./Drivers/STM32F4xx_HAL_Driver/Src/stm32f4xx_hal_gpio.o
                0x08002c24                HAL_GPIO_EXTI_IRQHandler
 .text.HAL_I2C_Init
                0x08002c54      0x288 ./Drivers/STM32F4xx_HAL_Driver/Src/stm32f4xx_hal_i2c.o
                0x08002c54                HAL_I2C_Init
 .text.HAL_I2C_Mem_Write
                0x08002edc      0x1f4 ./Drivers/STM32F4xx_HAL_Driver/Src/stm32f4xx_hal_i2c.o
                0x08002edc                HAL_I2C_Mem_Write
 .text.HAL_I2C_Mem_Read
                0x080030d0      0x44c ./Drivers/STM32F4xx_HAL_Driver/Src/stm32f4xx_hal_i2c.o
                0x080030d0                HAL_I2C_Mem_Read
 .text.I2C_RequestMemoryWrite
                0x0800351c      0x12c ./Drivers/STM32F4xx_HAL_Driver/Src/stm32f4xx_hal_i2c.o
 .text.I2C_RequestMemoryRead
                0x08003648      0x1d0 ./Drivers/STM32F4xx_HAL_Driver/Src/stm32f4xx_hal_i2c.o
 .text.I2C_WaitOnFlagUntilTimeout
                0x08003818       0xae ./Drivers/STM32F4xx_HAL_Driver/Src/stm32f4xx_hal_i2c.o
 .text.I2C_WaitOnMasterAddressFlagUntilTimeout
                0x080038c6       0xfe ./Drivers/STM32F4xx_HAL_Driver/Src/stm32f4xx_hal_i2c.o
 .text.I2C_WaitOnTXEFlagUntilTimeout
                0x080039c4       0x82 ./Drivers/STM32F4xx_HAL_Driver/Src/stm32f4xx_hal_i2c.o
 .text.I2C_WaitOnBTFFlagUntilTimeout
                0x08003a46       0x82 ./Drivers/STM32F4xx_HAL_Driver/Src/stm32f4xx_hal_i2c.o
 .text.I2C_WaitOnRXNEFlagUntilTimeout
                0x08003ac8       0xac ./Drivers/STM32F4xx_HAL_Driver/Src/stm32f4xx_hal_i2c.o
 .text.I2C_IsAcknowledgeFailed
                0x08003b74       0x5e ./Drivers/STM32F4xx_HAL_Driver/Src/stm32f4xx_hal_i2c.o
 .text.HAL_PCD_Init
                0x08003bd2      0x23a ./Drivers/STM32F4xx_HAL_Driver/Src/stm32f4xx_hal_pcd.o
                0x08003bd2                HAL_PCD_Init
 .text.HAL_PCD_Start
                0x08003e0c       0x66 ./Drivers/STM32F4xx_HAL_Driver/Src/stm32f4xx_hal_pcd.o
                0x08003e0c                HAL_PCD_Start
 .text.HAL_PCD_IRQHandler
                0x08003e72      0x93e ./Drivers/STM32F4xx_HAL_Driver/Src/stm32f4xx_hal_pcd.o
                0x08003e72                HAL_PCD_IRQHandler
 .text.HAL_PCD_SetAddress
                0x080047b0       0x4a ./Drivers/STM32F4xx_HAL_Driver/Src/stm32f4xx_hal_pcd.o
                0x080047b0                HAL_PCD_SetAddress
 .text.HAL_PCD_EP_Open
                0x080047fa       0xd0 ./Drivers/STM32F4xx_HAL_Driver/Src/stm32f4xx_hal_pcd.o
                0x080047fa                HAL_PCD_EP_Open
 .text.HAL_PCD_EP_Close
                0x080048ca       0x94 ./Drivers/STM32F4xx_HAL_Driver/Src/stm32f4xx_hal_pcd.o
                0x080048ca                HAL_PCD_EP_Close
 .text.HAL_PCD_EP_Receive
                0x0800495e       0x96 ./Drivers/STM32F4xx_HAL_Driver/Src/stm32f4xx_hal_pcd.o
                0x0800495e                HAL_PCD_EP_Receive
 .text.HAL_PCD_EP_GetRxCount
                0x080049f4       0x30 ./Drivers/STM32F4xx_HAL_Driver/Src/stm32f4xx_hal_pcd.o
                0x080049f4                HAL_PCD_EP_GetRxCount
 .text.HAL_PCD_EP_Transmit
                0x08004a24       0x94 ./Drivers/STM32F4xx_HAL_Driver/Src/stm32f4xx_hal_pcd.o
                0x08004a24                HAL_PCD_EP_Transmit
 .text.HAL_PCD_EP_SetStall
                0x08004ab8       0xc8 ./Drivers/STM32F4xx_HAL_Driver/Src/stm32f4xx_hal_pcd.o
                0x08004ab8                HAL_PCD_EP_SetStall
 .text.HAL_PCD_EP_ClrStall
                0x08004b80       0xac ./Drivers/STM32F4xx_HAL_Driver/Src/stm32f4xx_hal_pcd.o
                0x08004b80                HAL_PCD_EP_ClrStall
 .text.HAL_PCD_EP_Abort
                0x08004c2c       0x62 ./Drivers/STM32F4xx_HAL_Driver/Src/stm32f4xx_hal_pcd.o
                0x08004c2c                HAL_PCD_EP_Abort
 .text.PCD_WriteEmptyTxFifo
                0x08004c8e      0x11a ./Drivers/STM32F4xx_HAL_Driver/Src/stm32f4xx_hal_pcd.o
 .text.PCD_EP_OutXfrComplete_int
                0x08004da8      0x1d0 ./Drivers/STM32F4xx_HAL_Driver/Src/stm32f4xx_hal_pcd.o
 .text.PCD_EP_OutSetupPacket_int
                0x08004f78       0x8c ./Drivers/STM32F4xx_HAL_Driver/Src/stm32f4xx_hal_pcd.o
 .text.HAL_PCDEx_SetTxFiFo
                0x08005004       0x8e ./Drivers/STM32F4xx_HAL_Driver/Src/stm32f4xx_hal_pcd_ex.o
                0x08005004                HAL_PCDEx_SetTxFiFo
 .text.HAL_PCDEx_SetRxFiFo
                0x08005092       0x22 ./Drivers/STM32F4xx_HAL_Driver/Src/stm32f4xx_hal_pcd_ex.o
                0x08005092                HAL_PCDEx_SetRxFiFo
 .text.HAL_PCDEx_LPM_Callback
                0x080050b4       0x18 ./Drivers/STM32F4xx_HAL_Driver/Src/stm32f4xx_hal_pcd_ex.o
                0x080050b4                HAL_PCDEx_LPM_Callback
 .text.HAL_RCC_OscConfig
                0x080050cc      0x4f0 ./Drivers/STM32F4xx_HAL_Driver/Src/stm32f4xx_hal_rcc.o
                0x080050cc                HAL_RCC_OscConfig
 .text.HAL_RCC_ClockConfig
                0x080055bc      0x1cc ./Drivers/STM32F4xx_HAL_Driver/Src/stm32f4xx_hal_rcc.o
                0x080055bc                HAL_RCC_ClockConfig
 .text.HAL_RCC_GetSysClockFreq
                0x08005788      0x20c ./Drivers/STM32F4xx_HAL_Driver/Src/stm32f4xx_hal_rcc.o
                0x08005788                HAL_RCC_GetSysClockFreq
 .text.HAL_RCC_GetHCLKFreq
                0x08005994       0x18 ./Drivers/STM32F4xx_HAL_Driver/Src/stm32f4xx_hal_rcc.o
                0x08005994                HAL_RCC_GetHCLKFreq
 .text.HAL_RCC_GetPCLK1Freq
                0x080059ac       0x28 ./Drivers/STM32F4xx_HAL_Driver/Src/stm32f4xx_hal_rcc.o
                0x080059ac                HAL_RCC_GetPCLK1Freq
 .text.HAL_RCCEx_PeriphCLKConfig
                0x080059d4      0x1dc ./Drivers/STM32F4xx_HAL_Driver/Src/stm32f4xx_hal_rcc_ex.o
                0x080059d4                HAL_RCCEx_PeriphCLKConfig
 .text.HAL_RTC_Init
                0x08005bb0       0xec ./Drivers/STM32F4xx_HAL_Driver/Src/stm32f4xx_hal_rtc.o
                0x08005bb0                HAL_RTC_Init
 .text.HAL_RTC_SetTime
                0x08005c9c      0x134 ./Drivers/STM32F4xx_HAL_Driver/Src/stm32f4xx_hal_rtc.o
                0x08005c9c                HAL_RTC_SetTime
 .text.HAL_RTC_SetDate
                0x08005dd0      0x108 ./Drivers/STM32F4xx_HAL_Driver/Src/stm32f4xx_hal_rtc.o
                0x08005dd0                HAL_RTC_SetDate
 .text.HAL_RTC_SetAlarm_IT
                0x08005ed8      0x284 ./Drivers/STM32F4xx_HAL_Driver/Src/stm32f4xx_hal_rtc.o
                0x08005ed8                HAL_RTC_SetAlarm_IT
 .text.HAL_RTC_AlarmIRQHandler
                0x0800615c       0x8c ./Drivers/STM32F4xx_HAL_Driver/Src/stm32f4xx_hal_rtc.o
                0x0800615c                HAL_RTC_AlarmIRQHandler
 .text.HAL_RTC_AlarmAEventCallback
                0x080061e8       0x14 ./Drivers/STM32F4xx_HAL_Driver/Src/stm32f4xx_hal_rtc.o
                0x080061e8                HAL_RTC_AlarmAEventCallback
 .text.HAL_RTC_WaitForSynchro
                0x080061fc       0x50 ./Drivers/STM32F4xx_HAL_Driver/Src/stm32f4xx_hal_rtc.o
                0x080061fc                HAL_RTC_WaitForSynchro
 .text.RTC_EnterInitMode
                0x0800624c       0x6e ./Drivers/STM32F4xx_HAL_Driver/Src/stm32f4xx_hal_rtc.o
                0x0800624c                RTC_EnterInitMode
 .text.RTC_ExitInitMode
                0x080062ba       0x4a ./Drivers/STM32F4xx_HAL_Driver/Src/stm32f4xx_hal_rtc.o
                0x080062ba                RTC_ExitInitMode
 .text.RTC_ByteToBcd2
                0x08006304       0x3a ./Drivers/STM32F4xx_HAL_Driver/Src/stm32f4xx_hal_rtc.o
                0x08006304                RTC_ByteToBcd2
 .text.HAL_RTCEx_AlarmBEventCallback
                0x0800633e       0x14 ./Drivers/STM32F4xx_HAL_Driver/Src/stm32f4xx_hal_rtc_ex.o
                0x0800633e                HAL_RTCEx_AlarmBEventCallback
 .text.HAL_SPI_Init
                0x08006352      0x112 ./Drivers/STM32F4xx_HAL_Driver/Src/stm32f4xx_hal_spi.o
                0x08006352                HAL_SPI_Init
 .text.HAL_SPI_Transmit
                0x08006464      0x278 ./Drivers/STM32F4xx_HAL_Driver/Src/stm32f4xx_hal_spi.o
                0x08006464                HAL_SPI_Transmit
 .text.HAL_SPI_Receive
                0x080066dc      0x222 ./Drivers/STM32F4xx_HAL_Driver/Src/stm32f4xx_hal_spi.o
                0x080066dc                HAL_SPI_Receive
 .text.HAL_SPI_TransmitReceive
                0x080068fe      0x344 ./Drivers/STM32F4xx_HAL_Driver/Src/stm32f4xx_hal_spi.o
                0x080068fe                HAL_SPI_TransmitReceive
 *fill*         0x08006c42        0x2 
 .text.SPI_WaitFlagStateUntilTimeout
                0x08006c44      0x110 ./Drivers/STM32F4xx_HAL_Driver/Src/stm32f4xx_hal_spi.o
 .text.SPI_EndRxTransaction
                0x08006d54       0xca ./Drivers/STM32F4xx_HAL_Driver/Src/stm32f4xx_hal_spi.o
 *fill*         0x08006e1e        0x2 
 .text.SPI_EndRxTxTransaction
                0x08006e20       0x84 ./Drivers/STM32F4xx_HAL_Driver/Src/stm32f4xx_hal_spi.o
 .text.HAL_TIM_Base_Init
                0x08006ea4       0x9e ./Drivers/STM32F4xx_HAL_Driver/Src/stm32f4xx_hal_tim.o
                0x08006ea4                HAL_TIM_Base_Init
 *fill*         0x08006f42        0x2 
 .text.HAL_TIM_Base_Start_IT
                0x08006f44       0xc4 ./Drivers/STM32F4xx_HAL_Driver/Src/stm32f4xx_hal_tim.o
                0x08006f44                HAL_TIM_Base_Start_IT
 .text.HAL_TIM_Base_Stop_IT
                0x08007008       0x5e ./Drivers/STM32F4xx_HAL_Driver/Src/stm32f4xx_hal_tim.o
                0x08007008                HAL_TIM_Base_Stop_IT
 .text.HAL_TIM_PWM_Init
                0x08007066       0x9e ./Drivers/STM32F4xx_HAL_Driver/Src/stm32f4xx_hal_tim.o
                0x08007066                HAL_TIM_PWM_Init
 .text.HAL_TIM_PWM_MspInit
                0x08007104       0x14 ./Drivers/STM32F4xx_HAL_Driver/Src/stm32f4xx_hal_tim.o
                0x08007104                HAL_TIM_PWM_MspInit
 .text.HAL_TIM_PWM_Start
                0x08007118      0x160 ./Drivers/STM32F4xx_HAL_Driver/Src/stm32f4xx_hal_tim.o
                0x08007118                HAL_TIM_PWM_Start
 .text.HAL_TIM_PWM_Stop
                0x08007278       0xc8 ./Drivers/STM32F4xx_HAL_Driver/Src/stm32f4xx_hal_tim.o
                0x08007278                HAL_TIM_PWM_Stop
 .text.HAL_TIM_OnePulse_Init
                0x08007340       0xa0 ./Drivers/STM32F4xx_HAL_Driver/Src/stm32f4xx_hal_tim.o
                0x08007340                HAL_TIM_OnePulse_Init
 .text.HAL_TIM_OnePulse_MspInit
                0x080073e0       0x14 ./Drivers/STM32F4xx_HAL_Driver/Src/stm32f4xx_hal_tim.o
                0x080073e0                HAL_TIM_OnePulse_MspInit
 .text.HAL_TIM_IRQHandler
                0x080073f4      0x210 ./Drivers/STM32F4xx_HAL_Driver/Src/stm32f4xx_hal_tim.o
                0x080073f4                HAL_TIM_IRQHandler
 .text.HAL_TIM_PWM_ConfigChannel
                0x08007604      0x184 ./Drivers/STM32F4xx_HAL_Driver/Src/stm32f4xx_hal_tim.o
                0x08007604                HAL_TIM_PWM_ConfigChannel
 .text.HAL_TIM_ConfigClockSource
                0x08007788      0x18e ./Drivers/STM32F4xx_HAL_Driver/Src/stm32f4xx_hal_tim.o
                0x08007788                HAL_TIM_ConfigClockSource
 .text.HAL_TIM_PeriodElapsedCallback
                0x08007916       0x14 ./Drivers/STM32F4xx_HAL_Driver/Src/stm32f4xx_hal_tim.o
                0x08007916                HAL_TIM_PeriodElapsedCallback
 .text.HAL_TIM_OC_DelayElapsedCallback
                0x0800792a       0x14 ./Drivers/STM32F4xx_HAL_Driver/Src/stm32f4xx_hal_tim.o
                0x0800792a                HAL_TIM_OC_DelayElapsedCallback
 .text.HAL_TIM_IC_CaptureCallback
                0x0800793e       0x14 ./Drivers/STM32F4xx_HAL_Driver/Src/stm32f4xx_hal_tim.o
                0x0800793e                HAL_TIM_IC_CaptureCallback
 .text.HAL_TIM_PWM_PulseFinishedCallback
                0x08007952       0x14 ./Drivers/STM32F4xx_HAL_Driver/Src/stm32f4xx_hal_tim.o
                0x08007952                HAL_TIM_PWM_PulseFinishedCallback
 .text.HAL_TIM_TriggerCallback
                0x08007966       0x14 ./Drivers/STM32F4xx_HAL_Driver/Src/stm32f4xx_hal_tim.o
                0x08007966                HAL_TIM_TriggerCallback
 *fill*         0x0800797a        0x2 
 .text.TIM_Base_SetConfig
                0x0800797c      0x100 ./Drivers/STM32F4xx_HAL_Driver/Src/stm32f4xx_hal_tim.o
                0x0800797c                TIM_Base_SetConfig
 .text.TIM_OC1_SetConfig
                0x08007a7c       0xcc ./Drivers/STM32F4xx_HAL_Driver/Src/stm32f4xx_hal_tim.o
 .text.TIM_OC2_SetConfig
                0x08007b48       0xd8 ./Drivers/STM32F4xx_HAL_Driver/Src/stm32f4xx_hal_tim.o
                0x08007b48                TIM_OC2_SetConfig
 .text.TIM_OC3_SetConfig
                0x08007c20       0xd4 ./Drivers/STM32F4xx_HAL_Driver/Src/stm32f4xx_hal_tim.o
 .text.TIM_OC4_SetConfig
                0x08007cf4       0xa0 ./Drivers/STM32F4xx_HAL_Driver/Src/stm32f4xx_hal_tim.o
 .text.TIM_TI1_ConfigInputStage
                0x08007d94       0x5e ./Drivers/STM32F4xx_HAL_Driver/Src/stm32f4xx_hal_tim.o
 .text.TIM_TI2_ConfigInputStage
                0x08007df2       0x60 ./Drivers/STM32F4xx_HAL_Driver/Src/stm32f4xx_hal_tim.o
 .text.TIM_ITRx_SetConfig
                0x08007e52       0x36 ./Drivers/STM32F4xx_HAL_Driver/Src/stm32f4xx_hal_tim.o
 .text.TIM_ETR_SetConfig
                0x08007e88       0x40 ./Drivers/STM32F4xx_HAL_Driver/Src/stm32f4xx_hal_tim.o
                0x08007e88                TIM_ETR_SetConfig
 .text.TIM_CCxChannelCmd
                0x08007ec8       0x4a ./Drivers/STM32F4xx_HAL_Driver/Src/stm32f4xx_hal_tim.o
                0x08007ec8                TIM_CCxChannelCmd
 *fill*         0x08007f12        0x2 
 .text.HAL_TIMEx_MasterConfigSynchronization
                0x08007f14       0xdc ./Drivers/STM32F4xx_HAL_Driver/Src/stm32f4xx_hal_tim_ex.o
                0x08007f14                HAL_TIMEx_MasterConfigSynchronization
 .text.HAL_TIMEx_ConfigBreakDeadTime
                0x08007ff0       0xa4 ./Drivers/STM32F4xx_HAL_Driver/Src/stm32f4xx_hal_tim_ex.o
                0x08007ff0                HAL_TIMEx_ConfigBreakDeadTime
 .text.HAL_TIMEx_CommutCallback
                0x08008094       0x14 ./Drivers/STM32F4xx_HAL_Driver/Src/stm32f4xx_hal_tim_ex.o
                0x08008094                HAL_TIMEx_CommutCallback
 .text.HAL_TIMEx_BreakCallback
                0x080080a8       0x14 ./Drivers/STM32F4xx_HAL_Driver/Src/stm32f4xx_hal_tim_ex.o
                0x080080a8                HAL_TIMEx_BreakCallback
 .text.USB_CoreInit
                0x080080bc       0xc2 ./Drivers/STM32F4xx_HAL_Driver/Src/stm32f4xx_ll_usb.o
                0x080080bc                USB_CoreInit
 *fill*         0x0800817e        0x2 
 .text.USB_SetTurnaroundTime
                0x08008180      0x144 ./Drivers/STM32F4xx_HAL_Driver/Src/stm32f4xx_ll_usb.o
                0x08008180                USB_SetTurnaroundTime
 .text.USB_EnableGlobalInt
                0x080082c4       0x22 ./Drivers/STM32F4xx_HAL_Driver/Src/stm32f4xx_ll_usb.o
                0x080082c4                USB_EnableGlobalInt
 .text.USB_DisableGlobalInt
                0x080082e6       0x22 ./Drivers/STM32F4xx_HAL_Driver/Src/stm32f4xx_ll_usb.o
                0x080082e6                USB_DisableGlobalInt
 .text.USB_SetCurrentMode
                0x08008308       0x98 ./Drivers/STM32F4xx_HAL_Driver/Src/stm32f4xx_ll_usb.o
                0x08008308                USB_SetCurrentMode
 .text.USB_DevInit
                0x080083a0      0x2c8 ./Drivers/STM32F4xx_HAL_Driver/Src/stm32f4xx_ll_usb.o
                0x080083a0                USB_DevInit
 .text.USB_FlushTxFifo
                0x08008668       0x68 ./Drivers/STM32F4xx_HAL_Driver/Src/stm32f4xx_ll_usb.o
                0x08008668                USB_FlushTxFifo
 .text.USB_FlushRxFifo
                0x080086d0       0x60 ./Drivers/STM32F4xx_HAL_Driver/Src/stm32f4xx_ll_usb.o
                0x080086d0                USB_FlushRxFifo
 .text.USB_SetDevSpeed
                0x08008730       0x32 ./Drivers/STM32F4xx_HAL_Driver/Src/stm32f4xx_ll_usb.o
                0x08008730                USB_SetDevSpeed
 .text.USB_GetDevSpeed
                0x08008762       0x4a ./Drivers/STM32F4xx_HAL_Driver/Src/stm32f4xx_ll_usb.o
                0x08008762                USB_GetDevSpeed
 .text.USB_ActivateEndpoint
                0x080087ac      0x10e ./Drivers/STM32F4xx_HAL_Driver/Src/stm32f4xx_ll_usb.o
                0x080087ac                USB_ActivateEndpoint
 *fill*         0x080088ba        0x2 
 .text.USB_DeactivateEndpoint
                0x080088bc      0x1b8 ./Drivers/STM32F4xx_HAL_Driver/Src/stm32f4xx_ll_usb.o
                0x080088bc                USB_DeactivateEndpoint
 .text.USB_EPStartXfer
                0x08008a74      0x490 ./Drivers/STM32F4xx_HAL_Driver/Src/stm32f4xx_ll_usb.o
                0x08008a74                USB_EPStartXfer
 .text.USB_EP0StartXfer
                0x08008f04      0x2b0 ./Drivers/STM32F4xx_HAL_Driver/Src/stm32f4xx_ll_usb.o
                0x08008f04                USB_EP0StartXfer
 .text.USB_EPStopXfer
                0x080091b4      0x154 ./Drivers/STM32F4xx_HAL_Driver/Src/stm32f4xx_ll_usb.o
                0x080091b4                USB_EPStopXfer
 .text.USB_WritePacket
                0x08009308       0x7c ./Drivers/STM32F4xx_HAL_Driver/Src/stm32f4xx_ll_usb.o
                0x08009308                USB_WritePacket
 .text.USB_ReadPacket
                0x08009384       0xb0 ./Drivers/STM32F4xx_HAL_Driver/Src/stm32f4xx_ll_usb.o
                0x08009384                USB_ReadPacket
 .text.USB_EPSetStall
                0x08009434       0xdc ./Drivers/STM32F4xx_HAL_Driver/Src/stm32f4xx_ll_usb.o
                0x08009434                USB_EPSetStall
 .text.USB_EPClearStall
                0x08009510       0xcc ./Drivers/STM32F4xx_HAL_Driver/Src/stm32f4xx_ll_usb.o
                0x08009510                USB_EPClearStall
 .text.USB_SetDevAddress
                0x080095dc       0x4c ./Drivers/STM32F4xx_HAL_Driver/Src/stm32f4xx_ll_usb.o
                0x080095dc                USB_SetDevAddress
 .text.USB_DevConnect
                0x08009628       0x42 ./Drivers/STM32F4xx_HAL_Driver/Src/stm32f4xx_ll_usb.o
                0x08009628                USB_DevConnect
 .text.USB_DevDisconnect
                0x0800966a       0x42 ./Drivers/STM32F4xx_HAL_Driver/Src/stm32f4xx_ll_usb.o
                0x0800966a                USB_DevDisconnect
 .text.USB_ReadInterrupts
                0x080096ac       0x26 ./Drivers/STM32F4xx_HAL_Driver/Src/stm32f4xx_ll_usb.o
                0x080096ac                USB_ReadInterrupts
 .text.USB_ReadDevAllOutEpInterrupt
                0x080096d2       0x34 ./Drivers/STM32F4xx_HAL_Driver/Src/stm32f4xx_ll_usb.o
                0x080096d2                USB_ReadDevAllOutEpInterrupt
 .text.USB_ReadDevAllInEpInterrupt
                0x08009706       0x34 ./Drivers/STM32F4xx_HAL_Driver/Src/stm32f4xx_ll_usb.o
                0x08009706                USB_ReadDevAllInEpInterrupt
 .text.USB_ReadDevOutEPInterrupt
                0x0800973a       0x3c ./Drivers/STM32F4xx_HAL_Driver/Src/stm32f4xx_ll_usb.o
                0x0800973a                USB_ReadDevOutEPInterrupt
 .text.USB_ReadDevInEPInterrupt
                0x08009776       0x5c ./Drivers/STM32F4xx_HAL_Driver/Src/stm32f4xx_ll_usb.o
                0x08009776                USB_ReadDevInEPInterrupt
 .text.USB_GetMode
                0x080097d2       0x1c ./Drivers/STM32F4xx_HAL_Driver/Src/stm32f4xx_ll_usb.o
                0x080097d2                USB_GetMode
 .text.USB_ActivateSetup
                0x080097ee       0x46 ./Drivers/STM32F4xx_HAL_Driver/Src/stm32f4xx_ll_usb.o
                0x080097ee                USB_ActivateSetup
 .text.USB_EP0_OutStart
                0x08009834       0xbc ./Drivers/STM32F4xx_HAL_Driver/Src/stm32f4xx_ll_usb.o
                0x08009834                USB_EP0_OutStart
 .text.USB_CoreReset
                0x080098f0       0x68 ./Drivers/STM32F4xx_HAL_Driver/Src/stm32f4xx_ll_usb.o
 .text.USBD_CDC_Init
                0x08009958      0x1f0 ./Middlewares/ST/STM32_USB_Device_Library/Class/CDC/Src/usbd_cdc.o
 .text.USBD_CDC_DeInit
                0x08009b48      0x104 ./Middlewares/ST/STM32_USB_Device_Library/Class/CDC/Src/usbd_cdc.o
 .text.USBD_CDC_Setup
                0x08009c4c      0x1b8 ./Middlewares/ST/STM32_USB_Device_Library/Class/CDC/Src/usbd_cdc.o
 .text.USBD_CDC_DataIn
                0x08009e04       0xfe ./Middlewares/ST/STM32_USB_Device_Library/Class/CDC/Src/usbd_cdc.o
 .text.USBD_CDC_DataOut
                0x08009f02       0x70 ./Middlewares/ST/STM32_USB_Device_Library/Class/CDC/Src/usbd_cdc.o
 .text.USBD_CDC_EP0_RxReady
                0x08009f72       0x74 ./Middlewares/ST/STM32_USB_Device_Library/Class/CDC/Src/usbd_cdc.o
 *fill*         0x08009fe6        0x2 
 .text.USBD_CDC_GetFSCfgDesc
                0x08009fe8       0x70 ./Middlewares/ST/STM32_USB_Device_Library/Class/CDC/Src/usbd_cdc.o
 .text.USBD_CDC_GetHSCfgDesc
                0x0800a058       0x70 ./Middlewares/ST/STM32_USB_Device_Library/Class/CDC/Src/usbd_cdc.o
 .text.USBD_CDC_GetOtherSpeedCfgDesc
                0x0800a0c8       0x70 ./Middlewares/ST/STM32_USB_Device_Library/Class/CDC/Src/usbd_cdc.o
 .text.USBD_CDC_GetDeviceQualifierDescriptor
                0x0800a138       0x20 ./Middlewares/ST/STM32_USB_Device_Library/Class/CDC/Src/usbd_cdc.o
                0x0800a138                USBD_CDC_GetDeviceQualifierDescriptor
 .text.USBD_CDC_RegisterInterface
                0x0800a158       0x34 ./Middlewares/ST/STM32_USB_Device_Library/Class/CDC/Src/usbd_cdc.o
                0x0800a158                USBD_CDC_RegisterInterface
 .text.USBD_CDC_SetTxBuffer
                0x0800a18c       0x44 ./Middlewares/ST/STM32_USB_Device_Library/Class/CDC/Src/usbd_cdc.o
                0x0800a18c                USBD_CDC_SetTxBuffer
 .text.USBD_CDC_SetRxBuffer
                0x0800a1d0       0x3a ./Middlewares/ST/STM32_USB_Device_Library/Class/CDC/Src/usbd_cdc.o
                0x0800a1d0                USBD_CDC_SetRxBuffer
 *fill*         0x0800a20a        0x2 
 .text.USBD_CDC_ReceivePacket
                0x0800a20c       0x6c ./Middlewares/ST/STM32_USB_Device_Library/Class/CDC/Src/usbd_cdc.o
                0x0800a20c                USBD_CDC_ReceivePacket
 .text.USBD_Init
                0x0800a278       0x60 ./Middlewares/ST/STM32_USB_Device_Library/Core/Src/usbd_core.o
                0x0800a278                USBD_Init
 .text.USBD_RegisterClass
                0x0800a2d8       0x6c ./Middlewares/ST/STM32_USB_Device_Library/Core/Src/usbd_core.o
                0x0800a2d8                USBD_RegisterClass
 .text.USBD_Start
                0x0800a344       0x18 ./Middlewares/ST/STM32_USB_Device_Library/Core/Src/usbd_core.o
                0x0800a344                USBD_Start
 .text.USBD_RunTestMode
                0x0800a35c       0x16 ./Middlewares/ST/STM32_USB_Device_Library/Core/Src/usbd_core.o
                0x0800a35c                USBD_RunTestMode
 .text.USBD_SetClassConfig
                0x0800a372       0x38 ./Middlewares/ST/STM32_USB_Device_Library/Core/Src/usbd_core.o
                0x0800a372                USBD_SetClassConfig
 .text.USBD_ClrClassConfig
                0x0800a3aa       0x34 ./Middlewares/ST/STM32_USB_Device_Library/Core/Src/usbd_core.o
                0x0800a3aa                USBD_ClrClassConfig
 .text.USBD_LL_SetupStage
                0x0800a3de       0xaa ./Middlewares/ST/STM32_USB_Device_Library/Core/Src/usbd_core.o
                0x0800a3de                USBD_LL_SetupStage
 .text.USBD_LL_DataOutStage
                0x0800a488      0x166 ./Middlewares/ST/STM32_USB_Device_Library/Core/Src/usbd_core.o
                0x0800a488                USBD_LL_DataOutStage
 .text.USBD_LL_DataInStage
                0x0800a5ee      0x164 ./Middlewares/ST/STM32_USB_Device_Library/Core/Src/usbd_core.o
                0x0800a5ee                USBD_LL_DataInStage
 .text.USBD_LL_Reset
                0x0800a752       0xa4 ./Middlewares/ST/STM32_USB_Device_Library/Core/Src/usbd_core.o
                0x0800a752                USBD_LL_Reset
 .text.USBD_LL_SetSpeed
                0x0800a7f6       0x20 ./Middlewares/ST/STM32_USB_Device_Library/Core/Src/usbd_core.o
                0x0800a7f6                USBD_LL_SetSpeed
 .text.USBD_LL_Suspend
                0x0800a816       0x2c ./Middlewares/ST/STM32_USB_Device_Library/Core/Src/usbd_core.o
                0x0800a816                USBD_LL_Suspend
 .text.USBD_LL_Resume
                0x0800a842       0x30 ./Middlewares/ST/STM32_USB_Device_Library/Core/Src/usbd_core.o
                0x0800a842                USBD_LL_Resume
 .text.USBD_LL_SOF
                0x0800a872       0x40 ./Middlewares/ST/STM32_USB_Device_Library/Core/Src/usbd_core.o
                0x0800a872                USBD_LL_SOF
 .text.USBD_LL_IsoINIncomplete
                0x0800a8b2       0x64 ./Middlewares/ST/STM32_USB_Device_Library/Core/Src/usbd_core.o
                0x0800a8b2                USBD_LL_IsoINIncomplete
 .text.USBD_LL_IsoOUTIncomplete
                0x0800a916       0x64 ./Middlewares/ST/STM32_USB_Device_Library/Core/Src/usbd_core.o
                0x0800a916                USBD_LL_IsoOUTIncomplete
 .text.USBD_LL_DevConnected
                0x0800a97a       0x16 ./Middlewares/ST/STM32_USB_Device_Library/Core/Src/usbd_core.o
                0x0800a97a                USBD_LL_DevConnected
 .text.USBD_LL_DevDisconnected
                0x0800a990       0x46 ./Middlewares/ST/STM32_USB_Device_Library/Core/Src/usbd_core.o
                0x0800a990                USBD_LL_DevDisconnected
 .text.USBD_CoreFindIF
                0x0800a9d6       0x1a ./Middlewares/ST/STM32_USB_Device_Library/Core/Src/usbd_core.o
                0x0800a9d6                USBD_CoreFindIF
 .text.USBD_CoreFindEP
                0x0800a9f0       0x1a ./Middlewares/ST/STM32_USB_Device_Library/Core/Src/usbd_core.o
                0x0800a9f0                USBD_CoreFindEP
 .text.USBD_GetEpDesc
                0x0800aa0a       0x70 ./Middlewares/ST/STM32_USB_Device_Library/Core/Src/usbd_core.o
                0x0800aa0a                USBD_GetEpDesc
 .text.USBD_GetNextDesc
                0x0800aa7a       0x38 ./Middlewares/ST/STM32_USB_Device_Library/Core/Src/usbd_core.o
                0x0800aa7a                USBD_GetNextDesc
 .text.SWAPBYTE
                0x0800aab2       0x3c ./Middlewares/ST/STM32_USB_Device_Library/Core/Src/usbd_ctlreq.o
 *fill*         0x0800aaee        0x2 
 .text.USBD_StdDevReq
                0x0800aaf0       0xe4 ./Middlewares/ST/STM32_USB_Device_Library/Core/Src/usbd_ctlreq.o
                0x0800aaf0                USBD_StdDevReq
 .text.USBD_StdItfReq
                0x0800abd4       0xd8 ./Middlewares/ST/STM32_USB_Device_Library/Core/Src/usbd_ctlreq.o
                0x0800abd4                USBD_StdItfReq
 .text.USBD_StdEPReq
                0x0800acac      0x33a ./Middlewares/ST/STM32_USB_Device_Library/Core/Src/usbd_ctlreq.o
                0x0800acac                USBD_StdEPReq
 *fill*         0x0800afe6        0x2 
 .text.USBD_GetDescriptor
                0x0800afe8      0x2d4 ./Middlewares/ST/STM32_USB_Device_Library/Core/Src/usbd_ctlreq.o
 .text.USBD_SetAddress
                0x0800b2bc       0x88 ./Middlewares/ST/STM32_USB_Device_Library/Core/Src/usbd_ctlreq.o
 .text.USBD_SetConfig
                0x0800b344      0x154 ./Middlewares/ST/STM32_USB_Device_Library/Core/Src/usbd_ctlreq.o
 .text.USBD_GetConfig
                0x0800b498       0x6c ./Middlewares/ST/STM32_USB_Device_Library/Core/Src/usbd_ctlreq.o
 .text.USBD_GetStatus
                0x0800b504       0x68 ./Middlewares/ST/STM32_USB_Device_Library/Core/Src/usbd_ctlreq.o
 .text.USBD_SetFeature
                0x0800b56c       0x52 ./Middlewares/ST/STM32_USB_Device_Library/Core/Src/usbd_ctlreq.o
 .text.USBD_ClrFeature
                0x0800b5be       0x44 ./Middlewares/ST/STM32_USB_Device_Library/Core/Src/usbd_ctlreq.o
 .text.USBD_ParseSetupRequest
                0x0800b602       0x74 ./Middlewares/ST/STM32_USB_Device_Library/Core/Src/usbd_ctlreq.o
                0x0800b602                USBD_ParseSetupRequest
 .text.USBD_CtlError
                0x0800b676       0x22 ./Middlewares/ST/STM32_USB_Device_Library/Core/Src/usbd_ctlreq.o
                0x0800b676                USBD_CtlError
 .text.USBD_GetString
                0x0800b698       0x8c ./Middlewares/ST/STM32_USB_Device_Library/Core/Src/usbd_ctlreq.o
                0x0800b698                USBD_GetString
 .text.USBD_GetLen
                0x0800b724       0x34 ./Middlewares/ST/STM32_USB_Device_Library/Core/Src/usbd_ctlreq.o
 .text.USBD_CtlSendData
                0x0800b758       0x36 ./Middlewares/ST/STM32_USB_Device_Library/Core/Src/usbd_ioreq.o
                0x0800b758                USBD_CtlSendData
 .text.USBD_CtlContinueSendData
                0x0800b78e       0x22 ./Middlewares/ST/STM32_USB_Device_Library/Core/Src/usbd_ioreq.o
                0x0800b78e                USBD_CtlContinueSendData
 .text.USBD_CtlPrepareRx
                0x0800b7b0       0x3a ./Middlewares/ST/STM32_USB_Device_Library/Core/Src/usbd_ioreq.o
                0x0800b7b0                USBD_CtlPrepareRx
 .text.USBD_CtlContinueRx
                0x0800b7ea       0x22 ./Middlewares/ST/STM32_USB_Device_Library/Core/Src/usbd_ioreq.o
                0x0800b7ea                USBD_CtlContinueRx
 .text.USBD_CtlSendStatus
                0x0800b80c       0x26 ./Middlewares/ST/STM32_USB_Device_Library/Core/Src/usbd_ioreq.o
                0x0800b80c                USBD_CtlSendStatus
 .text.USBD_CtlReceiveStatus
                0x0800b832       0x26 ./Middlewares/ST/STM32_USB_Device_Library/Core/Src/usbd_ioreq.o
                0x0800b832                USBD_CtlReceiveStatus
 .text.ST7735_Select
                0x0800b858       0x18 ./ST7735_src/st7735.o
                0x0800b858                ST7735_Select
 .text.ST7735_Unselect
                0x0800b870       0x18 ./ST7735_src/st7735.o
                0x0800b870                ST7735_Unselect
 .text.ST7735_Reset
                0x0800b888       0x2c ./ST7735_src/st7735.o
                0x0800b888                ST7735_Reset
 .text.ST7735_WriteCommand
                0x0800b8b4       0x34 ./ST7735_src/st7735.o
                0x0800b8b4                ST7735_WriteCommand
 .text.ST7735_WriteData
                0x0800b8e8       0x34 ./ST7735_src/st7735.o
 .text.ST7735_ExecuteCommandList
                0x0800b91c       0x92 ./ST7735_src/st7735.o
 .text.ST7735_SetAddressWindow
                0x0800b9ae       0x70 ./ST7735_src/st7735.o
 *fill*         0x0800ba1e        0x2 
 .text.ST7735_Init
                0x0800ba20       0x34 ./ST7735_src/st7735.o
                0x0800ba20                ST7735_Init
 .text.ST7735_DrawPixel
                0x0800ba54       0x68 ./ST7735_src/st7735.o
                0x0800ba54                ST7735_DrawPixel
 .text.ST7735_WriteChar
                0x0800babc      0x10a ./ST7735_src/st7735.o
                0x0800babc                ST7735_WriteChar
 .text.ST7735_WriteString
                0x0800bbc6       0x94 ./ST7735_src/st7735.o
                0x0800bbc6                ST7735_WriteString
 *fill*         0x0800bc5a        0x2 
 .text.ST7735_FillRectangle
                0x0800bc5c       0xe4 ./ST7735_src/st7735.o
                0x0800bc5c                ST7735_FillRectangle
 .text.ST7735_FillScreen
                0x0800bd40       0x22 ./ST7735_src/st7735.o
                0x0800bd40                ST7735_FillScreen
 .text.ST7735_DrawImage
                0x0800bd62       0x98 ./ST7735_src/st7735.o
                0x0800bd62                ST7735_DrawImage
 .text.ST7735_InvertColors
                0x0800bdfa       0x2c ./ST7735_src/st7735.o
                0x0800bdfa                ST7735_InvertColors
 *fill*         0x0800be26        0x2 
 .text.MX_USB_DEVICE_Init
                0x0800be28       0x60 ./USB_DEVICE/App/usb_device.o
                0x0800be28                MX_USB_DEVICE_Init
 .text.CDC_Init_FS
                0x0800be88       0x28 ./USB_DEVICE/App/usbd_cdc_if.o
 .text.CDC_DeInit_FS
                0x0800beb0       0x10 ./USB_DEVICE/App/usbd_cdc_if.o
 .text.CDC_Control_FS
                0x0800bec0       0xbc ./USB_DEVICE/App/usbd_cdc_if.o
 .text.CDC_Receive_FS
                0x0800bf7c       0x28 ./USB_DEVICE/App/usbd_cdc_if.o
 .text.CDC_TransmitCplt_FS
                0x0800bfa4       0x22 ./USB_DEVICE/App/usbd_cdc_if.o
 *fill*         0x0800bfc6        0x2 
 .text.USBD_FS_DeviceDescriptor
                0x0800bfc8       0x24 ./USB_DEVICE/App/usbd_desc.o
                0x0800bfc8                USBD_FS_DeviceDescriptor
 .text.USBD_FS_LangIDStrDescriptor
                0x0800bfec       0x24 ./USB_DEVICE/App/usbd_desc.o
                0x0800bfec                USBD_FS_LangIDStrDescriptor
 .text.USBD_FS_ProductStrDescriptor
                0x0800c010       0x3c ./USB_DEVICE/App/usbd_desc.o
                0x0800c010                USBD_FS_ProductStrDescriptor
 .text.USBD_FS_ManufacturerStrDescriptor
                0x0800c04c       0x28 ./USB_DEVICE/App/usbd_desc.o
                0x0800c04c                USBD_FS_ManufacturerStrDescriptor
 .text.USBD_FS_SerialStrDescriptor
                0x0800c074       0x24 ./USB_DEVICE/App/usbd_desc.o
                0x0800c074                USBD_FS_SerialStrDescriptor
 .text.USBD_FS_ConfigStrDescriptor
                0x0800c098       0x3c ./USB_DEVICE/App/usbd_desc.o
                0x0800c098                USBD_FS_ConfigStrDescriptor
 .text.USBD_FS_InterfaceStrDescriptor
                0x0800c0d4       0x3c ./USB_DEVICE/App/usbd_desc.o
                0x0800c0d4                USBD_FS_InterfaceStrDescriptor
 .text.Get_SerialNum
                0x0800c110       0x58 ./USB_DEVICE/App/usbd_desc.o
 .text.IntToUnicode
                0x0800c168       0x7e ./USB_DEVICE/App/usbd_desc.o
 *fill*         0x0800c1e6        0x2 
 .text.HAL_PCD_MspInit
                0x0800c1e8       0xa8 ./USB_DEVICE/Target/usbd_conf.o
                0x0800c1e8                HAL_PCD_MspInit
 .text.HAL_PCD_SetupStageCallback
                0x0800c290       0x24 ./USB_DEVICE/Target/usbd_conf.o
                0x0800c290                HAL_PCD_SetupStageCallback
 .text.HAL_PCD_DataOutStageCallback
                0x0800c2b4       0x36 ./USB_DEVICE/Target/usbd_conf.o
                0x0800c2b4                HAL_PCD_DataOutStageCallback
 .text.HAL_PCD_DataInStageCallback
                0x0800c2ea       0x34 ./USB_DEVICE/Target/usbd_conf.o
                0x0800c2ea                HAL_PCD_DataInStageCallback
 .text.HAL_PCD_SOFCallback
                0x0800c31e       0x1c ./USB_DEVICE/Target/usbd_conf.o
                0x0800c31e                HAL_PCD_SOFCallback
 .text.HAL_PCD_ResetCallback
                0x0800c33a       0x3c ./USB_DEVICE/Target/usbd_conf.o
                0x0800c33a                HAL_PCD_ResetCallback
 *fill*         0x0800c376        0x2 
 .text.HAL_PCD_SuspendCallback
                0x0800c378       0x4c ./USB_DEVICE/Target/usbd_conf.o
                0x0800c378                HAL_PCD_SuspendCallback
 .text.HAL_PCD_ResumeCallback
                0x0800c3c4       0x1c ./USB_DEVICE/Target/usbd_conf.o
                0x0800c3c4                HAL_PCD_ResumeCallback
 .text.HAL_PCD_ISOOUTIncompleteCallback
                0x0800c3e0       0x24 ./USB_DEVICE/Target/usbd_conf.o
                0x0800c3e0                HAL_PCD_ISOOUTIncompleteCallback
 .text.HAL_PCD_ISOINIncompleteCallback
                0x0800c404       0x24 ./USB_DEVICE/Target/usbd_conf.o
                0x0800c404                HAL_PCD_ISOINIncompleteCallback
 .text.HAL_PCD_ConnectCallback
                0x0800c428       0x1c ./USB_DEVICE/Target/usbd_conf.o
                0x0800c428                HAL_PCD_ConnectCallback
 .text.HAL_PCD_DisconnectCallback
                0x0800c444       0x1c ./USB_DEVICE/Target/usbd_conf.o
                0x0800c444                HAL_PCD_DisconnectCallback
 .text.USBD_LL_Init
                0x0800c460       0x98 ./USB_DEVICE/Target/usbd_conf.o
                0x0800c460                USBD_LL_Init
 .text.USBD_LL_Start
                0x0800c4f8       0x36 ./USB_DEVICE/Target/usbd_conf.o
                0x0800c4f8                USBD_LL_Start
 .text.USBD_LL_OpenEP
                0x0800c52e       0x4c ./USB_DEVICE/Target/usbd_conf.o
                0x0800c52e                USBD_LL_OpenEP
 .text.USBD_LL_CloseEP
                0x0800c57a       0x3e ./USB_DEVICE/Target/usbd_conf.o
                0x0800c57a                USBD_LL_CloseEP
 .text.USBD_LL_StallEP
                0x0800c5b8       0x3e ./USB_DEVICE/Target/usbd_conf.o
                0x0800c5b8                USBD_LL_StallEP
 .text.USBD_LL_ClearStallEP
                0x0800c5f6       0x3e ./USB_DEVICE/Target/usbd_conf.o
                0x0800c5f6                USBD_LL_ClearStallEP
 .text.USBD_LL_IsStallEP
                0x0800c634       0x58 ./USB_DEVICE/Target/usbd_conf.o
                0x0800c634                USBD_LL_IsStallEP
 .text.USBD_LL_SetUSBAddress
                0x0800c68c       0x3e ./USB_DEVICE/Target/usbd_conf.o
                0x0800c68c                USBD_LL_SetUSBAddress
 .text.USBD_LL_Transmit
                0x0800c6ca       0x42 ./USB_DEVICE/Target/usbd_conf.o
                0x0800c6ca                USBD_LL_Transmit
 .text.USBD_LL_PrepareReceive
                0x0800c70c       0x42 ./USB_DEVICE/Target/usbd_conf.o
                0x0800c70c                USBD_LL_PrepareReceive
 .text.USBD_LL_GetRxDataSize
                0x0800c74e       0x26 ./USB_DEVICE/Target/usbd_conf.o
                0x0800c74e                USBD_LL_GetRxDataSize
 .text.USBD_static_malloc
                0x0800c774       0x1c ./USB_DEVICE/Target/usbd_conf.o
                0x0800c774                USBD_static_malloc
 .text.USBD_static_free
                0x0800c790       0x14 ./USB_DEVICE/Target/usbd_conf.o
                0x0800c790                USBD_static_free
 .text.USBD_Get_USB_Status
                0x0800c7a4       0x58 ./USB_DEVICE/Target/usbd_conf.o
                0x0800c7a4                USBD_Get_USB_Status
 .text.button_state_determ
                0x0800c7fc      0x178 ./mysource/button.o
                0x0800c7fc                button_state_determ
 .text.but_state_reset
                0x0800c974       0x24 ./mysource/button.o
                0x0800c974                but_state_reset
 .text.main_menu_probe_flag
                0x0800c998       0x2c ./mysource/main_menu.o
 .text.main_menu_settings_flag
                0x0800c9c4       0x30 ./mysource/main_menu.o
 .text.main_menu_info_flag
                0x0800c9f4       0x2c ./mysource/main_menu.o
 .text.main_menu_probe_action
                0x0800ca20       0xec ./mysource/main_menu.o
                0x0800ca20                main_menu_probe_action
 .text.main_menu_settings_action
                0x0800cb0c       0xb4 ./mysource/main_menu.o
                0x0800cb0c                main_menu_settings_action
 .text.main_menu_info_action
                0x0800cbc0       0x58 ./mysource/main_menu.o
                0x0800cbc0                main_menu_info_action
 .text.display_norm_action
                0x0800cc18       0x40 ./mysource/measuring.o
                0x0800cc18                display_norm_action
 .text.measuring_process
                0x0800cc58       0x30 ./mysource/measuring.o
                0x0800cc58                measuring_process
 .text.display_all_measuring_process_and_led
                0x0800cc88      0x1f0 ./mysource/measuring.o
                0x0800cc88                display_all_measuring_process_and_led
 .text.led_off  0x0800ce78       0xb0 ./mysource/measuring.o
                0x0800ce78                led_off
 .text.led_measuring_results_reflection
                0x0800cf28      0x108 ./mysource/measuring.o
                0x0800cf28                led_measuring_results_reflection
 .text.led_accumulation
                0x0800d030      0x44c ./mysource/measuring.o
                0x0800d030                led_accumulation
 .text.conduct_acidity_loading_bar_calculation
                0x0800d47c       0xa4 ./mysource/measuring.o
                0x0800d47c                conduct_acidity_loading_bar_calculation
 .text.display_loading_status
                0x0800d520       0xbe ./mysource/measuring.o
                0x0800d520                display_loading_status
 .text.display_measuring_product
                0x0800d5de       0x5e ./mysource/measuring.o
                0x0800d5de                display_measuring_product
 .text.display_product_norm
                0x0800d63c      0x11c ./mysource/measuring.o
                0x0800d63c                display_product_norm
 .text.display_measuring_text
                0x0800d758      0x130 ./mysource/measuring.o
                0x0800d758                display_measuring_text
 .text.ADC_Select_Channel
                0x0800d888       0x44 ./mysource/measuring.o
                0x0800d888                ADC_Select_Channel
 .text.adc_product_detect
                0x0800d8cc       0x60 ./mysource/measuring.o
                0x0800d8cc                adc_product_detect
 .text.page_select
                0x0800d92c       0x1c ./mysource/page_select.o
                0x0800d92c                page_select
 .text.page_select_by_button
                0x0800d948      0x140 ./mysource/page_select.o
                0x0800d948                page_select_by_button
 .text.page_action
                0x0800da88       0xb8 ./mysource/page_select.o
                0x0800da88                page_action
 .text.SPI_Flash_to_LCD
                0x0800db40       0xa8 ./mysource/page_select.o
                0x0800db40                SPI_Flash_to_LCD
 .text.select_product_list_action
                0x0800dbe8       0x38 ./mysource/product_selection.o
                0x0800dbe8                select_product_list_action
 .text.select_product_id
                0x0800dc20       0x5c ./mysource/product_selection.o
                0x0800dc20                select_product_id
 .text.display_selected_product
                0x0800dc7c      0x2e8 ./mysource/product_selection.o
                0x0800dc7c                display_selected_product
 .text.MPR121_setregister
                0x0800df64       0x34 ./mysource/touch.o
                0x0800df64                MPR121_setregister
 .text.MPR121_readregister
                0x0800df98       0x38 ./mysource/touch.o
                0x0800df98                MPR121_readregister
 .text.touch_slider
                0x0800dfd0      0x260 ./mysource/touch.o
                0x0800dfd0                touch_slider
 .text.touch_init
                0x0800e230      0x138 ./mysource/touch.o
                0x0800e230                touch_init
 .text.W25qxx_Spi
                0x0800e368       0x2c ./w25qxx/w25qxx.o
                0x0800e368                W25qxx_Spi
 .text.W25qxx_ReadID
                0x0800e394       0x70 ./w25qxx/w25qxx.o
                0x0800e394                W25qxx_ReadID
 .text.W25qxx_ReadUniqID
                0x0800e404       0x70 ./w25qxx/w25qxx.o
                0x0800e404                W25qxx_ReadUniqID
 .text.W25qxx_ReadStatusRegister
                0x0800e474       0x90 ./w25qxx/w25qxx.o
                0x0800e474                W25qxx_ReadStatusRegister
 .text.W25qxx_Init
                0x0800e504      0x1a4 ./w25qxx/w25qxx.o
                0x0800e504                W25qxx_Init
 .text.W25qxx_BlockToPage
                0x0800e6a8       0x2c ./w25qxx/w25qxx.o
                0x0800e6a8                W25qxx_BlockToPage
 .text.W25qxx_ReadPage
                0x0800e6d4      0x100 ./w25qxx/w25qxx.o
                0x0800e6d4                W25qxx_ReadPage
 .text.W25qxx_ReadBlock
                0x0800e7d4       0xc4 ./w25qxx/w25qxx.o
                0x0800e7d4                W25qxx_ReadBlock
 .text.sprintf  0x0800e898       0x40 C:/ST/STM32CubeIDE_1.14.1/STM32CubeIDE/plugins/com.st.stm32cube.ide.mcu.externaltools.gnu-tools-for-stm32.12.3.rel1.win32_1.0.100.202403111256/tools/bin/../lib/gcc/arm-none-eabi/12.3.1/../../../../arm-none-eabi/lib/thumb/v7e-m+fp/hard\libc_nano.a(libc_a-sprintf.o)
                0x0800e898                siprintf
                0x0800e898                sprintf
 .text.memset   0x0800e8d8       0x10 C:/ST/STM32CubeIDE_1.14.1/STM32CubeIDE/plugins/com.st.stm32cube.ide.mcu.externaltools.gnu-tools-for-stm32.12.3.rel1.win32_1.0.100.202403111256/tools/bin/../lib/gcc/arm-none-eabi/12.3.1/../../../../arm-none-eabi/lib/thumb/v7e-m+fp/hard\libc_nano.a(libc_a-memset.o)
                0x0800e8d8                memset
 .text.__errno  0x0800e8e8        0xc C:/ST/STM32CubeIDE_1.14.1/STM32CubeIDE/plugins/com.st.stm32cube.ide.mcu.externaltools.gnu-tools-for-stm32.12.3.rel1.win32_1.0.100.202403111256/tools/bin/../lib/gcc/arm-none-eabi/12.3.1/../../../../arm-none-eabi/lib/thumb/v7e-m+fp/hard\libc_nano.a(libc_a-errno.o)
                0x0800e8e8                __errno
 .text.__libc_init_array
                0x0800e8f4       0x48 C:/ST/STM32CubeIDE_1.14.1/STM32CubeIDE/plugins/com.st.stm32cube.ide.mcu.externaltools.gnu-tools-for-stm32.12.3.rel1.win32_1.0.100.202403111256/tools/bin/../lib/gcc/arm-none-eabi/12.3.1/../../../../arm-none-eabi/lib/thumb/v7e-m+fp/hard\libc_nano.a(libc_a-init.o)
                0x0800e8f4                __libc_init_array
 .text.__retarget_lock_acquire_recursive
                0x0800e93c        0x2 C:/ST/STM32CubeIDE_1.14.1/STM32CubeIDE/plugins/com.st.stm32cube.ide.mcu.externaltools.gnu-tools-for-stm32.12.3.rel1.win32_1.0.100.202403111256/tools/bin/../lib/gcc/arm-none-eabi/12.3.1/../../../../arm-none-eabi/lib/thumb/v7e-m+fp/hard\libc_nano.a(libc_a-lock.o)
                0x0800e93c                __retarget_lock_acquire_recursive
 .text.__retarget_lock_release_recursive
                0x0800e93e        0x2 C:/ST/STM32CubeIDE_1.14.1/STM32CubeIDE/plugins/com.st.stm32cube.ide.mcu.externaltools.gnu-tools-for-stm32.12.3.rel1.win32_1.0.100.202403111256/tools/bin/../lib/gcc/arm-none-eabi/12.3.1/../../../../arm-none-eabi/lib/thumb/v7e-m+fp/hard\libc_nano.a(libc_a-lock.o)
                0x0800e93e                __retarget_lock_release_recursive
 .text._free_r  0x0800e940       0x94 C:/ST/STM32CubeIDE_1.14.1/STM32CubeIDE/plugins/com.st.stm32cube.ide.mcu.externaltools.gnu-tools-for-stm32.12.3.rel1.win32_1.0.100.202403111256/tools/bin/../lib/gcc/arm-none-eabi/12.3.1/../../../../arm-none-eabi/lib/thumb/v7e-m+fp/hard\libc_nano.a(libc_a-freer.o)
                0x0800e940                _free_r
 .text.sbrk_aligned
                0x0800e9d4       0x44 C:/ST/STM32CubeIDE_1.14.1/STM32CubeIDE/plugins/com.st.stm32cube.ide.mcu.externaltools.gnu-tools-for-stm32.12.3.rel1.win32_1.0.100.202403111256/tools/bin/../lib/gcc/arm-none-eabi/12.3.1/../../../../arm-none-eabi/lib/thumb/v7e-m+fp/hard\libc_nano.a(libc_a-mallocr.o)
 .text._malloc_r
                0x0800ea18      0x100 C:/ST/STM32CubeIDE_1.14.1/STM32CubeIDE/plugins/com.st.stm32cube.ide.mcu.externaltools.gnu-tools-for-stm32.12.3.rel1.win32_1.0.100.202403111256/tools/bin/../lib/gcc/arm-none-eabi/12.3.1/../../../../arm-none-eabi/lib/thumb/v7e-m+fp/hard\libc_nano.a(libc_a-mallocr.o)
                0x0800ea18                _malloc_r
 .text.__malloc_lock
                0x0800eb18        0xc C:/ST/STM32CubeIDE_1.14.1/STM32CubeIDE/plugins/com.st.stm32cube.ide.mcu.externaltools.gnu-tools-for-stm32.12.3.rel1.win32_1.0.100.202403111256/tools/bin/../lib/gcc/arm-none-eabi/12.3.1/../../../../arm-none-eabi/lib/thumb/v7e-m+fp/hard\libc_nano.a(libc_a-mlock.o)
                0x0800eb18                __malloc_lock
 .text.__malloc_unlock
                0x0800eb24        0xc C:/ST/STM32CubeIDE_1.14.1/STM32CubeIDE/plugins/com.st.stm32cube.ide.mcu.externaltools.gnu-tools-for-stm32.12.3.rel1.win32_1.0.100.202403111256/tools/bin/../lib/gcc/arm-none-eabi/12.3.1/../../../../arm-none-eabi/lib/thumb/v7e-m+fp/hard\libc_nano.a(libc_a-mlock.o)
                0x0800eb24                __malloc_unlock
 .text.__ssputs_r
                0x0800eb30       0xb6 C:/ST/STM32CubeIDE_1.14.1/STM32CubeIDE/plugins/com.st.stm32cube.ide.mcu.externaltools.gnu-tools-for-stm32.12.3.rel1.win32_1.0.100.202403111256/tools/bin/../lib/gcc/arm-none-eabi/12.3.1/../../../../arm-none-eabi/lib/thumb/v7e-m+fp/hard\libc_nano.a(libc_a-nano-svfprintf.o)
                0x0800eb30                __ssputs_r
 *fill*         0x0800ebe6        0x2 
 .text._svfprintf_r
                0x0800ebe8      0x1f8 C:/ST/STM32CubeIDE_1.14.1/STM32CubeIDE/plugins/com.st.stm32cube.ide.mcu.externaltools.gnu-tools-for-stm32.12.3.rel1.win32_1.0.100.202403111256/tools/bin/../lib/gcc/arm-none-eabi/12.3.1/../../../../arm-none-eabi/lib/thumb/v7e-m+fp/hard\libc_nano.a(libc_a-nano-svfprintf.o)
                0x0800ebe8                _svfiprintf_r
                0x0800ebe8                _svfprintf_r
 .text._printf_common
                0x0800ede0       0xda C:/ST/STM32CubeIDE_1.14.1/STM32CubeIDE/plugins/com.st.stm32cube.ide.mcu.externaltools.gnu-tools-for-stm32.12.3.rel1.win32_1.0.100.202403111256/tools/bin/../lib/gcc/arm-none-eabi/12.3.1/../../../../arm-none-eabi/lib/thumb/v7e-m+fp/hard\libc_nano.a(libc_a-nano-vfprintf_i.o)
                0x0800ede0                _printf_common
 *fill*         0x0800eeba        0x2 
 .text._printf_i
                0x0800eebc      0x240 C:/ST/STM32CubeIDE_1.14.1/STM32CubeIDE/plugins/com.st.stm32cube.ide.mcu.externaltools.gnu-tools-for-stm32.12.3.rel1.win32_1.0.100.202403111256/tools/bin/../lib/gcc/arm-none-eabi/12.3.1/../../../../arm-none-eabi/lib/thumb/v7e-m+fp/hard\libc_nano.a(libc_a-nano-vfprintf_i.o)
                0x0800eebc                _printf_i
 .text.memmove  0x0800f0fc       0x34 C:/ST/STM32CubeIDE_1.14.1/STM32CubeIDE/plugins/com.st.stm32cube.ide.mcu.externaltools.gnu-tools-for-stm32.12.3.rel1.win32_1.0.100.202403111256/tools/bin/../lib/gcc/arm-none-eabi/12.3.1/../../../../arm-none-eabi/lib/thumb/v7e-m+fp/hard\libc_nano.a(libc_a-memmove.o)
                0x0800f0fc                memmove
 .text._sbrk_r  0x0800f130       0x20 C:/ST/STM32CubeIDE_1.14.1/STM32CubeIDE/plugins/com.st.stm32cube.ide.mcu.externaltools.gnu-tools-for-stm32.12.3.rel1.win32_1.0.100.202403111256/tools/bin/../lib/gcc/arm-none-eabi/12.3.1/../../../../arm-none-eabi/lib/thumb/v7e-m+fp/hard\libc_nano.a(libc_a-sbrkr.o)
                0x0800f130                _sbrk_r
 .text.memcpy   0x0800f150       0x1c C:/ST/STM32CubeIDE_1.14.1/STM32CubeIDE/plugins/com.st.stm32cube.ide.mcu.externaltools.gnu-tools-for-stm32.12.3.rel1.win32_1.0.100.202403111256/tools/bin/../lib/gcc/arm-none-eabi/12.3.1/../../../../arm-none-eabi/lib/thumb/v7e-m+fp/hard\libc_nano.a(libc_a-memcpy-stub.o)
                0x0800f150                memcpy
 .text._realloc_r
                0x0800f16c       0x5c C:/ST/STM32CubeIDE_1.14.1/STM32CubeIDE/plugins/com.st.stm32cube.ide.mcu.externaltools.gnu-tools-for-stm32.12.3.rel1.win32_1.0.100.202403111256/tools/bin/../lib/gcc/arm-none-eabi/12.3.1/../../../../arm-none-eabi/lib/thumb/v7e-m+fp/hard\libc_nano.a(libc_a-reallocr.o)
                0x0800f16c                _realloc_r
 .text._malloc_usable_size_r
                0x0800f1c8       0x10 C:/ST/STM32CubeIDE_1.14.1/STM32CubeIDE/plugins/com.st.stm32cube.ide.mcu.externaltools.gnu-tools-for-stm32.12.3.rel1.win32_1.0.100.202403111256/tools/bin/../lib/gcc/arm-none-eabi/12.3.1/../../../../arm-none-eabi/lib/thumb/v7e-m+fp/hard\libc_nano.a(libc_a-msizer.o)
                0x0800f1c8                _malloc_usable_size_r
 *(.glue_7)
 .glue_7        0x0800f1d8        0x0 linker stubs
 *(.glue_7t)
 .glue_7t       0x0800f1d8        0x0 linker stubs
 *(.eh_frame)
 .eh_frame      0x0800f1d8        0x0 C:/ST/STM32CubeIDE_1.14.1/STM32CubeIDE/plugins/com.st.stm32cube.ide.mcu.externaltools.gnu-tools-for-stm32.12.3.rel1.win32_1.0.100.202403111256/tools/bin/../lib/gcc/arm-none-eabi/12.3.1/thumb/v7e-m+fp/hard/crtbegin.o
 *(.init)
 .init          0x0800f1d8        0x4 C:/ST/STM32CubeIDE_1.14.1/STM32CubeIDE/plugins/com.st.stm32cube.ide.mcu.externaltools.gnu-tools-for-stm32.12.3.rel1.win32_1.0.100.202403111256/tools/bin/../lib/gcc/arm-none-eabi/12.3.1/thumb/v7e-m+fp/hard/crti.o
                0x0800f1d8                _init
 .init          0x0800f1dc        0x8 C:/ST/STM32CubeIDE_1.14.1/STM32CubeIDE/plugins/com.st.stm32cube.ide.mcu.externaltools.gnu-tools-for-stm32.12.3.rel1.win32_1.0.100.202403111256/tools/bin/../lib/gcc/arm-none-eabi/12.3.1/thumb/v7e-m+fp/hard/crtn.o
 *(.fini)
 .fini          0x0800f1e4        0x4 C:/ST/STM32CubeIDE_1.14.1/STM32CubeIDE/plugins/com.st.stm32cube.ide.mcu.externaltools.gnu-tools-for-stm32.12.3.rel1.win32_1.0.100.202403111256/tools/bin/../lib/gcc/arm-none-eabi/12.3.1/thumb/v7e-m+fp/hard/crti.o
                0x0800f1e4                _fini
 .fini          0x0800f1e8        0x8 C:/ST/STM32CubeIDE_1.14.1/STM32CubeIDE/plugins/com.st.stm32cube.ide.mcu.externaltools.gnu-tools-for-stm32.12.3.rel1.win32_1.0.100.202403111256/tools/bin/../lib/gcc/arm-none-eabi/12.3.1/thumb/v7e-m+fp/hard/crtn.o
                0x0800f1f0                        . = ALIGN (0x4)
                0x0800f1f0                        _etext = .

.vfp11_veneer   0x0800f1f0        0x0
 .vfp11_veneer  0x0800f1f0        0x0 linker stubs

.v4_bx          0x0800f1f0        0x0
 .v4_bx         0x0800f1f0        0x0 linker stubs

.iplt           0x0800f1f0        0x0
 .iplt          0x0800f1f0        0x0 C:/ST/STM32CubeIDE_1.14.1/STM32CubeIDE/plugins/com.st.stm32cube.ide.mcu.externaltools.gnu-tools-for-stm32.12.3.rel1.win32_1.0.100.202403111256/tools/bin/../lib/gcc/arm-none-eabi/12.3.1/thumb/v7e-m+fp/hard/crtbegin.o

.rodata         0x0800f1f0     0x2b00
                0x0800f1f0                        . = ALIGN (0x4)
 *(.rodata)
 .rodata        0x0800f1f0       0x46 ./USB_DEVICE/App/usbd_desc.o
 *fill*         0x0800f236        0x2 
 .rodata        0x0800f238       0x10 ./mysource/measuring.o
 .rodata        0x0800f248      0x1c8 ./mysource/product_struct.o
 *(.rodata*)
 .rodata.AHBPrescTable
                0x0800f410       0x10 ./Core/Src/system_stm32f4xx.o
                0x0800f410                AHBPrescTable
 .rodata.APBPrescTable
                0x0800f420        0x8 ./Core/Src/system_stm32f4xx.o
                0x0800f420                APBPrescTable
 .rodata.flagBitshiftOffset.0
                0x0800f428        0x8 ./Drivers/STM32F4xx_HAL_Driver/Src/stm32f4xx_hal_dma.o
 .rodata.Font7x10
                0x0800f430      0x76c ./ST7735_src/fonts.o
 .rodata.Font11x18
                0x0800fb9c      0xd5c ./ST7735_src/fonts.o
 .rodata.Font16x26
                0x080108f8     0x134c ./ST7735_src/fonts.o
 .rodata.init_cmds1
                0x08011c44       0x3b ./ST7735_src/st7735.o
 *fill*         0x08011c7f        0x1 
 .rodata.init_cmds2
                0x08011c80        0xf ./ST7735_src/st7735.o
 *fill*         0x08011c8f        0x1 
 .rodata.init_cmds3
                0x08011c90       0x2b ./ST7735_src/st7735.o
 .rodata._svfprintf_r.str1.1
                0x08011cbb       0x11 C:/ST/STM32CubeIDE_1.14.1/STM32CubeIDE/plugins/com.st.stm32cube.ide.mcu.externaltools.gnu-tools-for-stm32.12.3.rel1.win32_1.0.100.202403111256/tools/bin/../lib/gcc/arm-none-eabi/12.3.1/../../../../arm-none-eabi/lib/thumb/v7e-m+fp/hard\libc_nano.a(libc_a-nano-svfprintf.o)
 .rodata._printf_i.str1.1
                0x08011ccc       0x22 C:/ST/STM32CubeIDE_1.14.1/STM32CubeIDE/plugins/com.st.stm32cube.ide.mcu.externaltools.gnu-tools-for-stm32.12.3.rel1.win32_1.0.100.202403111256/tools/bin/../lib/gcc/arm-none-eabi/12.3.1/../../../../arm-none-eabi/lib/thumb/v7e-m+fp/hard\libc_nano.a(libc_a-nano-vfprintf_i.o)
                0x08011cf0                        . = ALIGN (0x4)
 *fill*         0x08011cee        0x2 

.ARM.extab      0x08011cf0        0x0
                0x08011cf0                        . = ALIGN (0x4)
 *(.ARM.extab* .gnu.linkonce.armextab.*)
                0x08011cf0                        . = ALIGN (0x4)

.ARM            0x08011cf0        0x8
                0x08011cf0                        . = ALIGN (0x4)
                0x08011cf0                        __exidx_start = .
 *(.ARM.exidx*)
 .ARM.exidx     0x08011cf0        0x8 C:/ST/STM32CubeIDE_1.14.1/STM32CubeIDE/plugins/com.st.stm32cube.ide.mcu.externaltools.gnu-tools-for-stm32.12.3.rel1.win32_1.0.100.202403111256/tools/bin/../lib/gcc/arm-none-eabi/12.3.1/../../../../arm-none-eabi/lib/thumb/v7e-m+fp/hard\libc_nano.a(libc_a-memchr.o)
 .ARM.exidx     0x08011cf8        0x0 C:/ST/STM32CubeIDE_1.14.1/STM32CubeIDE/plugins/com.st.stm32cube.ide.mcu.externaltools.gnu-tools-for-stm32.12.3.rel1.win32_1.0.100.202403111256/tools/bin/../lib/gcc/arm-none-eabi/12.3.1/thumb/v7e-m+fp/hard\libgcc.a(_udivmoddi4.o)
                                  0x8 (size before relaxing)
                0x08011cf8                        __exidx_end = .
                0x08011cf8                        . = ALIGN (0x4)

.rel.dyn        0x08011cf8        0x0
 .rel.iplt      0x08011cf8        0x0 C:/ST/STM32CubeIDE_1.14.1/STM32CubeIDE/plugins/com.st.stm32cube.ide.mcu.externaltools.gnu-tools-for-stm32.12.3.rel1.win32_1.0.100.202403111256/tools/bin/../lib/gcc/arm-none-eabi/12.3.1/thumb/v7e-m+fp/hard/crtbegin.o

.preinit_array  0x08011cf8        0x0
                0x08011cf8                        . = ALIGN (0x4)
                0x08011cf8                        PROVIDE (__preinit_array_start = .)
 *(.preinit_array*)
                0x08011cf8                        PROVIDE (__preinit_array_end = .)
                0x08011cf8                        . = ALIGN (0x4)

.init_array     0x08011cf8        0x4
                0x08011cf8                        . = ALIGN (0x4)
                0x08011cf8                        PROVIDE (__init_array_start = .)
 *(SORT_BY_NAME(.init_array.*))
 *(.init_array*)
 .init_array    0x08011cf8        0x4 C:/ST/STM32CubeIDE_1.14.1/STM32CubeIDE/plugins/com.st.stm32cube.ide.mcu.externaltools.gnu-tools-for-stm32.12.3.rel1.win32_1.0.100.202403111256/tools/bin/../lib/gcc/arm-none-eabi/12.3.1/thumb/v7e-m+fp/hard/crtbegin.o
                0x08011cfc                        PROVIDE (__init_array_end = .)
                0x08011cfc                        . = ALIGN (0x4)

.fini_array     0x08011cfc        0x4
                0x08011cfc                        . = ALIGN (0x4)
                [!provide]                        PROVIDE (__fini_array_start = .)
 *(SORT_BY_NAME(.fini_array.*))
 *(.fini_array*)
 .fini_array    0x08011cfc        0x4 C:/ST/STM32CubeIDE_1.14.1/STM32CubeIDE/plugins/com.st.stm32cube.ide.mcu.externaltools.gnu-tools-for-stm32.12.3.rel1.win32_1.0.100.202403111256/tools/bin/../lib/gcc/arm-none-eabi/12.3.1/thumb/v7e-m+fp/hard/crtbegin.o
                [!provide]                        PROVIDE (__fini_array_end = .)
                0x08011d00                        . = ALIGN (0x4)
                0x08011d00                        _sidata = LOADADDR (.data)

.data           0x20000000      0x634 load address 0x08011d00
                0x20000000                        . = ALIGN (0x4)
                0x20000000                        _sdata = .
 *(.data)
 *(.data*)
 .data.SystemCoreClock
                0x20000000        0x4 ./Core/Src/system_stm32f4xx.o
                0x20000000                SystemCoreClock
 .data.uwTickPrio
                0x20000004        0x4 ./Drivers/STM32F4xx_HAL_Driver/Src/stm32f4xx_hal.o
                0x20000004                uwTickPrio
 .data.uwTickFreq
                0x20000008        0x1 ./Drivers/STM32F4xx_HAL_Driver/Src/stm32f4xx_hal.o
                0x20000008                uwTickFreq
 *fill*         0x20000009        0x3 
 .data.USBD_CDC_DeviceQualifierDesc
                0x2000000c        0xa ./Middlewares/ST/STM32_USB_Device_Library/Class/CDC/Src/usbd_cdc.o
 *fill*         0x20000016        0x2 
 .data.USBD_CDC
                0x20000018       0x38 ./Middlewares/ST/STM32_USB_Device_Library/Class/CDC/Src/usbd_cdc.o
                0x20000018                USBD_CDC
 .data.USBD_CDC_CfgDesc
                0x20000050       0x43 ./Middlewares/ST/STM32_USB_Device_Library/Class/CDC/Src/usbd_cdc.o
 .data.CDCInEpAdd
                0x20000093        0x1 ./Middlewares/ST/STM32_USB_Device_Library/Class/CDC/Src/usbd_cdc.o
 .data.CDCOutEpAdd
                0x20000094        0x1 ./Middlewares/ST/STM32_USB_Device_Library/Class/CDC/Src/usbd_cdc.o
 .data.CDCCmdEpAdd
                0x20000095        0x1 ./Middlewares/ST/STM32_USB_Device_Library/Class/CDC/Src/usbd_cdc.o
 *fill*         0x20000096        0x2 
 .data.Font_7x10
                0x20000098        0x8 ./ST7735_src/fonts.o
                0x20000098                Font_7x10
 .data.Font_11x18
                0x200000a0        0x8 ./ST7735_src/fonts.o
                0x200000a0                Font_11x18
 .data.Font_16x26
                0x200000a8        0x8 ./ST7735_src/fonts.o
                0x200000a8                Font_16x26
 .data.USBD_Interface_fops_FS
                0x200000b0       0x14 ./USB_DEVICE/App/usbd_cdc_if.o
                0x200000b0                USBD_Interface_fops_FS
 .data.FS_Desc  0x200000c4       0x1c ./USB_DEVICE/App/usbd_desc.o
                0x200000c4                FS_Desc
 .data.USBD_FS_DeviceDesc
                0x200000e0       0x12 ./USB_DEVICE/App/usbd_desc.o
                0x200000e0                USBD_FS_DeviceDesc
 *fill*         0x200000f2        0x2 
 .data.USBD_LangIDDesc
                0x200000f4        0x4 ./USB_DEVICE/App/usbd_desc.o
                0x200000f4                USBD_LangIDDesc
 .data.USBD_StringSerial
                0x200000f8       0x1a ./USB_DEVICE/App/usbd_desc.o
                0x200000f8                USBD_StringSerial
 .data.gl_led_pwm_state
                0x20000112        0x1 ./mysource/measuring.o
                0x20000112                gl_led_pwm_state
 *fill*         0x20000113        0x1 
 .data.current_page
                0x20000114        0x2 ./mysource/page_select.o
                0x20000114                current_page
 .data.gl_selected_flag
                0x20000116        0x1 ./mysource/product_selection.o
                0x20000116                gl_selected_flag
 *fill*         0x20000117        0x1 
 .data.product_array
                0x20000118      0x4c4 ./mysource/product_struct.o
                0x20000118                product_array
 .data.touch_thrsh
                0x200005dc        0x5 ./mysource/touch.o
                0x200005dc                touch_thrsh
 .data.first_touch
                0x200005e1        0x1 ./mysource/touch.o
                0x200005e1                first_touch
 .data.second_touch
                0x200005e2        0x1 ./mysource/touch.o
                0x200005e2                second_touch
 *fill*         0x200005e3        0x1 
 .data._impure_ptr
                0x200005e4        0x4 C:/ST/STM32CubeIDE_1.14.1/STM32CubeIDE/plugins/com.st.stm32cube.ide.mcu.externaltools.gnu-tools-for-stm32.12.3.rel1.win32_1.0.100.202403111256/tools/bin/../lib/gcc/arm-none-eabi/12.3.1/../../../../arm-none-eabi/lib/thumb/v7e-m+fp/hard\libc_nano.a(libc_a-impure.o)
                0x200005e4                _impure_ptr
 .data._impure_data
                0x200005e8       0x4c C:/ST/STM32CubeIDE_1.14.1/STM32CubeIDE/plugins/com.st.stm32cube.ide.mcu.externaltools.gnu-tools-for-stm32.12.3.rel1.win32_1.0.100.202403111256/tools/bin/../lib/gcc/arm-none-eabi/12.3.1/../../../../arm-none-eabi/lib/thumb/v7e-m+fp/hard\libc_nano.a(libc_a-impure.o)
                0x200005e8                _impure_data
 *(.RamFunc)
 *(.RamFunc*)
                0x20000634                        . = ALIGN (0x4)
                0x20000634                        _edata = .

.igot.plt       0x20000634        0x0 load address 0x08012334
 .igot.plt      0x20000634        0x0 C:/ST/STM32CubeIDE_1.14.1/STM32CubeIDE/plugins/com.st.stm32cube.ide.mcu.externaltools.gnu-tools-for-stm32.12.3.rel1.win32_1.0.100.202403111256/tools/bin/../lib/gcc/arm-none-eabi/12.3.1/thumb/v7e-m+fp/hard/crtbegin.o
                0x20000634                        . = ALIGN (0x4)

.bss            0x20000634     0x18e8 load address 0x08012334
                0x20000634                        _sbss = .
                0x20000634                        __bss_start__ = _sbss
 *(.bss)
 .bss           0x20000634       0x1c C:/ST/STM32CubeIDE_1.14.1/STM32CubeIDE/plugins/com.st.stm32cube.ide.mcu.externaltools.gnu-tools-for-stm32.12.3.rel1.win32_1.0.100.202403111256/tools/bin/../lib/gcc/arm-none-eabi/12.3.1/thumb/v7e-m+fp/hard/crtbegin.o
 *(.bss*)
 .bss.hadc1     0x20000650       0x48 ./Core/Src/main.o
                0x20000650                hadc1
 .bss.hi2c1     0x20000698       0x54 ./Core/Src/main.o
                0x20000698                hi2c1
 .bss.hrtc      0x200006ec       0x20 ./Core/Src/main.o
                0x200006ec                hrtc
 .bss.hspi1     0x2000070c       0x58 ./Core/Src/main.o
                0x2000070c                hspi1
 .bss.hdma_spi1_rx
                0x20000764       0x60 ./Core/Src/main.o
                0x20000764                hdma_spi1_rx
 .bss.hdma_spi1_tx
                0x200007c4       0x60 ./Core/Src/main.o
                0x200007c4                hdma_spi1_tx
 .bss.htim1     0x20000824       0x48 ./Core/Src/main.o
                0x20000824                htim1
 .bss.htim2     0x2000086c       0x48 ./Core/Src/main.o
                0x2000086c                htim2
 .bss.htim3     0x200008b4       0x48 ./Core/Src/main.o
                0x200008b4                htim3
 .bss.htim4     0x200008fc       0x48 ./Core/Src/main.o
                0x200008fc                htim4
 .bss.touch_irq
                0x20000944        0x1 ./Core/Src/main.o
                0x20000944                touch_irq
 .bss.gl_id_to_display
                0x20000945        0x1 ./Core/Src/main.o
                0x20000945                gl_id_to_display
 .bss.CH3_DC    0x20000946        0x2 ./Core/Src/stm32f4xx_it.o
                0x20000946                CH3_DC
 .bss.ch3_counter
                0x20000948        0x2 ./Core/Src/stm32f4xx_it.o
                0x20000948                ch3_counter
 .bss.gl_counter_1000hz_tim2
                0x2000094a        0x2 ./Core/Src/stm32f4xx_it.o
                0x2000094a                gl_counter_1000hz_tim2
 .bss.gl_int_5hz_tim2
                0x2000094c        0x1 ./Core/Src/stm32f4xx_it.o
                0x2000094c                gl_int_5hz_tim2
 .bss.gl_int_5hz_tim2_for_pic
                0x2000094d        0x1 ./Core/Src/stm32f4xx_it.o
                0x2000094d                gl_int_5hz_tim2_for_pic
 .bss.led_1hz_counter
                0x2000094e        0x1 ./Core/Src/stm32f4xx_it.o
                0x2000094e                led_1hz_counter
 .bss.gl_led_color_result_blink_counter
                0x2000094f        0x1 ./Core/Src/stm32f4xx_it.o
                0x2000094f                gl_led_color_result_blink_counter
 .bss.gl_touch_change_id
                0x20000950        0x1 ./Core/Src/stm32f4xx_it.o
                0x20000950                gl_touch_change_id
 *fill*         0x20000951        0x1 
 .bss.gl_touch_accel
                0x20000952        0x2 ./Core/Src/stm32f4xx_it.o
                0x20000952                gl_touch_accel
 .bss.gl_touch_accel_inc
                0x20000954        0x2 ./Core/Src/stm32f4xx_it.o
                0x20000954                gl_touch_accel_inc
 *fill*         0x20000956        0x2 
 .bss.__sbrk_heap_end
                0x20000958        0x4 ./Core/Src/sysmem.o
 .bss.uwTick    0x2000095c        0x4 ./Drivers/STM32F4xx_HAL_Driver/Src/stm32f4xx_hal.o
                0x2000095c                uwTick
 .bss.cfgidx.0  0x20000960        0x1 ./Middlewares/ST/STM32_USB_Device_Library/Core/Src/usbd_ctlreq.o
 *fill*         0x20000961        0x3 
 .bss.hUsbDeviceFS
                0x20000964      0x2dc ./USB_DEVICE/App/usb_device.o
                0x20000964                hUsbDeviceFS
 .bss.UserRxBufferFS
                0x20000c40      0x400 ./USB_DEVICE/App/usbd_cdc_if.o
                0x20000c40                UserRxBufferFS
 .bss.UserTxBufferFS
                0x20001040      0x400 ./USB_DEVICE/App/usbd_cdc_if.o
                0x20001040                UserTxBufferFS
 .bss.USBD_StrDesc
                0x20001440      0x200 ./USB_DEVICE/App/usbd_desc.o
                0x20001440                USBD_StrDesc
 .bss.hpcd_USB_OTG_FS
                0x20001640      0x50c ./USB_DEVICE/Target/usbd_conf.o
                0x20001640                hpcd_USB_OTG_FS
 .bss.mem.0     0x20001b4c      0x220 ./USB_DEVICE/Target/usbd_conf.o
 .bss.but_state_left
                0x20001d6c        0x1 ./mysource/button.o
                0x20001d6c                but_state_left
 .bss.but_state_right
                0x20001d6d        0x1 ./mysource/button.o
                0x20001d6d                but_state_right
 .bss.short_state_l
                0x20001d6e        0x1 ./mysource/button.o
                0x20001d6e                short_state_l
 .bss.long_state_l
                0x20001d6f        0x1 ./mysource/button.o
                0x20001d6f                long_state_l
 .bss.time_key_l
                0x20001d70        0x4 ./mysource/button.o
                0x20001d70                time_key_l
 .bss.short_state_r
                0x20001d74        0x1 ./mysource/button.o
                0x20001d74                short_state_r
 .bss.long_state_r
                0x20001d75        0x1 ./mysource/button.o
                0x20001d75                long_state_r
 *fill*         0x20001d76        0x2 
 .bss.time_key_r
                0x20001d78        0x4 ./mysource/button.o
                0x20001d78                time_key_r
 .bss.but_flag_ext
                0x20001d7c        0x1 ./mysource/button.o
                0x20001d7c                but_flag_ext
 *fill*         0x20001d7d        0x3 
 .bss.menu_flag
                0x20001d80        0x8 ./mysource/main_menu.o
                0x20001d80                menu_flag
 .bss.gl_led_increment
                0x20001d88        0x1 ./mysource/measuring.o
                0x20001d88                gl_led_increment
 .bss.gl_loading_bar_stop_flag
                0x20001d89        0x1 ./mysource/measuring.o
                0x20001d89                gl_loading_bar_stop_flag
 .bss.gl_product_detect
                0x20001d8a        0x1 ./mysource/measuring.o
                0x20001d8a                gl_product_detect
 *fill*         0x20001d8b        0x1 
 .bss.gl_selected_pause
                0x20001d8c        0x2 ./mysource/product_selection.o
                0x20001d8c                gl_selected_pause
 *fill*         0x20001d8e        0x2 
 .bss.prod_sel_flag
                0x20001d90        0x9 ./mysource/product_selection.o
                0x20001d90                prod_sel_flag
 *fill*         0x20001d99        0x3 
 .bss.capreadbuffer
                0x20001d9c        0xa ./mysource/touch.o
                0x20001d9c                capreadbuffer
 .bss.test1     0x20001da6        0x1 ./mysource/touch.o
                0x20001da6                test1
 .bss.left_treshold
                0x20001da7        0x1 ./mysource/touch.o
                0x20001da7                left_treshold
 .bss.right_treshold
                0x20001da8        0x1 ./mysource/touch.o
                0x20001da8                right_treshold
 .bss.touch_direction
                0x20001da9        0x1 ./mysource/touch.o
                0x20001da9                touch_direction
 *fill*         0x20001daa        0x2 
 .bss.w25qxx    0x20001dac       0x28 ./w25qxx/w25qxx.o
                0x20001dac                w25qxx
 .bss.__sf      0x20001dd4      0x138 C:/ST/STM32CubeIDE_1.14.1/STM32CubeIDE/plugins/com.st.stm32cube.ide.mcu.externaltools.gnu-tools-for-stm32.12.3.rel1.win32_1.0.100.202403111256/tools/bin/../lib/gcc/arm-none-eabi/12.3.1/../../../../arm-none-eabi/lib/thumb/v7e-m+fp/hard\libc_nano.a(libc_a-findfp.o)
                0x20001dd4                __sf
 .bss.errno     0x20001f0c        0x4 C:/ST/STM32CubeIDE_1.14.1/STM32CubeIDE/plugins/com.st.stm32cube.ide.mcu.externaltools.gnu-tools-for-stm32.12.3.rel1.win32_1.0.100.202403111256/tools/bin/../lib/gcc/arm-none-eabi/12.3.1/../../../../arm-none-eabi/lib/thumb/v7e-m+fp/hard\libc_nano.a(libc_a-reent.o)
                0x20001f0c                errno
 .bss.__lock___malloc_recursive_mutex