../ST7735_src/st7735.c:87:6:ST7735_Select	8	static
../ST7735_src/st7735.c:91:6:ST7735_Unselect	8	static
../ST7735_src/st7735.c:95:6:ST7735_Reset	8	static
../ST7735_src/st7735.c:101:6:ST7735_WriteCommand	16	static
../ST7735_src/st7735.c:106:13:ST7735_WriteData	16	static
../ST7735_src/st7735.c:111:13:ST7735_ExecuteCommandList	24	static
../ST7735_src/st7735.c:137:13:ST7735_SetAddressWindow	32	static
../ST7735_src/st7735.c:153:6:ST7735_Init	8	static
../ST7735_src/st7735.c:162:6:ST7735_DrawPixel	24	static
../ST7735_src/st7735.c:173:6:ST7735_WriteChar	48	static
../ST7735_src/st7735.c:227:6:ST7735_WriteString	32	static
../ST7735_src/st7735.c:253:6:ST7735_FillRectangle	32	static
../ST7735_src/st7735.c:273:6:ST7735_FillScreen	24	static
../ST7735_src/st7735.c:277:6:ST7735_DrawImage	24	static
../ST7735_src/st7735.c:288:6:ST7735_InvertColors	16	static
