../Core/Src/stm32f4xx_hal_msp.c:69:6:HAL_MspInit	8	static
../Core/Src/stm32f4xx_hal_msp.c:91:6:HAL_ADC_MspInit	40	static
../Core/Src/stm32f4xx_hal_msp.c:126:6:HAL_ADC_MspDeInit	0	static
../Core/Src/stm32f4xx_hal_msp.c:156:6:HAL_I2C_MspInit	48	static
../Core/Src/stm32f4xx_hal_msp.c:192:6:HAL_I2C_MspDeInit	8	static
../Core/Src/stm32f4xx_hal_msp.c:223:6:HAL_RTC_MspInit	32	static
../Core/Src/stm32f4xx_hal_msp.c:256:6:HAL_RTC_MspDeInit	0	static
../Core/Src/stm32f4xx_hal_msp.c:278:6:HAL_SPI_MspInit	48	static
../Core/Src/stm32f4xx_hal_msp.c:352:6:HAL_SPI_MspDeInit	8	static
../Core/Src/stm32f4xx_hal_msp.c:385:6:HAL_TIM_Base_MspInit	24	static
../Core/Src/stm32f4xx_hal_msp.c:432:6:HAL_TIM_PWM_MspInit	8	static
../Core/Src/stm32f4xx_hal_msp.c:448:6:HAL_TIM_MspPostInit	40	static
../Core/Src/stm32f4xx_hal_msp.c:521:6:HAL_TIM_Base_MspDeInit	0	static
../Core/Src/stm32f4xx_hal_msp.c:568:6:HAL_TIM_PWM_MspDeInit	0	static
../Core/Src/stm32f4xx_hal_msp.c:590:6:HAL_HCD_MspInit	48	static
../Core/Src/stm32f4xx_hal_msp.c:626:6:HAL_HCD_MspDeInit	0	static
