19:05:18 **** Incremental Build of configuration Debug for project CubeMx ****
make -j16 all 
arm-none-eabi-gcc "../mysource/page_select.c" -mcpu=cortex-m4 -std=gnu11 -g3 -DDEBUG -DUSE_HAL_DRIVER -DSTM32F401xC -c -I../Core/Inc -I"C:/Users/user/Documents/GIT_WORKSPACE/NTFR_SW_V2/CubeMx/ST7735_inc" -I"C:/Users/user/Documents/GIT_WORKSPACE/NTFR_SW_V2/CubeMx/w25qxx" -I"C:/Users/user/Documents/GIT_WORKSPACE/NTFR_SW_V2/CubeMx/mysource" -I"C:/Users/user/Documents/GIT_WORKSPACE/NTFR_SW_V2/CubeMx/ST7735_src" -I../Drivers/STM32F4xx_HAL_Driver/Inc -I../Drivers/STM32F4xx_HAL_Driver/Inc/Legacy -I../Drivers/CMSIS/Device/ST/STM32F4xx/Include -I../Drivers/CMSIS/Include -I../USB_DEVICE/App -I../USB_DEVICE/Target -I../Middlewares/ST/STM32_USB_Device_Library/Core/Inc -I../Middlewares/ST/STM32_USB_Device_Library/Class/CDC/Inc -O0 -ffunction-sections -fdata-sections -Wall -fstack-usage -fcyclomatic-complexity -MMD -MP -MF"mysource/page_select.d" -MT"mysource/page_select.o" --specs=nano.specs -mfpu=fpv4-sp-d16 -mfloat-abi=hard -mthumb -o "mysource/page_select.o"
../mysource/page_select.c: In function 'SPI_Flash_to_LCD':
../mysource/page_select.c:62:26: warning: passing argument 1 of 'W25qxx_ReadBlock' from incompatible pointer type [-Wincompatible-pointer-types]
   62 |         W25qxx_ReadBlock(img_buffer, block, offset, img_byte_amount);
      |                          ^~~~~~~~~~
      |                          |
      |                          uint16_t * {aka short unsigned int *}
In file included from ../mysource/allmyheaders.h:23,
                 from ../mysource/page_select.h:11,
                 from ../mysource/page_select.c:8:
C:/Users/user/Documents/GIT_WORKSPACE/NTFR_SW_V2/CubeMx/w25qxx/w25qxx.h:105:40: note: expected 'uint8_t *' {aka 'unsigned char *'} but argument is of type 'uint16_t *' {aka 'short unsigned int *'}
  105 |         void W25qxx_ReadBlock(uint8_t *pBuffer, uint32_t Block_Address, uint32_t OffsetInByte, uint32_t NumByteToRead_up_to_BlockSize);
      |                               ~~~~~~~~~^~~~~~~
../mysource/page_select.c: In function 'page_select_by_button':
../mysource/page_select.c:37:1: warning: control reaches end of non-void function [-Wreturn-type]
   37 | }
      | ^
arm-none-eabi-gcc -o "CubeMx.elf" @"objects.list"   -mcpu=cortex-m4 -T"C:\Users\user\Documents\GIT_WORKSPACE\NTFR_SW_V2\CubeMx\STM32F401RCTX_FLASH.ld" --specs=nosys.specs -Wl,-Map="CubeMx.map" -Wl,--gc-sections -static --specs=nano.specs -mfpu=fpv4-sp-d16 -mfloat-abi=hard -mthumb -Wl,--start-group -lc -lm -Wl,--end-group
C:/ST/STM32CubeIDE_1.14.1/STM32CubeIDE/plugins/com.st.stm32cube.ide.mcu.externaltools.gnu-tools-for-stm32.12.3.rel1.win32_1.0.100.202403111256/tools/bin/../lib/gcc/arm-none-eabi/12.3.1/../../../../arm-none-eabi/bin/ld.exe: warning: CubeMx.elf has a LOAD segment with RWX permissions
Finished building target: CubeMx.elf
 
arm-none-eabi-size  CubeMx.elf 
arm-none-eabi-objdump -h -S CubeMx.elf  > "CubeMx.list"
arm-none-eabi-objcopy  -O ihex CubeMx.elf  "CubeMx.hex"
   text	   data	    bss	    dec	    hex	filename
  61032	   1580	   7892	  70504	  11368	CubeMx.elf
Finished building: default.size.stdout
 
Finished building: CubeMx.hex
 
Finished building: CubeMx.list
 

19:05:19 Build Finished. 0 errors, 3 warnings. (took 856ms)

