16:44:15 **** Incremental Build of configuration Debug for project CubeMx ****
make -j16 all 
arm-none-eabi-gcc "../mysource/main_menu.c" -mcpu=cortex-m4 -std=gnu11 -g3 -DDEBUG -DUSE_HAL_DRIVER -DSTM32F401xC -c -I../Core/Inc -I"C:/Users/user/Documents/GIT_WORKSPACE/NTFR_SW_V2/CubeMx/ST7735_inc" -I"C:/Users/user/Documents/GIT_WORKSPACE/NTFR_SW_V2/CubeMx/w25qxx" -I"C:/Users/user/Documents/GIT_WORKSPACE/NTFR_SW_V2/CubeMx/mysource" -I"C:/Users/user/Documents/GIT_WORKSPACE/NTFR_SW_V2/CubeMx/ST7735_src" -I../Drivers/STM32F4xx_HAL_Driver/Inc -I../Drivers/STM32F4xx_HAL_Driver/Inc/Legacy -I../Drivers/CMSIS/Device/ST/STM32F4xx/Include -I../Drivers/CMSIS/Include -I../USB_DEVICE/App -I../USB_DEVICE/Target -I../Middlewares/ST/STM32_USB_Device_Library/Core/Inc -I../Middlewares/ST/STM32_USB_Device_Library/Class/CDC/Inc -O0 -ffunction-sections -fdata-sections -Wall -fstack-usage -fcyclomatic-complexity -MMD -MP -MF"mysource/main_menu.d" -MT"mysource/main_menu.o" --specs=nano.specs -mfpu=fpv4-sp-d16 -mfloat-abi=hard -mthumb -o "mysource/main_menu.o"
arm-none-eabi-gcc -o "CubeMx.elf" @"objects.list"   -mcpu=cortex-m4 -T"C:\Users\user\Documents\GIT_WORKSPACE\NTFR_SW_V2\CubeMx\STM32F401RCTX_FLASH.ld" --specs=nosys.specs -Wl,-Map="CubeMx.map" -Wl,--gc-sections -static --specs=nano.specs -mfpu=fpv4-sp-d16 -mfloat-abi=hard -mthumb -Wl,--start-group -lc -lm -Wl,--end-group
C:/ST/STM32CubeIDE_1.14.1/STM32CubeIDE/plugins/com.st.stm32cube.ide.mcu.externaltools.gnu-tools-for-stm32.12.3.rel1.win32_1.0.100.202403111256/tools/bin/../lib/gcc/arm-none-eabi/12.3.1/../../../../arm-none-eabi/bin/ld.exe: warning: CubeMx.elf has a LOAD segment with RWX permissions
Finished building target: CubeMx.elf
 
arm-none-eabi-size  CubeMx.elf 
arm-none-eabi-objdump -h -S CubeMx.elf  > "CubeMx.list"
arm-none-eabi-objcopy  -O ihex CubeMx.elf  "CubeMx.hex"
   text	   data	    bss	    dec	    hex	filename
  72940	   1596	   7916	  82452	  14214	CubeMx.elf
Finished building: default.size.stdout
 
Finished building: CubeMx.hex
 
Finished building: CubeMx.list
 
16:44:18 **** Incremental Build of configuration Debug for project CubeMx ****
make -j16 all 
arm-none-eabi-size  CubeMx.elf 
   text	   data	    bss	    dec	    hex	filename
  72940	   1596	   7916	  82452	  14214	CubeMx.elf
Finished building: default.size.stdout
 
17:00:37 **** Incremental Build of configuration Debug for project CubeMx ****
make -j16 all 
arm-none-eabi-gcc "../mysource/main_menu.c" -mcpu=cortex-m4 -std=gnu11 -g3 -DDEBUG -DUSE_HAL_DRIVER -DSTM32F401xC -c -I../Core/Inc -I"C:/Users/user/Documents/GIT_WORKSPACE/NTFR_SW_V2/CubeMx/ST7735_inc" -I"C:/Users/user/Documents/GIT_WORKSPACE/NTFR_SW_V2/CubeMx/w25qxx" -I"C:/Users/user/Documents/GIT_WORKSPACE/NTFR_SW_V2/CubeMx/mysource" -I"C:/Users/user/Documents/GIT_WORKSPACE/NTFR_SW_V2/CubeMx/ST7735_src" -I../Drivers/STM32F4xx_HAL_Driver/Inc -I../Drivers/STM32F4xx_HAL_Driver/Inc/Legacy -I../Drivers/CMSIS/Device/ST/STM32F4xx/Include -I../Drivers/CMSIS/Include -I../USB_DEVICE/App -I../USB_DEVICE/Target -I../Middlewares/ST/STM32_USB_Device_Library/Core/Inc -I../Middlewares/ST/STM32_USB_Device_Library/Class/CDC/Inc -O0 -ffunction-sections -fdata-sections -Wall -fstack-usage -fcyclomatic-complexity -MMD -MP -MF"mysource/main_menu.d" -MT"mysource/main_menu.o" --specs=nano.specs -mfpu=fpv4-sp-d16 -mfloat-abi=hard -mthumb -o "mysource/main_menu.o"
arm-none-eabi-gcc -o "CubeMx.elf" @"objects.list"   -mcpu=cortex-m4 -T"C:\Users\user\Documents\GIT_WORKSPACE\NTFR_SW_V2\CubeMx\STM32F401RCTX_FLASH.ld" --specs=nosys.specs -Wl,-Map="CubeMx.map" -Wl,--gc-sections -static --specs=nano.specs -mfpu=fpv4-sp-d16 -mfloat-abi=hard -mthumb -Wl,--start-group -lc -lm -Wl,--end-group
C:/ST/STM32CubeIDE_1.14.1/STM32CubeIDE/plugins/com.st.stm32cube.ide.mcu.externaltools.gnu-tools-for-stm32.12.3.rel1.win32_1.0.100.202403111256/tools/bin/../lib/gcc/arm-none-eabi/12.3.1/../../../../arm-none-eabi/bin/ld.exe: warning: CubeMx.elf has a LOAD segment with RWX permissions
Finished building target: CubeMx.elf
 
arm-none-eabi-size  CubeMx.elf 
arm-none-eabi-objdump -h -S CubeMx.elf  > "CubeMx.list"
arm-none-eabi-objcopy  -O ihex CubeMx.elf  "CubeMx.hex"
   text	   data	    bss	    dec	    hex	filename
  72944	   1596	   7916	  82456	  14218	CubeMx.elf
Finished building: default.size.stdout
 
Finished building: CubeMx.hex
 
Finished building: CubeMx.list
 
17:02:12 **** Incremental Build of configuration Debug for project CubeMx ****
make -j16 all 
arm-none-eabi-gcc "../mysource/main_menu.c" -mcpu=cortex-m4 -std=gnu11 -g3 -DDEBUG -DUSE_HAL_DRIVER -DSTM32F401xC -c -I../Core/Inc -I"C:/Users/user/Documents/GIT_WORKSPACE/NTFR_SW_V2/CubeMx/ST7735_inc" -I"C:/Users/user/Documents/GIT_WORKSPACE/NTFR_SW_V2/CubeMx/w25qxx" -I"C:/Users/user/Documents/GIT_WORKSPACE/NTFR_SW_V2/CubeMx/mysource" -I"C:/Users/user/Documents/GIT_WORKSPACE/NTFR_SW_V2/CubeMx/ST7735_src" -I../Drivers/STM32F4xx_HAL_Driver/Inc -I../Drivers/STM32F4xx_HAL_Driver/Inc/Legacy -I../Drivers/CMSIS/Device/ST/STM32F4xx/Include -I../Drivers/CMSIS/Include -I../USB_DEVICE/App -I../USB_DEVICE/Target -I../Middlewares/ST/STM32_USB_Device_Library/Core/Inc -I../Middlewares/ST/STM32_USB_Device_Library/Class/CDC/Inc -O0 -ffunction-sections -fdata-sections -Wall -fstack-usage -fcyclomatic-complexity -MMD -MP -MF"mysource/main_menu.d" -MT"mysource/main_menu.o" --specs=nano.specs -mfpu=fpv4-sp-d16 -mfloat-abi=hard -mthumb -o "mysource/main_menu.o"
arm-none-eabi-gcc -o "CubeMx.elf" @"objects.list"   -mcpu=cortex-m4 -T"C:\Users\user\Documents\GIT_WORKSPACE\NTFR_SW_V2\CubeMx\STM32F401RCTX_FLASH.ld" --specs=nosys.specs -Wl,-Map="CubeMx.map" -Wl,--gc-sections -static --specs=nano.specs -mfpu=fpv4-sp-d16 -mfloat-abi=hard -mthumb -Wl,--start-group -lc -lm -Wl,--end-group
C:/ST/STM32CubeIDE_1.14.1/STM32CubeIDE/plugins/com.st.stm32cube.ide.mcu.externaltools.gnu-tools-for-stm32.12.3.rel1.win32_1.0.100.202403111256/tools/bin/../lib/gcc/arm-none-eabi/12.3.1/../../../../arm-none-eabi/bin/ld.exe: warning: CubeMx.elf has a LOAD segment with RWX permissions
Finished building target: CubeMx.elf
 
arm-none-eabi-size  CubeMx.elf 
arm-none-eabi-objdump -h -S CubeMx.elf  > "CubeMx.list"
arm-none-eabi-objcopy  -O ihex CubeMx.elf  "CubeMx.hex"
   text	   data	    bss	    dec	    hex	filename
  72960	   1596	   7916	  82472	  14228	CubeMx.elf
Finished building: default.size.stdout
 
Finished building: CubeMx.hex
 
Finished building: CubeMx.list
 
17:03:14 **** Incremental Build of configuration Debug for project CubeMx ****
make -j16 all 
arm-none-eabi-gcc "../mysource/main_menu.c" -mcpu=cortex-m4 -std=gnu11 -g3 -DDEBUG -DUSE_HAL_DRIVER -DSTM32F401xC -c -I../Core/Inc -I"C:/Users/user/Documents/GIT_WORKSPACE/NTFR_SW_V2/CubeMx/ST7735_inc" -I"C:/Users/user/Documents/GIT_WORKSPACE/NTFR_SW_V2/CubeMx/w25qxx" -I"C:/Users/user/Documents/GIT_WORKSPACE/NTFR_SW_V2/CubeMx/mysource" -I"C:/Users/user/Documents/GIT_WORKSPACE/NTFR_SW_V2/CubeMx/ST7735_src" -I../Drivers/STM32F4xx_HAL_Driver/Inc -I../Drivers/STM32F4xx_HAL_Driver/Inc/Legacy -I../Drivers/CMSIS/Device/ST/STM32F4xx/Include -I../Drivers/CMSIS/Include -I../USB_DEVICE/App -I../USB_DEVICE/Target -I../Middlewares/ST/STM32_USB_Device_Library/Core/Inc -I../Middlewares/ST/STM32_USB_Device_Library/Class/CDC/Inc -O0 -ffunction-sections -fdata-sections -Wall -fstack-usage -fcyclomatic-complexity -MMD -MP -MF"mysource/main_menu.d" -MT"mysource/main_menu.o" --specs=nano.specs -mfpu=fpv4-sp-d16 -mfloat-abi=hard -mthumb -o "mysource/main_menu.o"
arm-none-eabi-gcc -o "CubeMx.elf" @"objects.list"   -mcpu=cortex-m4 -T"C:\Users\user\Documents\GIT_WORKSPACE\NTFR_SW_V2\CubeMx\STM32F401RCTX_FLASH.ld" --specs=nosys.specs -Wl,-Map="CubeMx.map" -Wl,--gc-sections -static --specs=nano.specs -mfpu=fpv4-sp-d16 -mfloat-abi=hard -mthumb -Wl,--start-group -lc -lm -Wl,--end-group
C:/ST/STM32CubeIDE_1.14.1/STM32CubeIDE/plugins/com.st.stm32cube.ide.mcu.externaltools.gnu-tools-for-stm32.12.3.rel1.win32_1.0.100.202403111256/tools/bin/../lib/gcc/arm-none-eabi/12.3.1/../../../../arm-none-eabi/bin/ld.exe: warning: CubeMx.elf has a LOAD segment with RWX permissions
Finished building target: CubeMx.elf
 
arm-none-eabi-size  CubeMx.elf 
arm-none-eabi-objdump -h -S CubeMx.elf  > "CubeMx.list"
arm-none-eabi-objcopy  -O ihex CubeMx.elf  "CubeMx.hex"
   text	   data	    bss	    dec	    hex	filename
  72940	   1596	   7916	  82452	  14214	CubeMx.elf
Finished building: default.size.stdout
 
Finished building: CubeMx.hex
 
Finished building: CubeMx.list
 
