12:47:06 **** Incremental Build of configuration Debug for project testpwr ****
make -j16 all 
arm-none-eabi-gcc "../Core/Src/main.c" -mcpu=cortex-m4 -std=gnu11 -g3 -DDEBUG -DUSE_HAL_DRIVER -DSTM32F401xC -c -I../Core/Inc -I../Drivers/STM32F4xx_HAL_Driver/Inc -I../Drivers/STM32F4xx_HAL_Driver/Inc/Legacy -I../Drivers/CMSIS/Device/ST/STM32F4xx/Include -I../Drivers/CMSIS/Include -O0 -ffunction-sections -fdata-sections -Wall -fstack-usage -fcyclomatic-complexity -MMD -MP -MF"Core/Src/main.d" -MT"Core/Src/main.o" --specs=nano.specs -mfpu=fpv4-sp-d16 -mfloat-abi=hard -mthumb -o "Core/Src/main.o"
arm-none-eabi-gcc -o "testpwr.elf" @"objects.list"   -mcpu=cortex-m4 -T"C:\Users\user\Documents\GIT_WORKSPACE\NTFR_SW_V2\testpwr\STM32F401RCTX_FLASH.ld" --specs=nosys.specs -Wl,-Map="testpwr.map" -Wl,--gc-sections -static --specs=nano.specs -mfpu=fpv4-sp-d16 -mfloat-abi=hard -mthumb -Wl,--start-group -lc -lm -Wl,--end-group
Finished building target: testpwr.elf
 
arm-none-eabi-size  testpwr.elf 
arm-none-eabi-objdump -h -S testpwr.elf  > "testpwr.list"
arm-none-eabi-objcopy  -O ihex testpwr.elf  "testpwr.hex"
   text	   data	    bss	    dec	    hex	filename
   5880	     12	   1572	   7464	   1d28	testpwr.elf
Finished building: default.size.stdout
 
Finished building: testpwr.hex
 
Finished building: testpwr.list
 

12:47:08 Build Finished. 0 errors, 0 warnings. (took 1s.866ms)

